Archive member included to satisfy reference by file (symbol)

c:/st/stm32cubeide_1.11.0/stm32cubeide/plugins/com.st.stm32cube.ide.mcu.externaltools.gnu-tools-for-stm32.10.3-2021.10.win32_1.0.200.202301161003/tools/bin/../lib/gcc/arm-none-eabi/10.3.1/../../../../arm-none-eabi/lib/thumb/v7e-m+fp/hard\libc_nano.a(lib_a-errno.o)
                              ./Core/Src/syscalls.o (__errno)
c:/st/stm32cubeide_1.11.0/stm32cubeide/plugins/com.st.stm32cube.ide.mcu.externaltools.gnu-tools-for-stm32.10.3-2021.10.win32_1.0.200.202301161003/tools/bin/../lib/gcc/arm-none-eabi/10.3.1/../../../../arm-none-eabi/lib/thumb/v7e-m+fp/hard\libc_nano.a(lib_a-exit.o)
                              c:/st/stm32cubeide_1.11.0/stm32cubeide/plugins/com.st.stm32cube.ide.mcu.externaltools.gnu-tools-for-stm32.10.3-2021.10.win32_1.0.200.202301161003/tools/bin/../lib/gcc/arm-none-eabi/10.3.1/../../../../arm-none-eabi/lib/thumb/v7e-m+fp/hard/crt0.o (exit)
c:/st/stm32cubeide_1.11.0/stm32cubeide/plugins/com.st.stm32cube.ide.mcu.externaltools.gnu-tools-for-stm32.10.3-2021.10.win32_1.0.200.202301161003/tools/bin/../lib/gcc/arm-none-eabi/10.3.1/../../../../arm-none-eabi/lib/thumb/v7e-m+fp/hard\libc_nano.a(lib_a-impure.o)
                              c:/st/stm32cubeide_1.11.0/stm32cubeide/plugins/com.st.stm32cube.ide.mcu.externaltools.gnu-tools-for-stm32.10.3-2021.10.win32_1.0.200.202301161003/tools/bin/../lib/gcc/arm-none-eabi/10.3.1/../../../../arm-none-eabi/lib/thumb/v7e-m+fp/hard\libc_nano.a(lib_a-exit.o) (_global_impure_ptr)
c:/st/stm32cubeide_1.11.0/stm32cubeide/plugins/com.st.stm32cube.ide.mcu.externaltools.gnu-tools-for-stm32.10.3-2021.10.win32_1.0.200.202301161003/tools/bin/../lib/gcc/arm-none-eabi/10.3.1/../../../../arm-none-eabi/lib/thumb/v7e-m+fp/hard\libc_nano.a(lib_a-init.o)
                              c:/st/stm32cubeide_1.11.0/stm32cubeide/plugins/com.st.stm32cube.ide.mcu.externaltools.gnu-tools-for-stm32.10.3-2021.10.win32_1.0.200.202301161003/tools/bin/../lib/gcc/arm-none-eabi/10.3.1/../../../../arm-none-eabi/lib/thumb/v7e-m+fp/hard/crt0.o (__libc_init_array)
c:/st/stm32cubeide_1.11.0/stm32cubeide/plugins/com.st.stm32cube.ide.mcu.externaltools.gnu-tools-for-stm32.10.3-2021.10.win32_1.0.200.202301161003/tools/bin/../lib/gcc/arm-none-eabi/10.3.1/../../../../arm-none-eabi/lib/thumb/v7e-m+fp/hard\libc_nano.a(lib_a-memcpy-stub.o)
                              ./Core/Src/MY_NRF24.o (memcpy)
c:/st/stm32cubeide_1.11.0/stm32cubeide/plugins/com.st.stm32cube.ide.mcu.externaltools.gnu-tools-for-stm32.10.3-2021.10.win32_1.0.200.202301161003/tools/bin/../lib/gcc/arm-none-eabi/10.3.1/../../../../arm-none-eabi/lib/thumb/v7e-m+fp/hard\libc_nano.a(lib_a-memset.o)
                              c:/st/stm32cubeide_1.11.0/stm32cubeide/plugins/com.st.stm32cube.ide.mcu.externaltools.gnu-tools-for-stm32.10.3-2021.10.win32_1.0.200.202301161003/tools/bin/../lib/gcc/arm-none-eabi/10.3.1/../../../../arm-none-eabi/lib/thumb/v7e-m+fp/hard/crt0.o (memset)
c:/st/stm32cubeide_1.11.0/stm32cubeide/plugins/com.st.stm32cube.ide.mcu.externaltools.gnu-tools-for-stm32.10.3-2021.10.win32_1.0.200.202301161003/tools/bin/../lib/gcc/arm-none-eabi/10.3.1/../../../../arm-none-eabi/lib/thumb/v7e-m+fp/hard\libc_nano.a(lib_a-sprintf.o)
                              ./Core/Src/MY_NRF24.o (sprintf)
c:/st/stm32cubeide_1.11.0/stm32cubeide/plugins/com.st.stm32cube.ide.mcu.externaltools.gnu-tools-for-stm32.10.3-2021.10.win32_1.0.200.202301161003/tools/bin/../lib/gcc/arm-none-eabi/10.3.1/../../../../arm-none-eabi/lib/thumb/v7e-m+fp/hard\libc_nano.a(lib_a-strlen.o)
                              ./Core/Src/MY_NRF24.o (strlen)
c:/st/stm32cubeide_1.11.0/stm32cubeide/plugins/com.st.stm32cube.ide.mcu.externaltools.gnu-tools-for-stm32.10.3-2021.10.win32_1.0.200.202301161003/tools/bin/../lib/gcc/arm-none-eabi/10.3.1/../../../../arm-none-eabi/lib/thumb/v7e-m+fp/hard\libc_nano.a(lib_a-nano-svfprintf.o)
                              c:/st/stm32cubeide_1.11.0/stm32cubeide/plugins/com.st.stm32cube.ide.mcu.externaltools.gnu-tools-for-stm32.10.3-2021.10.win32_1.0.200.202301161003/tools/bin/../lib/gcc/arm-none-eabi/10.3.1/../../../../arm-none-eabi/lib/thumb/v7e-m+fp/hard\libc_nano.a(lib_a-sprintf.o) (_svfprintf_r)
c:/st/stm32cubeide_1.11.0/stm32cubeide/plugins/com.st.stm32cube.ide.mcu.externaltools.gnu-tools-for-stm32.10.3-2021.10.win32_1.0.200.202301161003/tools/bin/../lib/gcc/arm-none-eabi/10.3.1/../../../../arm-none-eabi/lib/thumb/v7e-m+fp/hard\libc_nano.a(lib_a-nano-vfprintf_i.o)
                              c:/st/stm32cubeide_1.11.0/stm32cubeide/plugins/com.st.stm32cube.ide.mcu.externaltools.gnu-tools-for-stm32.10.3-2021.10.win32_1.0.200.202301161003/tools/bin/../lib/gcc/arm-none-eabi/10.3.1/../../../../arm-none-eabi/lib/thumb/v7e-m+fp/hard\libc_nano.a(lib_a-nano-svfprintf.o) (_printf_i)
[...]
Memory Configuration

Name             Origin             Length             Attributes
RAM              0x0000000020000000 0x0000000000010000 xrw
FLASH            0x0000000008000000 0x0000000000040000 xr
*default*        0x0000000000000000 0xffffffffffffffff

Linker script and memory map

LOAD c:/st/stm32cubeide_1.11.0/stm32cubeide/plugins/com.st.stm32cube.ide.mcu.externaltools.gnu-tools-for-stm32.10.3-2021.10.win32_1.0.200.202301161003/tools/bin/../lib/gcc/arm-none-eabi/10.3.1/thumb/v7e-m+fp/hard/crti.o
LOAD c:/st/stm32cubeide_1.11.0/stm32cubeide/plugins/com.st.stm32cube.ide.mcu.externaltools.gnu-tools-for-stm32.10.3-2021.10.win32_1.0.200.202301161003/tools/bin/../lib/gcc/arm-none-eabi/10.3.1/thumb/v7e-m+fp/hard/crtbegin.o
LOAD c:/st/stm32cubeide_1.11.0/stm32cubeide/plugins/com.st.stm32cube.ide.mcu.externaltools.gnu-tools-for-stm32.10.3-2021.10.win32_1.0.200.202301161003/tools/bin/../lib/gcc/arm-none-eabi/10.3.1/../../../../arm-none-eabi/lib/thumb/v7e-m+fp/hard/crt0.o
LOAD ./Core/Src/MY_NRF24.o
LOAD ./Core/Src/main.o
LOAD ./Core/Src/nrf_helper.o
LOAD ./Core/Src/stm32f4xx_hal_msp.o
LOAD ./Core/Src/stm32f4xx_it.o
LOAD ./Core/Src/syscalls.o
LOAD ./Core/Src/sysmem.o
LOAD ./Core/Src/system_stm32f4xx.o
LOAD ./Core/Src/utilities.o
LOAD ./Core/Startup/startup_stm32f401ccux.o
LOAD ./Drivers/STM32F4xx_HAL_Driver/Src/stm32f4xx_hal.o
LOAD ./Drivers/STM32F4xx_HAL_Driver/Src/stm32f4xx_hal_adc.o
LOAD ./Drivers/STM32F4xx_HAL_Driver/Src/stm32f4xx_hal_adc_ex.o
LOAD ./Drivers/STM32F4xx_HAL_Driver/Src/stm32f4xx_hal_cortex.o
LOAD ./Drivers/STM32F4xx_HAL_Driver/Src/stm32f4xx_hal_dma.o
LOAD ./Drivers/STM32F4xx_HAL_Driver/Src/stm32f4xx_hal_dma_ex.o
LOAD ./Drivers/STM32F4xx_HAL_Driver/Src/stm32f4xx_hal_exti.o
LOAD ./Drivers/STM32F4xx_HAL_Driver/Src/stm32f4xx_hal_flash.o
LOAD ./Drivers/STM32F4xx_HAL_Driver/Src/stm32f4xx_hal_flash_ex.o
LOAD ./Drivers/STM32F4xx_HAL_Driver/Src/stm32f4xx_hal_flash_ramfunc.o
LOAD ./Drivers/STM32F4xx_HAL_Driver/Src/stm32f4xx_hal_gpio.o
LOAD ./Drivers/STM32F4xx_HAL_Driver/Src/stm32f4xx_hal_pwr.o
LOAD ./Drivers/STM32F4xx_HAL_Driver/Src/stm32f4xx_hal_pwr_ex.o
LOAD ./Drivers/STM32F4xx_HAL_Driver/Src/stm32f4xx_hal_rcc.o
LOAD ./Drivers/STM32F4xx_HAL_Driver/Src/stm32f4xx_hal_rcc_ex.o
LOAD ./Drivers/STM32F4xx_HAL_Driver/Src/stm32f4xx_hal_spi.o
LOAD ./Drivers/STM32F4xx_HAL_Driver/Src/stm32f4xx_hal_tim.o
LOAD ./Drivers/STM32F4xx_HAL_Driver/Src/stm32f4xx_hal_tim_ex.o
LOAD ./Drivers/STM32F4xx_HAL_Driver/Src/stm32f4xx_hal_uart.o
LOAD ./Drivers/STM32F4xx_HAL_Driver/Src/stm32f4xx_ll_adc.o
START GROUP
LOAD c:/st/stm32cubeide_1.11.0/stm32cubeide/plugins/com.st.stm32cube.ide.mcu.externaltools.gnu-tools-for-stm32.10.3-2021.10.win32_1.0.200.202301161003/tools/bin/../lib/gcc/arm-none-eabi/10.3.1/../../../../arm-none-eabi/lib/thumb/v7e-m+fp/hard\libc_nano.a
LOAD c:/st/stm32cubeide_1.11.0/stm32cubeide/plugins/com.st.stm32cube.ide.mcu.externaltools.gnu-tools-for-stm32.10.3-2021.10.win32_1.0.200.202301161003/tools/bin/../lib/gcc/arm-none-eabi/10.3.1/../../../../arm-none-eabi/lib/thumb/v7e-m+fp/hard\libm.a
END GROUP
START GROUP
LOAD c:/st/stm32cubeide_1.11.0/stm32cubeide/plugins/com.st.stm32cube.ide.mcu.externaltools.gnu-tools-for-stm32.10.3-2021.10.win32_1.0.200.202301161003/tools/bin/../lib/gcc/arm-none-eabi/10.3.1/thumb/v7e-m+fp/hard\libgcc.a
LOAD c:/st/stm32cubeide_1.11.0/stm32cubeide/plugins/com.st.stm32cube.ide.mcu.externaltools.gnu-tools-for-stm32.10.3-2021.10.win32_1.0.200.202301161003/tools/bin/../lib/gcc/arm-none-eabi/10.3.1/../../../../arm-none-eabi/lib/thumb/v7e-m+fp/hard\libc_nano.a
END GROUP
START GROUP
LOAD c:/st/stm32cubeide_1.11.0/stm32cubeide/plugins/com.st.stm32cube.ide.mcu.externaltools.gnu-tools-for-stm32.10.3-2021.10.win32_1.0.200.202301161003/tools/bin/../lib/gcc/arm-none-eabi/10.3.1/thumb/v7e-m+fp/hard\libgcc.a
LOAD c:/st/stm32cubeide_1.11.0/stm32cubeide/plugins/com.st.stm32cube.ide.mcu.externaltools.gnu-tools-for-stm32.10.3-2021.10.win32_1.0.200.202301161003/tools/bin/../lib/gcc/arm-none-eabi/10.3.1/../../../../arm-none-eabi/lib/thumb/v7e-m+fp/hard\libc_nano.a
LOAD c:/st/stm32cubeide_1.11.0/stm32cubeide/plugins/com.st.stm32cube.ide.mcu.externaltools.gnu-tools-for-stm32.10.3-2021.10.win32_1.0.200.202301161003/tools/bin/../lib/gcc/arm-none-eabi/10.3.1/../../../../arm-none-eabi/lib/thumb/v7e-m+fp/hard\libnosys.a
END GROUP
START GROUP
LOAD c:/st/stm32cubeide_1.11.0/stm32cubeide/plugins/com.st.stm32cube.ide.mcu.externaltools.gnu-tools-for-stm32.10.3-2021.10.win32_1.0.200.202301161003/tools/bin/../lib/gcc/arm-none-eabi/10.3.1/thumb/v7e-m+fp/hard\libgcc.a
LOAD c:/st/stm32cubeide_1.11.0/stm32cubeide/plugins/com.st.stm32cube.ide.mcu.externaltools.gnu-tools-for-stm32.10.3-2021.10.win32_1.0.200.202301161003/tools/bin/../lib/gcc/arm-none-eabi/10.3.1/../../../../arm-none-eabi/lib/thumb/v7e-m+fp/hard\libc_nano.a
LOAD c:/st/stm32cubeide_1.11.0/stm32cubeide/plugins/com.st.stm32cube.ide.mcu.externaltools.gnu-tools-for-stm32.10.3-2021.10.win32_1.0.200.202301161003/tools/bin/../lib/gcc/arm-none-eabi/10.3.1/../../../../arm-none-eabi/lib/thumb/v7e-m+fp/hard\libnosys.a
END GROUP
LOAD c:/st/stm32cubeide_1.11.0/stm32cubeide/plugins/com.st.stm32cube.ide.mcu.externaltools.gnu-tools-for-stm32.10.3-2021.10.win32_1.0.200.202301161003/tools/bin/../lib/gcc/arm-none-eabi/10.3.1/thumb/v7e-m+fp/hard/crtend.o
LOAD c:/st/stm32cubeide_1.11.0/stm32cubeide/plugins/com.st.stm32cube.ide.mcu.externaltools.gnu-tools-for-stm32.10.3-2021.10.win32_1.0.200.202301161003/tools/bin/../lib/gcc/arm-none-eabi/10.3.1/thumb/v7e-m+fp/hard/crtn.o
                0x0000000020010000                _estack = (ORIGIN (RAM) + LENGTH (RAM))
                0x0000000000000200                _Min_Heap_Size = 0x200
                0x0000000000000400                _Min_Stack_Size = 0x400

.isr_vector     0x0000000008000000      0x194
                0x0000000008000000                . = ALIGN (0x4)
 *(.isr_vector)
 .isr_vector    0x0000000008000000      0x194 ./Core/Startup/startup_stm32f401ccux.o
                0x0000000008000000                g_pfnVectors
                0x0000000008000194                . = ALIGN (0x4)

.text           0x00000000080001a0     0x5078
                0x00000000080001a0                . = ALIGN (0x4)
 *(.text)
 .text          0x00000000080001a0       0x40 c:/st/stm32cubeide_1.11.0/stm32cubeide/plugins/com.st.stm32cube.ide.mcu.externaltools.gnu-tools-for-stm32.10.3-2021.10.win32_1.0.200.202301161003/tools/bin/../lib/gcc/arm-none-eabi/10.3.1/thumb/v7e-m+fp/hard/crtbegin.o
 .text          0x00000000080001e0       0x10 c:/st/stm32cubeide_1.11.0/stm32cubeide/plugins/com.st.stm32cube.ide.mcu.externaltools.gnu-tools-for-stm32.10.3-2021.10.win32_1.0.200.202301161003/tools/bin/../lib/gcc/arm-none-eabi/10.3.1/../../../../arm-none-eabi/lib/thumb/v7e-m+fp/hard\libc_nano.a(lib_a-strlen.o)
                0x00000000080001e0                strlen
 .text          0x00000000080001f0       0xa0 c:/st/stm32cubeide_1.11.0/stm32cubeide/plugins/com.st.stm32cube.ide.mcu.externaltools.gnu-tools-for-stm32.10.3-2021.10.win32_1.0.200.202301161003/tools/bin/../lib/gcc/arm-none-eabi/10.3.1/../../../../arm-none-eabi/lib/thumb/v7e-m+fp/hard\libc_nano.a(lib_a-memchr.o)
                0x00000000080001f0                memchr
 .text          0x0000000008000290       0x30 c:/st/stm32cubeide_1.11.0/stm32cubeide/plugins/com.st.stm32cube.ide.mcu.externaltools.gnu-tools-for-stm32.10.3-2021.10.win32_1.0.200.202301161003/tools/bin/../lib/gcc/arm-none-eabi/10.3.1/thumb/v7e-m+fp/hard\libgcc.a(_aeabi_uldivmod.o)
                0x0000000008000290                __aeabi_uldivmod
 .text          0x00000000080002c0      0x2d0 c:/st/stm32cubeide_1.11.0/stm32cubeide/plugins/com.st.stm32cube.ide.mcu.externaltools.gnu-tools-for-stm32.10.3-2021.10.win32_1.0.200.202301161003/tools/bin/../lib/gcc/arm-none-eabi/10.3.1/thumb/v7e-m+fp/hard\libgcc.a(_udivmoddi4.o)
                0x00000000080002c0                __udivmoddi4
 .text          0x0000000008000590        0x4 c:/st/stm32cubeide_1.11.0/stm32cubeide/plugins/com.st.stm32cube.ide.mcu.externaltools.gnu-tools-for-stm32.10.3-2021.10.win32_1.0.200.202301161003/tools/bin/../lib/gcc/arm-none-eabi/10.3.1/thumb/v7e-m+fp/hard\libgcc.a(_dvmd_tls.o)
                0x0000000008000590                __aeabi_idiv0
                0x0000000008000590                __aeabi_ldiv0
 *(.text*)
 .text.NRF24_DelayMicroSeconds
                0x0000000008000594       0x44 ./Core/Src/MY_NRF24.o
                0x0000000008000594                NRF24_DelayMicroSeconds
 .text.NRF24_csn
                0x00000000080005d8       0x40 ./Core/Src/MY_NRF24.o
                0x00000000080005d8                NRF24_csn
 .text.NRF24_ce
                0x0000000008000618       0x40 ./Core/Src/MY_NRF24.o
                0x0000000008000618                NRF24_ce
 .text.NRF24_read_register
                0x0000000008000658       0x50 ./Core/Src/MY_NRF24.o
                0x0000000008000658                NRF24_read_register
 .text.NRF24_read_registerN
                0x00000000080006a8       0x50 ./Core/Src/MY_NRF24.o
                0x00000000080006a8                NRF24_read_registerN
 .text.NRF24_write_register
                0x00000000080006f8       0x44 ./Core/Src/MY_NRF24.o
                0x00000000080006f8                NRF24_write_register
 .text.NRF24_write_registerN
                0x000000000800073c       0x50 ./Core/Src/MY_NRF24.o
                0x000000000800073c                NRF24_write_registerN
 .text.NRF24_write_payload
                0x000000000800078c       0x44 ./Core/Src/MY_NRF24.o
                0x000000000800078c                NRF24_write_payload
 .text.NRF24_flush_tx
                0x00000000080007d0       0x10 ./Core/Src/MY_NRF24.o
                0x00000000080007d0                NRF24_flush_tx
 .text.NRF24_flush_rx
                0x00000000080007e0       0x10 ./Core/Src/MY_NRF24.o
                0x00000000080007e0                NRF24_flush_rx
 .text.NRF24_get_status
                0x00000000080007f0       0x1a ./Core/Src/MY_NRF24.o
                0x00000000080007f0                NRF24_get_status
 *fill*         0x000000000800080a        0x2 
 .text.NRF24_begin
                0x000000000800080c      0x1c0 ./Core/Src/MY_NRF24.o
                0x000000000800080c                NRF24_begin
 .text.NRF24_stopListening
                0x00000000080009cc       0x16 ./Core/Src/MY_NRF24.o
                0x00000000080009cc                NRF24_stopListening
 *fill*         0x00000000080009e2        0x2 
 .text.NRF24_write
                0x00000000080009e4       0x98 ./Core/Src/MY_NRF24.o
                0x00000000080009e4                NRF24_write
 .text.NRF24_available
                0x0000000008000a7c       0x10 ./Core/Src/MY_NRF24.o
                0x0000000008000a7c                NRF24_available
 .text.NRF24_openWritingPipe
                0x0000000008000a8c       0x48 ./Core/Src/MY_NRF24.o
                0x0000000008000a8c                NRF24_openWritingPipe
 .text.NRF24_setRetries
                0x0000000008000ad4       0x36 ./Core/Src/MY_NRF24.o
                0x0000000008000ad4                NRF24_setRetries
 .text.NRF24_setChannel
                0x0000000008000b0a       0x2a ./Core/Src/MY_NRF24.o
                0x0000000008000b0a                NRF24_setChannel
 .text.NRF24_setPayloadSize
                0x0000000008000b34       0x30 ./Core/Src/MY_NRF24.o
                0x0000000008000b34                NRF24_setPayloadSize
 .text.NRF24_getDynamicPayloadSize
                0x0000000008000b64       0x10 ./Core/Src/MY_NRF24.o
                0x0000000008000b64                NRF24_getDynamicPayloadSize
 .text.NRF24_disableDynamicPayloads
                0x0000000008000b74       0x30 ./Core/Src/MY_NRF24.o
                0x0000000008000b74                NRF24_disableDynamicPayloads
 .text.NRF24_setAutoAck
                0x0000000008000ba4       0x2a ./Core/Src/MY_NRF24.o
                0x0000000008000ba4                NRF24_setAutoAck
 .text.NRF24_setPALevel
                0x0000000008000bce       0x72 ./Core/Src/MY_NRF24.o
                0x0000000008000bce                NRF24_setPALevel
 .text.NRF24_setDataRate
                0x0000000008000c40       0x8c ./Core/Src/MY_NRF24.o
                0x0000000008000c40                NRF24_setDataRate
 .text.NRF24_setCRCLength
                0x0000000008000ccc       0x50 ./Core/Src/MY_NRF24.o
                0x0000000008000ccc                NRF24_setCRCLength
 .text.NRF24_powerDown
                0x0000000008000d1c       0x1e ./Core/Src/MY_NRF24.o
                0x0000000008000d1c                NRF24_powerDown
 .text.NRF24_availablePipe
                0x0000000008000d3a       0x60 ./Core/Src/MY_NRF24.o
                0x0000000008000d3a                NRF24_availablePipe
 .text.NRF24_startWrite
                0x0000000008000d9a       0x5e ./Core/Src/MY_NRF24.o
                0x0000000008000d9a                NRF24_startWrite
 .text.NRF24_whatHappened
                0x0000000008000df8       0x66 ./Core/Src/MY_NRF24.o
                0x0000000008000df8                NRF24_whatHappened
 .text.NRF24_resetStatus
                0x0000000008000e5e       0x10 ./Core/Src/MY_NRF24.o
                0x0000000008000e5e                NRF24_resetStatus
 *fill*         0x0000000008000e6e        0x2 
 .text.NRF24_ACTIVATE_cmd
                0x0000000008000e70       0x34 ./Core/Src/MY_NRF24.o
                0x0000000008000e70                NRF24_ACTIVATE_cmd
 .text.printRadioSettings
                0x0000000008000ea4      0x850 ./Core/Src/MY_NRF24.o
                0x0000000008000ea4                printRadioSettings
 .text.nrf24_DebugUART_Init
                0x00000000080016f4       0x30 ./Core/Src/MY_NRF24.o
                0x00000000080016f4                nrf24_DebugUART_Init
 .text.main     0x0000000008001724       0x3c ./Core/Src/main.o
                0x0000000008001724                main
 .text.SystemClock_Config
                0x0000000008001760       0xd4 ./Core/Src/main.o
                0x0000000008001760                SystemClock_Config
 .text.MX_ADC1_Init
                0x0000000008001834       0xa4 ./Core/Src/main.o
 .text.MX_SPI2_Init
                0x00000000080018d8       0x6c ./Core/Src/main.o
 .text.MX_USART2_UART_Init
                0x0000000008001944       0x54 ./Core/Src/main.o
 .text.MX_GPIO_Init
                0x0000000008001998       0xf0 ./Core/Src/main.o
 .text.Error_Handler
                0x0000000008001a88        0xa ./Core/Src/main.o
                0x0000000008001a88                Error_Handler
 *fill*         0x0000000008001a92        0x2 
 .text.nrf_init
                0x0000000008001a94       0x8c ./Core/Src/nrf_helper.o
                0x0000000008001a94                nrf_init
 .text.TRANSMITT_UPDATE_TO_GATEWAY
                0x0000000008001b20       0x74 ./Core/Src/nrf_helper.o
                0x0000000008001b20                TRANSMITT_UPDATE_TO_GATEWAY
 .text.HAL_MspInit
                0x0000000008001b94       0x50 ./Core/Src/stm32f4xx_hal_msp.o
                0x0000000008001b94                HAL_MspInit
 .text.HAL_ADC_MspInit
                0x0000000008001be4       0x88 ./Core/Src/stm32f4xx_hal_msp.o
                0x0000000008001be4                HAL_ADC_MspInit
 .text.HAL_SPI_MspInit
                0x0000000008001c6c       0x90 ./Core/Src/stm32f4xx_hal_msp.o
                0x0000000008001c6c                HAL_SPI_MspInit
 .text.HAL_UART_MspInit
                0x0000000008001cfc       0x90 ./Core/Src/stm32f4xx_hal_msp.o
                0x0000000008001cfc                HAL_UART_MspInit
 .text.NMI_Handler
                0x0000000008001d8c        0x6 ./Core/Src/stm32f4xx_it.o
                0x0000000008001d8c                NMI_Handler
 .text.HardFault_Handler
                0x0000000008001d92        0x6 ./Core/Src/stm32f4xx_it.o
                0x0000000008001d92                HardFault_Handler
 .text.MemManage_Handler
                0x0000000008001d98        0x6 ./Core/Src/stm32f4xx_it.o
                0x0000000008001d98                MemManage_Handler
 .text.BusFault_Handler
                0x0000000008001d9e        0x6 ./Core/Src/stm32f4xx_it.o
                0x0000000008001d9e                BusFault_Handler
 .text.UsageFault_Handler
                0x0000000008001da4        0x6 ./Core/Src/stm32f4xx_it.o
                0x0000000008001da4                UsageFault_Handler
 .text.SVC_Handler
                0x0000000008001daa        0xe ./Core/Src/stm32f4xx_it.o
                0x0000000008001daa                SVC_Handler
 .text.DebugMon_Handler
                0x0000000008001db8        0xe ./Core/Src/stm32f4xx_it.o
                0x0000000008001db8                DebugMon_Handler
 .text.PendSV_Handler
                0x0000000008001dc6        0xe ./Core/Src/stm32f4xx_it.o
                0x0000000008001dc6                PendSV_Handler
 .text.SysTick_Handler
                0x0000000008001dd4        0xc ./Core/Src/stm32f4xx_it.o
                0x0000000008001dd4                SysTick_Handler
 .text._sbrk    0x0000000008001de0       0x6c ./Core/Src/sysmem.o
                0x0000000008001de0                _sbrk
 .text.SystemInit
                0x0000000008001e4c       0x24 ./Core/Src/system_stm32f4xx.o
                0x0000000008001e4c                SystemInit
 .text.send_DP_sensor_value_to_gateway
                0x0000000008001e70       0x4c ./Core/Src/utilities.o
                0x0000000008001e70                send_DP_sensor_value_to_gateway
 .text.Reset_Handler
                0x0000000008001ebc       0x50 ./Core/Startup/startup_stm32f401ccux.o
                0x0000000008001ebc                Reset_Handler
 .text.Default_Handler
                0x0000000008001f0c        0x2 ./Core/Startup/startup_stm32f401ccux.o
                0x0000000008001f0c                RTC_Alarm_IRQHandler
                0x0000000008001f0c                EXTI2_IRQHandler
                0x0000000008001f0c                SPI4_IRQHandler
                0x0000000008001f0c                TIM1_CC_IRQHandler
                0x0000000008001f0c                DMA2_Stream5_IRQHandler
                0x0000000008001f0c                DMA1_Stream5_IRQHandler
                0x0000000008001f0c                PVD_IRQHandler
                0x0000000008001f0c                SDIO_IRQHandler
                0x0000000008001f0c                TAMP_STAMP_IRQHandler
                0x0000000008001f0c                EXTI3_IRQHandler
                0x0000000008001f0c                TIM1_UP_TIM10_IRQHandler
                0x0000000008001f0c                I2C3_ER_IRQHandler
                0x0000000008001f0c                EXTI0_IRQHandler
                0x0000000008001f0c                I2C2_EV_IRQHandler
                0x0000000008001f0c                DMA1_Stream2_IRQHandler
                0x0000000008001f0c                FPU_IRQHandler
                0x0000000008001f0c                DMA2_Stream2_IRQHandler
                0x0000000008001f0c                SPI1_IRQHandler
                0x0000000008001f0c                TIM1_BRK_TIM9_IRQHandler
                0x0000000008001f0c                DMA2_Stream3_IRQHandler
                0x0000000008001f0c                USART6_IRQHandler
                0x0000000008001f0c                DMA2_Stream0_IRQHandler
                0x0000000008001f0c                TIM4_IRQHandler
                0x0000000008001f0c                I2C1_EV_IRQHandler
                0x0000000008001f0c                DMA1_Stream6_IRQHandler
                0x0000000008001f0c                DMA1_Stream1_IRQHandler
                0x0000000008001f0c                TIM3_IRQHandler
                0x0000000008001f0c                RCC_IRQHandler
                0x0000000008001f0c                Default_Handler
                0x0000000008001f0c                EXTI15_10_IRQHandler
                0x0000000008001f0c                ADC_IRQHandler
                0x0000000008001f0c                DMA1_Stream7_IRQHandler
                0x0000000008001f0c                TIM5_IRQHandler
                0x0000000008001f0c                DMA2_Stream7_IRQHandler
                0x0000000008001f0c                I2C3_EV_IRQHandler
                0x0000000008001f0c                EXTI9_5_IRQHandler
                0x0000000008001f0c                RTC_WKUP_IRQHandler
                0x0000000008001f0c                SPI2_IRQHandler
                0x0000000008001f0c                DMA1_Stream0_IRQHandler
                0x0000000008001f0c                EXTI4_IRQHandler
                0x0000000008001f0c                WWDG_IRQHandler
                0x0000000008001f0c                TIM2_IRQHandler
                0x0000000008001f0c                OTG_FS_WKUP_IRQHandler
                0x0000000008001f0c                TIM1_TRG_COM_TIM11_IRQHandler
                0x0000000008001f0c                EXTI1_IRQHandler
                0x0000000008001f0c                USART2_IRQHandler
                0x0000000008001f0c                I2C2_ER_IRQHandler
                0x0000000008001f0c                DMA2_Stream1_IRQHandler
                0x0000000008001f0c                FLASH_IRQHandler
                0x0000000008001f0c                DMA2_Stream4_IRQHandler
                0x0000000008001f0c                USART1_IRQHandler
                0x0000000008001f0c                OTG_FS_IRQHandler
                0x0000000008001f0c                SPI3_IRQHandler
                0x0000000008001f0c                DMA1_Stream4_IRQHandler
                0x0000000008001f0c                I2C1_ER_IRQHandler
                0x0000000008001f0c                DMA2_Stream6_IRQHandler
                0x0000000008001f0c                DMA1_Stream3_IRQHandler
 *fill*         0x0000000008001f0e        0x2 
 .text.HAL_Init
                0x0000000008001f10       0x44 ./Drivers/STM32F4xx_HAL_Driver/Src/stm32f4xx_hal.o
                0x0000000008001f10                HAL_Init
 .text.HAL_InitTick
                0x0000000008001f54       0x60 ./Drivers/STM32F4xx_HAL_Driver/Src/stm32f4xx_hal.o
                0x0000000008001f54                HAL_InitTick
 .text.HAL_IncTick
                0x0000000008001fb4       0x28 ./Drivers/STM32F4xx_HAL_Driver/Src/stm32f4xx_hal.o
                0x0000000008001fb4                HAL_IncTick
 .text.HAL_GetTick
                0x0000000008001fdc       0x18 ./Drivers/STM32F4xx_HAL_Driver/Src/stm32f4xx_hal.o
                0x0000000008001fdc                HAL_GetTick
 .text.HAL_Delay
                0x0000000008001ff4       0x48 ./Drivers/STM32F4xx_HAL_Driver/Src/stm32f4xx_hal.o
                0x0000000008001ff4                HAL_Delay
 .text.HAL_ADC_Init
                0x000000000800203c       0x86 ./Drivers/STM32F4xx_HAL_Driver/Src/stm32f4xx_hal_adc.o
                0x000000000800203c                HAL_ADC_Init
 *fill*         0x00000000080020c2        0x2 
 .text.HAL_ADC_Start
                0x00000000080020c4      0x168 ./Drivers/STM32F4xx_HAL_Driver/Src/stm32f4xx_hal_adc.o
                0x00000000080020c4                HAL_ADC_Start
 .text.HAL_ADC_Stop
                0x000000000800222c       0x66 ./Drivers/STM32F4xx_HAL_Driver/Src/stm32f4xx_hal_adc.o
                0x000000000800222c                HAL_ADC_Stop
 .text.HAL_ADC_PollForConversion
                0x0000000008002292      0x116 ./Drivers/STM32F4xx_HAL_Driver/Src/stm32f4xx_hal_adc.o
                0x0000000008002292                HAL_ADC_PollForConversion
 .text.HAL_ADC_GetValue
                0x00000000080023a8       0x1a ./Drivers/STM32F4xx_HAL_Driver/Src/stm32f4xx_hal_adc.o
                0x00000000080023a8                HAL_ADC_GetValue
 *fill*         0x00000000080023c2        0x2 
 .text.HAL_ADC_ConfigChannel
                0x00000000080023c4      0x244 ./Drivers/STM32F4xx_HAL_Driver/Src/stm32f4xx_hal_adc.o
                0x00000000080023c4                HAL_ADC_ConfigChannel
 .text.ADC_Init
                0x0000000008002608      0x1f8 ./Drivers/STM32F4xx_HAL_Driver/Src/stm32f4xx_hal_adc.o
 .text.__NVIC_SetPriorityGrouping
                0x0000000008002800       0x48 ./Drivers/STM32F4xx_HAL_Driver/Src/stm32f4xx_hal_cortex.o
 .text.__NVIC_GetPriorityGrouping
                0x0000000008002848       0x1c ./Drivers/STM32F4xx_HAL_Driver/Src/stm32f4xx_hal_cortex.o
 .text.__NVIC_SetPriority
                0x0000000008002864       0x54 ./Drivers/STM32F4xx_HAL_Driver/Src/stm32f4xx_hal_cortex.o
 .text.NVIC_EncodePriority
                0x00000000080028b8       0x66 ./Drivers/STM32F4xx_HAL_Driver/Src/stm32f4xx_hal_cortex.o
 *fill*         0x000000000800291e        0x2 
 .text.SysTick_Config
                0x0000000008002920       0x44 ./Drivers/STM32F4xx_HAL_Driver/Src/stm32f4xx_hal_cortex.o
 .text.HAL_NVIC_SetPriorityGrouping
                0x0000000008002964       0x16 ./Drivers/STM32F4xx_HAL_Driver/Src/stm32f4xx_hal_cortex.o
                0x0000000008002964                HAL_NVIC_SetPriorityGrouping
 .text.HAL_NVIC_SetPriority
                0x000000000800297a       0x38 ./Drivers/STM32F4xx_HAL_Driver/Src/stm32f4xx_hal_cortex.o
                0x000000000800297a                HAL_NVIC_SetPriority
 .text.HAL_SYSTICK_Config
                0x00000000080029b2       0x18 ./Drivers/STM32F4xx_HAL_Driver/Src/stm32f4xx_hal_cortex.o
                0x00000000080029b2                HAL_SYSTICK_Config
 *fill*         0x00000000080029ca        0x2 
 .text.HAL_GPIO_Init
                0x00000000080029cc      0x308 ./Drivers/STM32F4xx_HAL_Driver/Src/stm32f4xx_hal_gpio.o
                0x00000000080029cc                HAL_GPIO_Init
 .text.HAL_GPIO_WritePin
                0x0000000008002cd4       0x32 ./Drivers/STM32F4xx_HAL_Driver/Src/stm32f4xx_hal_gpio.o
                0x0000000008002cd4                HAL_GPIO_WritePin
 .text.HAL_GPIO_TogglePin
                0x0000000008002d06       0x34 ./Drivers/STM32F4xx_HAL_Driver/Src/stm32f4xx_hal_gpio.o
                0x0000000008002d06                HAL_GPIO_TogglePin
 *fill*         0x0000000008002d3a        0x2 
 .text.HAL_RCC_OscConfig
                0x0000000008002d3c      0x4f0 ./Drivers/STM32F4xx_HAL_Driver/Src/stm32f4xx_hal_rcc.o
                0x0000000008002d3c                HAL_RCC_OscConfig
 .text.HAL_RCC_ClockConfig
                0x000000000800322c      0x1cc ./Drivers/STM32F4xx_HAL_Driver/Src/stm32f4xx_hal_rcc.o
                0x000000000800322c                HAL_RCC_ClockConfig
 .text.HAL_RCC_GetSysClockFreq
                0x00000000080033f8      0x18c ./Drivers/STM32F4xx_HAL_Driver/Src/stm32f4xx_hal_rcc.o
                0x00000000080033f8                HAL_RCC_GetSysClockFreq
 .text.HAL_RCC_GetHCLKFreq
                0x0000000008003584       0x18 ./Drivers/STM32F4xx_HAL_Driver/Src/stm32f4xx_hal_rcc.o
                0x0000000008003584                HAL_RCC_GetHCLKFreq
 .text.HAL_RCC_GetPCLK1Freq
                0x000000000800359c       0x28 ./Drivers/STM32F4xx_HAL_Driver/Src/stm32f4xx_hal_rcc.o
                0x000000000800359c                HAL_RCC_GetPCLK1Freq
 .text.HAL_RCC_GetPCLK2Freq
                0x00000000080035c4       0x28 ./Drivers/STM32F4xx_HAL_Driver/Src/stm32f4xx_hal_rcc.o
                0x00000000080035c4                HAL_RCC_GetPCLK2Freq
 .text.HAL_SPI_Init
                0x00000000080035ec      0x112 ./Drivers/STM32F4xx_HAL_Driver/Src/stm32f4xx_hal_spi.o
                0x00000000080035ec                HAL_SPI_Init
 .text.HAL_SPI_Transmit
                0x00000000080036fe      0x278 ./Drivers/STM32F4xx_HAL_Driver/Src/stm32f4xx_hal_spi.o
                0x00000000080036fe                HAL_SPI_Transmit
 .text.HAL_SPI_Receive
                0x0000000008003976      0x222 ./Drivers/STM32F4xx_HAL_Driver/Src/stm32f4xx_hal_spi.o
                0x0000000008003976                HAL_SPI_Receive
 .text.HAL_SPI_TransmitReceive
                0x0000000008003b98      0x344 ./Drivers/STM32F4xx_HAL_Driver/Src/stm32f4xx_hal_spi.o
                0x0000000008003b98                HAL_SPI_TransmitReceive
 .text.SPI_WaitFlagStateUntilTimeout
                0x0000000008003edc      0x110 ./Drivers/STM32F4xx_HAL_Driver/Src/stm32f4xx_hal_spi.o
 .text.SPI_EndRxTransaction
                0x0000000008003fec       0xca ./Drivers/STM32F4xx_HAL_Driver/Src/stm32f4xx_hal_spi.o
 *fill*         0x00000000080040b6        0x2 
 .text.SPI_EndRxTxTransaction
                0x00000000080040b8       0x84 ./Drivers/STM32F4xx_HAL_Driver/Src/stm32f4xx_hal_spi.o
 .text.HAL_UART_Init
                0x000000000800413c       0x9a ./Drivers/STM32F4xx_HAL_Driver/Src/stm32f4xx_hal_uart.o
                0x000000000800413c                HAL_UART_Init
 .text.HAL_UART_Transmit
                0x00000000080041d6      0x124 ./Drivers/STM32F4xx_HAL_Driver/Src/stm32f4xx_hal_uart.o
                0x00000000080041d6                HAL_UART_Transmit
 .text.UART_WaitOnFlagUntilTimeout
                0x00000000080042fa       0xdc ./Drivers/STM32F4xx_HAL_Driver/Src/stm32f4xx_hal_uart.o
 *fill*         0x00000000080043d6        0x2 
 .text.UART_SetConfig
                0x00000000080043d8      0x4e8 ./Drivers/STM32F4xx_HAL_Driver/Src/stm32f4xx_hal_uart.o
 .text.__errno  0x00000000080048c0        0xc c:/st/stm32cubeide_1.11.0/stm32cubeide/plugins/com.st.stm32cube.ide.mcu.externaltools.gnu-tools-for-stm32.10.3-2021.10.win32_1.0.200.202301161003/tools/bin/../lib/gcc/arm-none-eabi/10.3.1/../../../../arm-none-eabi/lib/thumb/v7e-m+fp/hard\libc_nano.a(lib_a-errno.o)
                0x00000000080048c0                __errno
 .text.__libc_init_array
                0x00000000080048cc       0x48 c:/st/stm32cubeide_1.11.0/stm32cubeide/plugins/com.st.stm32cube.ide.mcu.externaltools.gnu-tools-for-stm32.10.3-2021.10.win32_1.0.200.202301161003/tools/bin/../lib/gcc/arm-none-eabi/10.3.1/../../../../arm-none-eabi/lib/thumb/v7e-m+fp/hard\libc_nano.a(lib_a-init.o)
                0x00000000080048cc                __libc_init_array
 .text.memcpy   0x0000000008004914       0x1c c:/st/stm32cubeide_1.11.0/stm32cubeide/plugins/com.st.stm32cube.ide.mcu.externaltools.gnu-tools-for-stm32.10.3-2021.10.win32_1.0.200.202301161003/tools/bin/../lib/gcc/arm-none-eabi/10.3.1/../../../../arm-none-eabi/lib/thumb/v7e-m+fp/hard\libc_nano.a(lib_a-memcpy-stub.o)
                0x0000000008004914                memcpy
 .text.memset   0x0000000008004930       0x10 c:/st/stm32cubeide_1.11.0/stm32cubeide/plugins/com.st.stm32cube.ide.mcu.externaltools.gnu-tools-for-stm32.10.3-2021.10.win32_1.0.200.202301161003/tools/bin/../lib/gcc/arm-none-eabi/10.3.1/../../../../arm-none-eabi/lib/thumb/v7e-m+fp/hard\libc_nano.a(lib_a-memset.o)
                0x0000000008004930                memset
 .text.sprintf  0x0000000008004940       0x40 c:/st/stm32cubeide_1.11.0/stm32cubeide/plugins/com.st.stm32cube.ide.mcu.externaltools.gnu-tools-for-stm32.10.3-2021.10.win32_1.0.200.202301161003/tools/bin/../lib/gcc/arm-none-eabi/10.3.1/../../../../arm-none-eabi/lib/thumb/v7e-m+fp/hard\libc_nano.a(lib_a-sprintf.o)
                0x0000000008004940                siprintf
                0x0000000008004940                sprintf
 .text.__ssputs_r
                0x0000000008004980       0xb6 c:/st/stm32cubeide_1.11.0/stm32cubeide/plugins/com.st.stm32cube.ide.mcu.externaltools.gnu-tools-for-stm32.10.3-2021.10.win32_1.0.200.202301161003/tools/bin/../lib/gcc/arm-none-eabi/10.3.1/../../../../arm-none-eabi/lib/thumb/v7e-m+fp/hard\libc_nano.a(lib_a-nano-svfprintf.o)
                0x0000000008004980                __ssputs_r
 *fill*         0x0000000008004a36        0x2 
 .text._svfprintf_r
                0x0000000008004a38      0x200 c:/st/stm32cubeide_1.11.0/stm32cubeide/plugins/com.st.stm32cube.ide.mcu.externaltools.gnu-tools-for-stm32.10.3-2021.10.win32_1.0.200.202301161003/tools/bin/../lib/gcc/arm-none-eabi/10.3.1/../../../../arm-none-eabi/lib/thumb/v7e-m+fp/hard\libc_nano.a(lib_a-nano-svfprintf.o)
                0x0000000008004a38                _svfiprintf_r
                0x0000000008004a38                _svfprintf_r
 .text._printf_common
                0x0000000008004c38       0xda c:/st/stm32cubeide_1.11.0/stm32cubeide/plugins/com.st.stm32cube.ide.mcu.externaltools.gnu-tools-for-stm32.10.3-2021.10.win32_1.0.200.202301161003/tools/bin/../lib/gcc/arm-none-eabi/10.3.1/../../../../arm-none-eabi/lib/thumb/v7e-m+fp/hard\libc_nano.a(lib_a-nano-vfprintf_i.o)
                0x0000000008004c38                _printf_common
 *fill*         0x0000000008004d12        0x2 
 .text._printf_i
                0x0000000008004d14      0x24c c:/st/stm32cubeide_1.11.0/stm32cubeide/plugins/com.st.stm32cube.ide.mcu.externaltools.gnu-tools-for-stm32.10.3-2021.10.win32_1.0.200.202301161003/tools/bin/../lib/gcc/arm-none-eabi/10.3.1/../../../../arm-none-eabi/lib/thumb/v7e-m+fp/hard\libc_nano.a(lib_a-nano-vfprintf_i.o)
                0x0000000008004d14                _printf_i
 .text.memmove  0x0000000008004f60       0x34 c:/st/stm32cubeide_1.11.0/stm32cubeide/plugins/com.st.stm32cube.ide.mcu.externaltools.gnu-tools-for-stm32.10.3-2021.10.win32_1.0.200.202301161003/tools/bin/../lib/gcc/arm-none-eabi/10.3.1/../../../../arm-none-eabi/lib/thumb/v7e-m+fp/hard\libc_nano.a(lib_a-memmove.o)
                0x0000000008004f60                memmove
 .text._free_r  0x0000000008004f94       0x98 c:/st/stm32cubeide_1.11.0/stm32cubeide/plugins/com.st.stm32cube.ide.mcu.externaltools.gnu-tools-for-stm32.10.3-2021.10.win32_1.0.200.202301161003/tools/bin/../lib/gcc/arm-none-eabi/10.3.1/../../../../arm-none-eabi/lib/thumb/v7e-m+fp/hard\libc_nano.a(lib_a-nano-freer.o)
                0x0000000008004f94                _free_r
 .text.sbrk_aligned
                0x000000000800502c       0x40 c:/st/stm32cubeide_1.11.0/stm32cubeide/plugins/com.st.stm32cube.ide.mcu.externaltools.gnu-tools-for-stm32.10.3-2021.10.win32_1.0.200.202301161003/tools/bin/../lib/gcc/arm-none-eabi/10.3.1/../../../../arm-none-eabi/lib/thumb/v7e-m+fp/hard\libc_nano.a(lib_a-nano-mallocr.o)
 .text._malloc_r
                0x000000000800506c       0xe8 c:/st/stm32cubeide_1.11.0/stm32cubeide/plugins/com.st.stm32cube.ide.mcu.externaltools.gnu-tools-for-stm32.10.3-2021.10.win32_1.0.200.202301161003/tools/bin/../lib/gcc/arm-none-eabi/10.3.1/../../../../arm-none-eabi/lib/thumb/v7e-m+fp/hard\libc_nano.a(lib_a-nano-mallocr.o)
                0x000000000800506c                _malloc_r
 .text._realloc_r
                0x0000000008005154       0x5e c:/st/stm32cubeide_1.11.0/stm32cubeide/plugins/com.st.stm32cube.ide.mcu.externaltools.gnu-tools-for-stm32.10.3-2021.10.win32_1.0.200.202301161003/tools/bin/../lib/gcc/arm-none-eabi/10.3.1/../../../../arm-none-eabi/lib/thumb/v7e-m+fp/hard\libc_nano.a(lib_a-nano-reallocr.o)
                0x0000000008005154                _realloc_r
 *fill*         0x00000000080051b2        0x2 
 .text._sbrk_r  0x00000000080051b4       0x20 c:/st/stm32cubeide_1.11.0/stm32cubeide/plugins/com.st.stm32cube.ide.mcu.externaltools.gnu-tools-for-stm32.10.3-2021.10.win32_1.0.200.202301161003/tools/bin/../lib/gcc/arm-none-eabi/10.3.1/../../../../arm-none-eabi/lib/thumb/v7e-m+fp/hard\libc_nano.a(lib_a-sbrkr.o)
                0x00000000080051b4                _sbrk_r
 .text.__malloc_lock
                0x00000000080051d4        0xc c:/st/stm32cubeide_1.11.0/stm32cubeide/plugins/com.st.stm32cube.ide.mcu.externaltools.gnu-tools-for-stm32.10.3-2021.10.win32_1.0.200.202301161003/tools/bin/../lib/gcc/arm-none-eabi/10.3.1/../../../../arm-none-eabi/lib/thumb/v7e-m+fp/hard\libc_nano.a(lib_a-mlock.o)
                0x00000000080051d4                __malloc_lock
 .text.__malloc_unlock
                0x00000000080051e0        0xc c:/st/stm32cubeide_1.11.0/stm32cubeide/plugins/com.st.stm32cube.ide.mcu.externaltools.gnu-tools-for-stm32.10.3-2021.10.win32_1.0.200.202301161003/tools/bin/../lib/gcc/arm-none-eabi/10.3.1/../../../../arm-none-eabi/lib/thumb/v7e-m+fp/hard\libc_nano.a(lib_a-mlock.o)
                0x00000000080051e0                __malloc_unlock
 .text._malloc_usable_size_r
                0x00000000080051ec       0x10 c:/st/stm32cubeide_1.11.0/stm32cubeide/plugins/com.st.stm32cube.ide.mcu.externaltools.gnu-tools-for-stm32.10.3-2021.10.win32_1.0.200.202301161003/tools/bin/../lib/gcc/arm-none-eabi/10.3.1/../../../../arm-none-eabi/lib/thumb/v7e-m+fp/hard\libc_nano.a(lib_a-nano-msizer.o)
                0x00000000080051ec                _malloc_usable_size_r
 .text.__retarget_lock_acquire_recursive
                0x00000000080051fc        0x2 c:/st/stm32cubeide_1.11.0/stm32cubeide/plugins/com.st.stm32cube.ide.mcu.externaltools.gnu-tools-for-stm32.10.3-2021.10.win32_1.0.200.202301161003/tools/bin/../lib/gcc/arm-none-eabi/10.3.1/../../../../arm-none-eabi/lib/thumb/v7e-m+fp/hard\libc_nano.a(lib_a-lock.o)
                0x00000000080051fc                __retarget_lock_acquire_recursive
 .text.__retarget_lock_release_recursive
                0x00000000080051fe        0x2 c:/st/stm32cubeide_1.11.0/stm32cubeide/plugins/com.st.stm32cube.ide.mcu.externaltools.gnu-tools-for-stm32.10.3-2021.10.win32_1.0.200.202301161003/tools/bin/../lib/gcc/arm-none-eabi/10.3.1/../../../../arm-none-eabi/lib/thumb/v7e-m+fp/hard\libc_nano.a(lib_a-lock.o)
                0x00000000080051fe                __retarget_lock_release_recursive
 *(.glue_7)
 .glue_7        0x0000000008005200        0x0 linker stubs
 *(.glue_7t)
 .glue_7t       0x0000000008005200        0x0 linker stubs
 *(.eh_frame)
 .eh_frame      0x0000000008005200        0x0 c:/st/stm32cubeide_1.11.0/stm32cubeide/plugins/com.st.stm32cube.ide.mcu.externaltools.gnu-tools-for-stm32.10.3-2021.10.win32_1.0.200.202301161003/tools/bin/../lib/gcc/arm-none-eabi/10.3.1/thumb/v7e-m+fp/hard/crtbegin.o
 *(.init)
 .init          0x0000000008005200        0x4 c:/st/stm32cubeide_1.11.0/stm32cubeide/plugins/com.st.stm32cube.ide.mcu.externaltools.gnu-tools-for-stm32.10.3-2021.10.win32_1.0.200.202301161003/tools/bin/../lib/gcc/arm-none-eabi/10.3.1/thumb/v7e-m+fp/hard/crti.o
                0x0000000008005200                _init
 .init          0x0000000008005204        0x8 c:/st/stm32cubeide_1.11.0/stm32cubeide/plugins/com.st.stm32cube.ide.mcu.externaltools.gnu-tools-for-stm32.10.3-2021.10.win32_1.0.200.202301161003/tools/bin/../lib/gcc/arm-none-eabi/10.3.1/thumb/v7e-m+fp/hard/crtn.o
 *(.fini)
 .fini          0x000000000800520c        0x4 c:/st/stm32cubeide_1.11.0/stm32cubeide/plugins/com.st.stm32cube.ide.mcu.externaltools.gnu-tools-for-stm32.10.3-2021.10.win32_1.0.200.202301161003/tools/bin/../lib/gcc/arm-none-eabi/10.3.1/thumb/v7e-m+fp/hard/crti.o
                0x000000000800520c                _fini
 .fini          0x0000000008005210        0x8 c:/st/stm32cubeide_1.11.0/stm32cubeide/plugins/com.st.stm32cube.ide.mcu.externaltools.gnu-tools-for-stm32.10.3-2021.10.win32_1.0.200.202301161003/tools/bin/../lib/gcc/arm-none-eabi/10.3.1/thumb/v7e-m+fp/hard/crtn.o
                0x0000000008005218                . = ALIGN (0x4)
                0x0000000008005218                _etext = .

.vfp11_veneer   0x0000000008005218        0x0
 .vfp11_veneer  0x0000000008005218        0x0 linker stubs

.v4_bx          0x0000000008005218        0x0
 .v4_bx         0x0000000008005218        0x0 linker stubs

.iplt           0x0000000008005218        0x0
 .iplt          0x0000000008005218        0x0 c:/st/stm32cubeide_1.11.0/stm32cubeide/plugins/com.st.stm32cube.ide.mcu.externaltools.gnu-tools-for-stm32.10.3-2021.10.win32_1.0.200.202301161003/tools/bin/../lib/gcc/arm-none-eabi/10.3.1/thumb/v7e-m+fp/hard/crtbegin.o

.rodata         0x0000000008005218      0x5e4
                0x0000000008005218                . = ALIGN (0x4)
 *(.rodata)
 .rodata        0x0000000008005218      0x541 ./Core/Src/MY_NRF24.o
 *fill*         0x0000000008005759        0x3 
 .rodata        0x000000000800575c       0x4f ./Core/Src/nrf_helper.o
 *fill*         0x00000000080057ab        0x1 
 .rodata        0x00000000080057ac        0x4 ./Core/Src/utilities.o
 *(.rodata*)
 .rodata.AHBPrescTable
                0x00000000080057b0       0x10 ./Core/Src/system_stm32f4xx.o
                0x00000000080057b0                AHBPrescTable
 .rodata.APBPrescTable
                0x00000000080057c0        0x8 ./Core/Src/system_stm32f4xx.o
                0x00000000080057c0                APBPrescTable
 .rodata._svfprintf_r.str1.1
                0x00000000080057c8       0x11 c:/st/stm32cubeide_1.11.0/stm32cubeide/plugins/com.st.stm32cube.ide.mcu.externaltools.gnu-tools-for-stm32.10.3-2021.10.win32_1.0.200.202301161003/tools/bin/../lib/gcc/arm-none-eabi/10.3.1/../../../../arm-none-eabi/lib/thumb/v7e-m+fp/hard\libc_nano.a(lib_a-nano-svfprintf.o)
 .rodata._printf_i.str1.1
                0x00000000080057d9       0x22 c:/st/stm32cubeide_1.11.0/stm32cubeide/plugins/com.st.stm32cube.ide.mcu.externaltools.gnu-tools-for-stm32.10.3-2021.10.win32_1.0.200.202301161003/tools/bin/../lib/gcc/arm-none-eabi/10.3.1/../../../../arm-none-eabi/lib/thumb/v7e-m+fp/hard\libc_nano.a(lib_a-nano-vfprintf_i.o)
                0x00000000080057fc                . = ALIGN (0x4)
 *fill*         0x00000000080057fb        0x1 

.ARM.extab      0x00000000080057fc        0x0
                0x00000000080057fc                . = ALIGN (0x4)
 *(.ARM.extab* .gnu.linkonce.armextab.*)
                0x00000000080057fc                . = ALIGN (0x4)

.ARM            0x00000000080057fc        0x8
                0x00000000080057fc                . = ALIGN (0x4)
                0x00000000080057fc                __exidx_start = .
 *(.ARM.exidx*)
 .ARM.exidx     0x00000000080057fc        0x8 c:/st/stm32cubeide_1.11.0/stm32cubeide/plugins/com.st.stm32cube.ide.mcu.externaltools.gnu-tools-for-stm32.10.3-2021.10.win32_1.0.200.202301161003/tools/bin/../lib/gcc/arm-none-eabi/10.3.1/thumb/v7e-m+fp/hard\libgcc.a(_udivmoddi4.o)
                0x0000000008005804                __exidx_end = .
                0x0000000008005804                . = ALIGN (0x4)

.rel.dyn        0x0000000008005804        0x0
 .rel.iplt      0x0000000008005804        0x0 c:/st/stm32cubeide_1.11.0/stm32cubeide/plugins/com.st.stm32cube.ide.mcu.externaltools.gnu-tools-for-stm32.10.3-2021.10.win32_1.0.200.202301161003/tools/bin/../lib/gcc/arm-none-eabi/10.3.1/thumb/v7e-m+fp/hard/crtbegin.o

.preinit_array  0x0000000008005804        0x0
                0x0000000008005804                . = ALIGN (0x4)
                0x0000000008005804                PROVIDE (__preinit_array_start = .)
 *(.preinit_array*)
                0x0000000008005804                PROVIDE (__preinit_array_end = .)
                0x0000000008005804                . = ALIGN (0x4)

.init_array     0x0000000008005804        0x4
                0x0000000008005804                . = ALIGN (0x4)
                0x0000000008005804                PROVIDE (__init_array_start = .)
 *(SORT_BY_NAME(.init_array.*))
 *(.init_array*)
 .init_array    0x0000000008005804        0x4 c:/st/stm32cubeide_1.11.0/stm32cubeide/plugins/com.st.stm32cube.ide.mcu.externaltools.gnu-tools-for-stm32.10.3-2021.10.win32_1.0.200.202301161003/tools/bin/../lib/gcc/arm-none-eabi/10.3.1/thumb/v7e-m+fp/hard/crtbegin.o
                0x0000000008005808                PROVIDE (__init_array_end = .)
                0x0000000008005808                . = ALIGN (0x4)

.fini_array     0x0000000008005808        0x4
                0x0000000008005808                . = ALIGN (0x4)
                [!provide]                        PROVIDE (__fini_array_start = .)
 *(SORT_BY_NAME(.fini_array.*))
 *(.fini_array*)
 .fini_array    0x0000000008005808        0x4 c:/st/stm32cubeide_1.11.0/stm32cubeide/plugins/com.st.stm32cube.ide.mcu.externaltools.gnu-tools-for-stm32.10.3-2021.10.win32_1.0.200.202301161003/tools/bin/../lib/gcc/arm-none-eabi/10.3.1/thumb/v7e-m+fp/hard/crtbegin.o
                [!provide]                        PROVIDE (__fini_array_end = .)
                0x000000000800580c                . = ALIGN (0x4)
                0x000000000800580c                _sidata = LOADADDR (.data)

.data           0x0000000020000000       0x80 load address 0x000000000800580c
                0x0000000020000000                . = ALIGN (0x4)
                0x0000000020000000                _sdata = .
 *(.data)
 *(.data*)
 .data.node_channel_addr
                0x0000000020000000        0x1 ./Core/Src/nrf_helper.o
                0x0000000020000000                node_channel_addr
 *fill*         0x0000000020000001        0x7 
 .data.target_pipe_addr
                0x0000000020000008        0x8 ./Core/Src/nrf_helper.o
                0x0000000020000008                target_pipe_addr
 .data.SystemCoreClock
                0x0000000020000010        0x4 ./Core/Src/system_stm32f4xx.o
                0x0000000020000010                SystemCoreClock
 .data.uwTickPrio
                0x0000000020000014        0x4 ./Drivers/STM32F4xx_HAL_Driver/Src/stm32f4xx_hal.o
                0x0000000020000014                uwTickPrio
 .data.uwTickFreq
                0x0000000020000018        0x1 ./Drivers/STM32F4xx_HAL_Driver/Src/stm32f4xx_hal.o
                0x0000000020000018                uwTickFreq
 *fill*         0x0000000020000019        0x3 
 .data._impure_ptr
                0x000000002000001c        0x4 c:/st/stm32cubeide_1.11.0/stm32cubeide/plugins/com.st.stm32cube.ide.mcu.externaltools.gnu-tools-for-stm32.10.3-2021.10.win32_1.0.200.202301161003/tools/bin/../lib/gcc/arm-none-eabi/10.3.1/../../../../arm-none-eabi/lib/thumb/v7e-m+fp/hard\libc_nano.a(lib_a-impure.o)
                0x000000002000001c                _impure_ptr
 .data.impure_data
                0x0000000020000020       0x60 c:/st/stm32cubeide_1.11.0/stm32cubeide/plugins/com.st.stm32cube.ide.mcu.externaltools.gnu-tools-for-stm32.10.3-2021.10.win32_1.0.200.202301161003/tools/bin/../lib/gcc/arm-none-eabi/10.3.1/../../../../arm-none-eabi/lib/thumb/v7e-m+fp/hard\libc_nano.a(lib_a-impure.o)
 *(.RamFunc)
 *(.RamFunc*)
                0x0000000020000080                . = ALIGN (0x4)
                0x0000000020000080                _edata = .

.igot.plt       0x0000000020000080        0x0 load address 0x000000000800588c
 .igot.plt      0x0000000020000080        0x0 c:/st/stm32cubeide_1.11.0/stm32cubeide/plugins/com.st.stm32cube.ide.mcu.externaltools.gnu-tools-for-stm32.10.3-2021.10.win32_1.0.200.202301161003/tools/bin/../lib/gcc/arm-none-eabi/10.3.1/thumb/v7e-m+fp/hard/crtbegin.o
                0x0000000020000080                . = ALIGN (0x4)

.bss            0x0000000020000080      0x1c4 load address 0x000000000800588c
                0x0000000020000080                _sbss = .
                0x0000000020000080                __bss_start__ = _sbss
 *(.bss)
 .bss           0x0000000020000080       0x1c c:/st/stm32cubeide_1.11.0/stm32cubeide/plugins/com.st.stm32cube.ide.mcu.externaltools.gnu-tools-for-stm32.10.3-2021.10.win32_1.0.200.202301161003/tools/bin/../lib/gcc/arm-none-eabi/10.3.1/thumb/v7e-m+fp/hard/crtbegin.o
 *(.bss*)
 .bss.ack_payload_available
                0x000000002000009c        0x1 ./Core/Src/MY_NRF24.o
 .bss.ack_payload_length
                0x000000002000009d        0x1 ./Core/Src/MY_NRF24.o
 .bss.payload_size
                0x000000002000009e        0x1 ./Core/Src/MY_NRF24.o
 .bss.dynamic_payloads_enabled
                0x000000002000009f        0x1 ./Core/Src/MY_NRF24.o
 .bss.wide_band
                0x00000000200000a0        0x1 ./Core/Src/MY_NRF24.o
 *fill*         0x00000000200000a1        0x3 
 .bss.nrf24_PORT
                0x00000000200000a4        0x4 ./Core/Src/MY_NRF24.o
 .bss.nrf24_CSN_PIN
                0x00000000200000a8        0x2 ./Core/Src/MY_NRF24.o
 .bss.nrf24_CE_PIN
                0x00000000200000aa        0x2 ./Core/Src/MY_NRF24.o
 .bss.nrf24_hspi
                0x00000000200000ac       0x58 ./Core/Src/MY_NRF24.o
 .bss.nrf24_huart
                0x0000000020000104       0x44 ./Core/Src/MY_NRF24.o
 .bss.hadc1     0x0000000020000148       0x48 ./Core/Src/main.o
                0x0000000020000148                hadc1
 .bss.hspi2     0x0000000020000190       0x58 ./Core/Src/main.o
                0x0000000020000190                hspi2
 .bss.huart2    0x00000000200001e8       0x44 ./Core/Src/main.o
                0x00000000200001e8                huart2
 .bss.__sbrk_heap_end
                0x000000002000022c        0x4 ./Core/Src/sysmem.o
 .bss.uwTick    0x0000000020000230        0x4 ./Drivers/STM32F4xx_HAL_Driver/Src/stm32f4xx_hal.o
                0x0000000020000230                uwTick
 .bss.__malloc_free_list
                0x0000000020000234        0x4 c:/st/stm32cubeide_1.11.0/stm32cubeide/plugins/com.st.stm32cube.ide.mcu.externaltools.gnu-tools-for-stm32.10.3-2021.10.win32_1.0.200.202301161003/tools/bin/../lib/gcc/arm-none-eabi/10.3.1/../../../../arm-none-eabi/lib/thumb/v7e-m+fp/hard\libc_nano.a(lib_a-nano-mallocr.o)
                0x0000000020000234                __malloc_free_list
 .bss.__malloc_sbrk_start
                0x0000000020000238        0x4 c:/st/stm32cubeide_1.11.0/stm32cubeide/plugins/com.st.stm32cube.ide.mcu.externaltools.gnu-tools-for-stm32.10.3-2021.10.win32_1.0.200.202301161003/tools/bin/../lib/gcc/arm-none-eabi/10.3.1/../../../../arm-none-eabi/lib/thumb/v7e-m+fp/hard\libc_nano.a(lib_a-nano-mallocr.o)
                0x0000000020000238                __malloc_sbrk_start
 .bss.errno     0x000000002000023c        0x4 c:/st/stm32cubeide_1.11.0/stm32cubeide/plugins/com.st.stm32cube.ide.mcu.externaltools.gnu-tools-for-stm32.10.3-2021.10.win32_1.0.200.202301161003/tools/bin/../lib/gcc/arm-none-eabi/10.3.1/../../../../arm-none-eabi/lib/thumb/v7e-m+fp/hard\libc_nano.a(lib_a-reent.o)
                0x000000002000023c                errno
 .bss.__lock___malloc_recursive_mutex
                0x0000000020000240        0x1 c:/st/stm32cubeide_1.11.0/stm32cubeide/plugins/com.st.stm32cube.ide.mcu.externaltools.gnu-tools-for-stm32.10.3-2021.10.win32_1.0.200.202301161003/tools/bin/../lib/gcc/arm-none-eabi/10.3.1/../../../../arm-none-eabi/lib/thumb/v7e-m+fp/hard\libc_nano.a(lib_a-lock.o)
                0x0000000020000240                __lock___malloc_recursive_mutex
 *(COMMON)
                0x0000000020000244                . = ALIGN (0x4)
 *fill*         0x0000000020000241        0x3 
                0x0000000020000244                _ebss = .
                0x0000000020000244                __bss_end__ = _ebss

._user_heap_stack
                0x0000000020000244      0x604 load address 0x000000000800588c
                0x0000000020000248                . = ALIGN (0x8)
 *fill*         0x0000000020000244        0x4 
                [!provide]                        PROVIDE (end = .)
                0x0000000020000248                PROVIDE (_end = .)
                0x0000000020000448                . = (. + _Min_Heap_Size)
 *fill*         0x0000000020000248      0x200 
                0x0000000020000848                . = (. + _Min_Stack_Size)
 *fill*         0x0000000020000448      0x400 
                0x0000000020000848                . = ALIGN (0x8)

/DISCARD/
 libc.a(*)
 libm.a(*)
 libgcc.a(*)

.ARM.attributes
                0x0000000000000000       0x30
 *(.ARM.attributes)
 .ARM.attributes
                0x0000000000000000       0x1e c:/st/stm32cubeide_1.11.0/stm32cubeide/plugins/com.st.stm32cube.ide.mcu.externaltools.gnu-tools-for-stm32.10.3-2021.10.win32_1.0.200.202301161003/tools/bin/../lib/gcc/arm-none-eabi/10.3.1/thumb/v7e-m+fp/hard/crti.o
 .ARM.attributes
                0x000000000000001e       0x34 c:/st/stm32cubeide_1.11.0/stm32cubeide/plugins/com.st.stm32cube.ide.mcu.externaltools.gnu-tools-for-stm32.10.3-2021.10.win32_1.0.200.202301161003/tools/bin/../lib/gcc/arm-none-eabi/10.3.1/thumb/v7e-m+fp/hard/crtbegin.o
 .ARM.attributes
                0x0000000000000052       0x34 ./Core/Src/MY_NRF24.o
 .ARM.attributes
                0x0000000000000086       0x34 ./Core/Src/main.o
 .ARM.attributes
                0x00000000000000ba       0x34 ./Core/Src/nrf_helper.o
 .ARM.attributes
                0x00000000000000ee       0x34 ./Core/Src/stm32f4xx_hal_msp.o
 .ARM.attributes
                0x0000000000000122       0x34 ./Core/Src/stm32f4xx_it.o
 .ARM.attributes
                0x0000000000000156       0x34 ./Core/Src/sysmem.o
 .ARM.attributes
                0x000000000000018a       0x34 ./Core/Src/system_stm32f4xx.o
 .ARM.attributes
                0x00000000000001be       0x34 ./Core/Src/utilities.o
 .ARM.attributes
                0x00000000000001f2       0x21 ./Core/Startup/startup_stm32f401ccux.o
 .ARM.attributes
                0x0000000000000213       0x34 ./Drivers/STM32F4xx_HAL_Driver/Src/stm32f4xx_hal.o
 .ARM.attributes
                0x0000000000000247       0x34 ./Drivers/STM32F4xx_HAL_Driver/Src/stm32f4xx_hal_adc.o
 .ARM.attributes
                0x000000000000027b       0x34 ./Drivers/STM32F4xx_HAL_Driver/Src/stm32f4xx_hal_cortex.o
 .ARM.attributes
                0x00000000000002af       0x34 ./Drivers/STM32F4xx_HAL_Driver/Src/stm32f4xx_hal_gpio.o
 .ARM.attributes
                0x00000000000002e3       0x34 ./Drivers/STM32F4xx_HAL_Driver/Src/stm32f4xx_hal_rcc.o
 .ARM.attributes
                0x0000000000000317       0x34 ./Drivers/STM32F4xx_HAL_Driver/Src/stm32f4xx_hal_spi.o
 .ARM.attributes
                0x000000000000034b       0x34 ./Drivers/STM32F4xx_HAL_Driver/Src/stm32f4xx_hal_uart.o
 .ARM.attributes
                0x000000000000037f       0x34 c:/st/stm32cubeide_1.11.0/stm32cubeide/plugins/com.st.stm32cube.ide.mcu.externaltools.gnu-tools-for-stm32.10.3-2021.10.win32_1.0.200.202301161003/tools/bin/../lib/gcc/arm-none-eabi/10.3.1/../../../../arm-none-eabi/lib/thumb/v7e-m+fp/hard\libc_nano.a(lib_a-errno.o)
 .ARM.attributes
                0x00000000000003b3       0x34 c:/st/stm32cubeide_1.11.0/stm32cubeide/plugins/com.st.stm32cube.ide.mcu.externaltools.gnu-tools-for-stm32.10.3-2021.10.win32_1.0.200.202301161003/tools/bin/../lib/gcc/arm-none-eabi/10.3.1/../../../../arm-none-eabi/lib/thumb/v7e-m+fp/hard\libc_nano.a(lib_a-impure.o)
 .ARM.attributes
                0x00000000000003e7       0x34 c:/st/stm32cubeide_1.11.0/stm32cubeide/plugins/com.st.stm32cube.ide.mcu.externaltools.gnu-tools-for-stm32.10.3-2021.10.win32_1.0.200.202301161003/tools/bin/../lib/gcc/arm-none-eabi/10.3.1/../../../../arm-none-eabi/lib/thumb/v7e-m+fp/hard\libc_nano.a(lib_a-init.o)
 .ARM.attributes
                0x000000000000041b       0x34 c:/st/stm32cubeide_1.11.0/stm32cubeide/plugins/com.st.stm32cube.ide.mcu.externaltools.gnu-tools-for-stm32.10.3-2021.10.win32_1.0.200.202301161003/tools/bin/../lib/gcc/arm-none-eabi/10.3.1/../../../../arm-none-eabi/lib/thumb/v7e-m+fp/hard\libc_nano.a(lib_a-memcpy-stub.o)
 .ARM.attributes
                0x000000000000044f       0x34 c:/st/stm32cubeide_1.11.0/stm32cubeide/plugins/com.st.stm32cube.ide.mcu.externaltools.gnu-tools-for-stm32.10.3-2021.10.win32_1.0.200.202301161003/tools/bin/../lib/gcc/arm-none-eabi/10.3.1/../../../../arm-none-eabi/lib/thumb/v7e-m+fp/hard\libc_nano.a(lib_a-memset.o)
 .ARM.attributes
                0x0000000000000483       0x34 c:/st/stm32cubeide_1.11.0/stm32cubeide/plugins/com.st.stm32cube.ide.mcu.externaltools.gnu-tools-for-stm32.10.3-2021.10.win32_1.0.200.202301161003/tools/bin/../lib/gcc/arm-none-eabi/10.3.1/../../../../arm-none-eabi/lib/thumb/v7e-m+fp/hard\libc_nano.a(lib_a-sprintf.o)
 .ARM.attributes
                0x00000000000004b7       0x17 c:/st/stm32cubeide_1.11.0/stm32cubeide/plugins/com.st.stm32cube.ide.mcu.externaltools.gnu-tools-for-stm32.10.3-2021.10.win32_1.0.200.202301161003/tools/bin/../lib/gcc/arm-none-eabi/10.3.1/../../../../arm-none-eabi/lib/thumb/v7e-m+fp/hard\libc_nano.a(lib_a-strlen.o)
 .ARM.attributes
                0x00000000000004ce       0x34 c:/st/stm32cubeide_1.11.0/stm32cubeide/plugins/com.st.stm32cube.ide.mcu.externaltools.gnu-tools-for-stm32.10.3-2021.10.win32_1.0.200.202301161003/tools/bin/../lib/gcc/arm-none-eabi/10.3.1/../../../../arm-none-eabi/lib/thumb/v7e-m+fp/hard\libc_nano.a(lib_a-nano-svfprintf.o)
 .ARM.attributes
                0x0000000000000502       0x34 c:/st/stm32cubeide_1.11.0/stm32cubeide/plugins/com.st.stm32cube.ide.mcu.externaltools.gnu-tools-for-stm32.10.3-2021.10.win32_1.0.200.202301161003/tools/bin/../lib/gcc/arm-none-eabi/10.3.1/../../../../arm-none-eabi/lib/thumb/v7e-m+fp/hard\libc_nano.a(lib_a-nano-vfprintf_i.o)
 .ARM.attributes
                0x0000000000000536       0x1c c:/st/stm32cubeide_1.11.0/stm32cubeide/plugins/com.st.stm32cube.ide.mcu.externaltools.gnu-tools-for-stm32.10.3-2021.10.win32_1.0.200.202301161003/tools/bin/../lib/gcc/arm-none-eabi/10.3.1/../../../../arm-none-eabi/lib/thumb/v7e-m+fp/hard\libc_nano.a(lib_a-memchr.o)
 .ARM.attributes
                0x0000000000000552       0x34 c:/st/stm32cubeide_1.11.0/stm32cubeide/plugins/com.st.stm32cube.ide.mcu.externaltools.gnu-tools-for-stm32.10.3-2021.10.win32_1.0.200.202301161003/tools/bin/../lib/gcc/arm-none-eabi/10.3.1/../../../../arm-none-eabi/lib/thumb/v7e-m+fp/hard\libc_nano.a(lib_a-memmove.o)
 .ARM.attributes
                0x0000000000000586       0x34 c:/st/stm32cubeide_1.11.0/stm32cubeide/plugins/com.st.stm32cube.ide.mcu.externaltools.gnu-tools-for-stm32.10.3-2021.10.win32_1.0.200.202301161003/tools/bin/../lib/gcc/arm-none-eabi/10.3.1/../../../../arm-none-eabi/lib/thumb/v7e-m+fp/hard\libc_nano.a(lib_a-nano-freer.o)
 .ARM.attributes
                0x00000000000005ba       0x34 c:/st/stm32cubeide_1.11.0/stm32cubeide/plugins/com.st.stm32cube.ide.mcu.externaltools.gnu-tools-for-stm32.10.3-2021.10.win32_1.0.200.202301161003/tools/bin/../lib/gcc/arm-none-eabi/10.3.1/../../../../arm-none-eabi/lib/thumb/v7e-m+fp/hard\libc_nano.a(lib_a-nano-mallocr.o)
 .ARM.attributes
                0x00000000000005ee       0x34 c:/st/stm32cubeide_1.11.0/stm32cubeide/plugins/com.st.stm32cube.ide.mcu.externaltools.gnu-tools-for-stm32.10.3-2021.10.win32_1.0.200.202301161003/tools/bin/../lib/gcc/arm-none-eabi/10.3.1/../../../../arm-none-eabi/lib/thumb/v7e-m+fp/hard\libc_nano.a(lib_a-nano-reallocr.o)
 .ARM.attributes
                0x0000000000000622       0x34 c:/st/stm32cubeide_1.11.0/stm32cubeide/plugins/com.st.stm32cube.ide.mcu.externaltools.gnu-tools-for-stm32.10.3-2021.10.win32_1.0.200.202301161003/tools/bin/../lib/gcc/arm-none-eabi/10.3.1/../../../../arm-none-eabi/lib/thumb/v7e-m+fp/hard\libc_nano.a(lib_a-sbrkr.o)
 .ARM.attributes
                0x0000000000000656       0x34 c:/st/stm32cubeide_1.11.0/stm32cubeide/plugins/com.st.stm32cube.ide.mcu.externaltools.gnu-tools-for-stm32.10.3-2021.10.win32_1.0.200.202301161003/tools/bin/../lib/gcc/arm-none-eabi/10.3.1/../../../../arm-none-eabi/lib/thumb/v7e-m+fp/hard\libc_nano.a(lib_a-mlock.o)
 .ARM.attributes
                0x000000000000068a       0x34 c:/st/stm32cubeide_1.11.0/stm32cubeide/plugins/com.st.stm32cube.ide.mcu.externaltools.gnu-tools-for-stm32.10.3-2021.10.win32_1.0.200.202301161003/tools/bin/../lib/gcc/arm-none-eabi/10.3.1/../../../../arm-none-eabi/lib/thumb/v7e-m+fp/hard\libc_nano.a(lib_a-nano-msizer.o)
 .ARM.attributes
                0x00000000000006be       0x34 c:/st/stm32cubeide_1.11.0/stm32cubeide/plugins/com.st.stm32cube.ide.mcu.externaltools.gnu-tools-for-stm32.10.3-2021.10.win32_1.0.200.202301161003/tools/bin/../lib/gcc/arm-none-eabi/10.3.1/../../../../arm-none-eabi/lib/thumb/v7e-m+fp/hard\libc_nano.a(lib_a-reent.o)
 .ARM.attributes
                0x00000000000006f2       0x34 c:/st/stm32cubeide_1.11.0/stm32cubeide/plugins/com.st.stm32cube.ide.mcu.externaltools.gnu-tools-for-stm32.10.3-2021.10.win32_1.0.200.202301161003/tools/bin/../lib/gcc/arm-none-eabi/10.3.1/../../../../arm-none-eabi/lib/thumb/v7e-m+fp/hard\libc_nano.a(lib_a-lock.o)
 .ARM.attributes
                0x0000000000000726       0x1e c:/st/stm32cubeide_1.11.0/stm32cubeide/plugins/com.st.stm32cube.ide.mcu.externaltools.gnu-tools-for-stm32.10.3-2021.10.win32_1.0.200.202301161003/tools/bin/../lib/gcc/arm-none-eabi/10.3.1/thumb/v7e-m+fp/hard\libgcc.a(_aeabi_uldivmod.o)
 .ARM.attributes
                0x0000000000000744       0x34 c:/st/stm32cubeide_1.11.0/stm32cubeide/plugins/com.st.stm32cube.ide.mcu.externaltools.gnu-tools-for-stm32.10.3-2021.10.win32_1.0.200.202301161003/tools/bin/../lib/gcc/arm-none-eabi/10.3.1/thumb/v7e-m+fp/hard\libgcc.a(_udivmoddi4.o)
 .ARM.attributes
                0x0000000000000778       0x1e c:/st/stm32cubeide_1.11.0/stm32cubeide/plugins/com.st.stm32cube.ide.mcu.externaltools.gnu-tools-for-stm32.10.3-2021.10.win32_1.0.200.202301161003/tools/bin/../lib/gcc/arm-none-eabi/10.3.1/thumb/v7e-m+fp/hard\libgcc.a(_dvmd_tls.o)
 .ARM.attributes
                0x0000000000000796       0x1e c:/st/stm32cubeide_1.11.0/stm32cubeide/plugins/com.st.stm32cube.ide.mcu.externaltools.gnu-tools-for-stm32.10.3-2021.10.win32_1.0.200.202301161003/tools/bin/../lib/gcc/arm-none-eabi/10.3.1/thumb/v7e-m+fp/hard/crtn.o
OUTPUT(dp_test.elf elf32-littlearm)
LOAD linker stubs
LOAD c:/st/stm32cubeide_1.11.0/stm32cubeide/plugins/com.st.stm32cube.ide.mcu.externaltools.gnu-tools-for-stm32.10.3-2021.10.win32_1.0.200.202301161003/tools/bin/../lib/gcc/arm-none-eabi/10.3.1/../../../../arm-none-eabi/lib/thumb/v7e-m+fp/hard\libc.a
LOAD c:/st/stm32cubeide_1.11.0/stm32cubeide/plugins/com.st.stm32cube.ide.mcu.externaltools.gnu-tools-for-stm32.10.3-2021.10.win32_1.0.200.202301161003/tools/bin/../lib/gcc/arm-none-eabi/10.3.1/../../../../arm-none-eabi/lib/thumb/v7e-m+fp/hard\libm.a
LOAD c:/st/stm32cubeide_1.11.0/stm32cubeide/plugins/com.st.stm32cube.ide.mcu.externaltools.gnu-tools-for-stm32.10.3-2021.10.win32_1.0.200.202301161003/tools/bin/../lib/gcc/arm-none-eabi/10.3.1/thumb/v7e-m+fp/hard\libgcc.a

.debug_info     0x0000000000000000     0xd25c
 .debug_info    0x0000000000000000     0x1762 ./Core/Src/MY_NRF24.o
 .debug_info    0x0000000000001762     0x12e9 ./Core/Src/main.o
 .debug_info    0x0000000000002a4b      0xb3a ./Core/Src/nrf_helper.o
 .debug_info    0x0000000000003585      0xfa8 ./Core/Src/stm32f4xx_hal_msp.o
 .debug_info    0x000000000000452d      0x121 ./Core/Src/stm32f4xx_it.o
 .debug_info    0x000000000000464e      0x171 ./Core/Src/sysmem.o
 .debug_info    0x00000000000047bf      0x54f ./Core/Src/system_stm32f4xx.o
 .debug_info    0x0000000000004d0e      0x71b ./Core/Src/utilities.o
 .debug_info    0x0000000000005429       0x22 ./Core/Startup/startup_stm32f401ccux.o
 .debug_info    0x000000000000544b      0x906 ./Drivers/STM32F4xx_HAL_Driver/Src/stm32f4xx_hal.o
 .debug_info    0x0000000000005d51      0xd68 ./Drivers/STM32F4xx_HAL_Driver/Src/stm32f4xx_hal_adc.o
 .debug_info    0x0000000000006ab9      0xd85 ./Drivers/STM32F4xx_HAL_Driver/Src/stm32f4xx_hal_cortex.o
 .debug_info    0x000000000000783e      0x78e ./Drivers/STM32F4xx_HAL_Driver/Src/stm32f4xx_hal_gpio.o
 .debug_info    0x0000000000007fcc      0x98c ./Drivers/STM32F4xx_HAL_Driver/Src/stm32f4xx_hal_rcc.o
 .debug_info    0x0000000000008958     0x1750 ./Drivers/STM32F4xx_HAL_Driver/Src/stm32f4xx_hal_spi.o
 .debug_info    0x000000000000a0a8     0x31b4 ./Drivers/STM32F4xx_HAL_Driver/Src/stm32f4xx_hal_uart.o

.debug_abbrev   0x0000000000000000     0x1ea7
 .debug_abbrev  0x0000000000000000      0x343 ./Core/Src/MY_NRF24.o
 .debug_abbrev  0x0000000000000343      0x291 ./Core/Src/main.o
 .debug_abbrev  0x00000000000005d4      0x225 ./Core/Src/nrf_helper.o
 .debug_abbrev  0x00000000000007f9      0x19b ./Core/Src/stm32f4xx_hal_msp.o
 .debug_abbrev  0x0000000000000994       0x74 ./Core/Src/stm32f4xx_it.o
 .debug_abbrev  0x0000000000000a08       0xbb ./Core/Src/sysmem.o
 .debug_abbrev  0x0000000000000ac3      0x116 ./Core/Src/system_stm32f4xx.o
 .debug_abbrev  0x0000000000000bd9      0x183 ./Core/Src/utilities.o
 .debug_abbrev  0x0000000000000d5c       0x12 ./Core/Startup/startup_stm32f401ccux.o
 .debug_abbrev  0x0000000000000d6e      0x23e ./Drivers/STM32F4xx_HAL_Driver/Src/stm32f4xx_hal.o
 .debug_abbrev  0x0000000000000fac      0x204 ./Drivers/STM32F4xx_HAL_Driver/Src/stm32f4xx_hal_adc.o
 .debug_abbrev  0x00000000000011b0      0x316 ./Drivers/STM32F4xx_HAL_Driver/Src/stm32f4xx_hal_cortex.o
 .debug_abbrev  0x00000000000014c6      0x1c4 ./Drivers/STM32F4xx_HAL_Driver/Src/stm32f4xx_hal_gpio.o
 .debug_abbrev  0x000000000000168a      0x2aa ./Drivers/STM32F4xx_HAL_Driver/Src/stm32f4xx_hal_rcc.o
 .debug_abbrev  0x0000000000001934      0x26e ./Drivers/STM32F4xx_HAL_Driver/Src/stm32f4xx_hal_spi.o
 .debug_abbrev  0x0000000000001ba2      0x305 ./Drivers/STM32F4xx_HAL_Driver/Src/stm32f4xx_hal_uart.o

.debug_aranges  0x0000000000000000      0xb40
 .debug_aranges
                0x0000000000000000      0x1d0 ./Core/Src/MY_NRF24.o
 .debug_aranges
                0x00000000000001d0       0x50 ./Core/Src/main.o
 .debug_aranges
                0x0000000000000220       0x38 ./Core/Src/nrf_helper.o
 .debug_aranges
                0x0000000000000258       0x50 ./Core/Src/stm32f4xx_hal_msp.o
 .debug_aranges
                0x00000000000002a8       0x60 ./Core/Src/stm32f4xx_it.o
 .debug_aranges
                0x0000000000000308       0x20 ./Core/Src/sysmem.o
 .debug_aranges
                0x0000000000000328       0x28 ./Core/Src/system_stm32f4xx.o
 .debug_aranges
                0x0000000000000350       0x28 ./Core/Src/utilities.o
 .debug_aranges
                0x0000000000000378       0x28 ./Core/Startup/startup_stm32f401ccux.o
 .debug_aranges
                0x00000000000003a0       0xf0 ./Drivers/STM32F4xx_HAL_Driver/Src/stm32f4xx_hal.o
 .debug_aranges
                0x0000000000000490       0xe8 ./Drivers/STM32F4xx_HAL_Driver/Src/stm32f4xx_hal_adc.o
 .debug_aranges
                0x0000000000000578      0x118 ./Drivers/STM32F4xx_HAL_Driver/Src/stm32f4xx_hal_cortex.o
 .debug_aranges
                0x0000000000000690       0x58 ./Drivers/STM32F4xx_HAL_Driver/Src/stm32f4xx_hal_gpio.o
 .debug_aranges
                0x00000000000006e8       0x88 ./Drivers/STM32F4xx_HAL_Driver/Src/stm32f4xx_hal_rcc.o
 .debug_aranges
                0x0000000000000770      0x1d0 ./Drivers/STM32F4xx_HAL_Driver/Src/stm32f4xx_hal_spi.o
 .debug_aranges
                0x0000000000000940      0x200 ./Drivers/STM32F4xx_HAL_Driver/Src/stm32f4xx_hal_uart.o

.debug_ranges   0x0000000000000000      0xa78
 .debug_ranges  0x0000000000000000      0x1c0 ./Core/Src/MY_NRF24.o
 .debug_ranges  0x00000000000001c0       0x40 ./Core/Src/main.o
 .debug_ranges  0x0000000000000200       0x28 ./Core/Src/nrf_helper.o
 .debug_ranges  0x0000000000000228       0x40 ./Core/Src/stm32f4xx_hal_msp.o
 .debug_ranges  0x0000000000000268       0x50 ./Core/Src/stm32f4xx_it.o
 .debug_ranges  0x00000000000002b8       0x10 ./Core/Src/sysmem.o
 .debug_ranges  0x00000000000002c8       0x18 ./Core/Src/system_stm32f4xx.o
 .debug_ranges  0x00000000000002e0       0x18 ./Core/Src/utilities.o
 .debug_ranges  0x00000000000002f8       0x20 ./Core/Startup/startup_stm32f401ccux.o
 .debug_ranges  0x0000000000000318       0xe0 ./Drivers/STM32F4xx_HAL_Driver/Src/stm32f4xx_hal.o
 .debug_ranges  0x00000000000003f8       0xd8 ./Drivers/STM32F4xx_HAL_Driver/Src/stm32f4xx_hal_adc.o
 .debug_ranges  0x00000000000004d0      0x108 ./Drivers/STM32F4xx_HAL_Driver/Src/stm32f4xx_hal_cortex.o
 .debug_ranges  0x00000000000005d8       0x48 ./Drivers/STM32F4xx_HAL_Driver/Src/stm32f4xx_hal_gpio.o
 .debug_ranges  0x0000000000000620       0x78 ./Drivers/STM32F4xx_HAL_Driver/Src/stm32f4xx_hal_rcc.o
 .debug_ranges  0x0000000000000698      0x1c0 ./Drivers/STM32F4xx_HAL_Driver/Src/stm32f4xx_hal_spi.o
 .debug_ranges  0x0000000000000858      0x220 ./Drivers/STM32F4xx_HAL_Driver/Src/stm32f4xx_hal_uart.o

.debug_macro    0x0000000000000000    0x17e0b
 .debug_macro   0x0000000000000000      0x3d1 ./Core/Src/MY_NRF24.o
 .debug_macro   0x00000000000003d1      0xa78 ./Core/Src/MY_NRF24.o
 .debug_macro   0x0000000000000e49      0x2a1 ./Core/Src/MY_NRF24.o
 .debug_macro   0x00000000000010ea       0x2e ./Core/Src/MY_NRF24.o
 .debug_macro   0x0000000000001118       0x28 ./Core/Src/MY_NRF24.o
 .debug_macro   0x0000000000001140       0x22 ./Core/Src/MY_NRF24.o
 .debug_macro   0x0000000000001162       0x8e ./Core/Src/MY_NRF24.o
 .debug_macro   0x00000000000011f0       0x51 ./Core/Src/MY_NRF24.o
 .debug_macro   0x0000000000001241      0x103 ./Core/Src/MY_NRF24.o
 .debug_macro   0x0000000000001344       0x6a ./Core/Src/MY_NRF24.o
 .debug_macro   0x00000000000013ae      0x1df ./Core/Src/MY_NRF24.o
 .debug_macro   0x000000000000158d       0x1c ./Core/Src/MY_NRF24.o
 .debug_macro   0x00000000000015a9       0x22 ./Core/Src/MY_NRF24.o
 .debug_macro   0x00000000000015cb       0xd9 ./Core/Src/MY_NRF24.o
 .debug_macro   0x00000000000016a4     0x102d ./Core/Src/MY_NRF24.o
 .debug_macro   0x00000000000026d1      0x11f ./Core/Src/MY_NRF24.o
 .debug_macro   0x00000000000027f0     0xb86c ./Core/Src/MY_NRF24.o
 .debug_macro   0x000000000000e05c       0x6d ./Core/Src/MY_NRF24.o
 .debug_macro   0x000000000000e0c9     0x367e ./Core/Src/MY_NRF24.o
 .debug_macro   0x0000000000011747      0x174 ./Core/Src/MY_NRF24.o
 .debug_macro   0x00000000000118bb       0x5c ./Core/Src/MY_NRF24.o
 .debug_macro   0x0000000000011917      0x416 ./Core/Src/MY_NRF24.o
 .debug_macro   0x0000000000011d2d      0x9fe ./Core/Src/MY_NRF24.o
 .debug_macro   0x000000000001272b      0x115 ./Core/Src/MY_NRF24.o
 .debug_macro   0x0000000000012840       0xf8 ./Core/Src/MY_NRF24.o
 .debug_macro   0x0000000000012938       0xa5 ./Core/Src/MY_NRF24.o
 .debug_macro   0x00000000000129dd      0x15f ./Core/Src/MY_NRF24.o
 .debug_macro   0x0000000000012b3c      0x287 ./Core/Src/MY_NRF24.o
 .debug_macro   0x0000000000012dc3       0x5f ./Core/Src/MY_NRF24.o
 .debug_macro   0x0000000000012e22      0x236 ./Core/Src/MY_NRF24.o
 .debug_macro   0x0000000000013058      0x9e1 ./Core/Src/MY_NRF24.o
 .debug_macro   0x0000000000013a39      0x38b ./Core/Src/MY_NRF24.o
 .debug_macro   0x0000000000013dc4      0x176 ./Core/Src/MY_NRF24.o
 .debug_macro   0x0000000000013f3a       0xf9 ./Core/Src/MY_NRF24.o
 .debug_macro   0x0000000000014033      0x132 ./Core/Src/MY_NRF24.o
 .debug_macro   0x0000000000014165      0x23a ./Core/Src/MY_NRF24.o
 .debug_macro   0x000000000001439f       0x2e ./Core/Src/MY_NRF24.o
 .debug_macro   0x00000000000143cd      0x11a ./Core/Src/MY_NRF24.o
 .debug_macro   0x00000000000144e7       0x85 ./Core/Src/MY_NRF24.o
 .debug_macro   0x000000000001456c       0x89 ./Core/Src/MY_NRF24.o
 .debug_macro   0x00000000000145f5      0x225 ./Core/Src/MY_NRF24.o
 .debug_macro   0x000000000001481a      0x295 ./Core/Src/MY_NRF24.o
 .debug_macro   0x0000000000014aaf      0x126 ./Core/Src/MY_NRF24.o
 .debug_macro   0x0000000000014bd5      0x226 ./Core/Src/MY_NRF24.o
 .debug_macro   0x0000000000014dfb       0x1e ./Core/Src/MY_NRF24.o
 .debug_macro   0x0000000000014e19       0x52 ./Core/Src/MY_NRF24.o
 .debug_macro   0x0000000000014e6b       0x3c ./Core/Src/MY_NRF24.o
 .debug_macro   0x0000000000014ea7       0x34 ./Core/Src/MY_NRF24.o
 .debug_macro   0x0000000000014edb       0x16 ./Core/Src/MY_NRF24.o
 .debug_macro   0x0000000000014ef1       0x35 ./Core/Src/MY_NRF24.o
 .debug_macro   0x0000000000014f26       0x16 ./Core/Src/MY_NRF24.o
 .debug_macro   0x0000000000014f3c       0x43 ./Core/Src/MY_NRF24.o
 .debug_macro   0x0000000000014f7f       0x34 ./Core/Src/MY_NRF24.o
 .debug_macro   0x0000000000014fb3       0x10 ./Core/Src/MY_NRF24.o
 .debug_macro   0x0000000000014fc3       0x58 ./Core/Src/MY_NRF24.o
 .debug_macro   0x000000000001501b       0x71 ./Core/Src/MY_NRF24.o
 .debug_macro   0x000000000001508c       0x1c ./Core/Src/MY_NRF24.o
 .debug_macro   0x00000000000150a8      0x12a ./Core/Src/MY_NRF24.o
 .debug_macro   0x00000000000151d2      0x341 ./Core/Src/MY_NRF24.o
 .debug_macro   0x0000000000015513       0x16 ./Core/Src/MY_NRF24.o
 .debug_macro   0x0000000000015529       0x29 ./Core/Src/MY_NRF24.o
 .debug_macro   0x0000000000015552       0x22 ./Core/Src/MY_NRF24.o
 .debug_macro   0x0000000000015574       0x16 ./Core/Src/MY_NRF24.o
 .debug_macro   0x000000000001558a       0x20 ./Core/Src/MY_NRF24.o
 .debug_macro   0x00000000000155aa       0x1c ./Core/Src/MY_NRF24.o
 .debug_macro   0x00000000000155c6       0x10 ./Core/Src/MY_NRF24.o
 .debug_macro   0x00000000000155d6       0x10 ./Core/Src/MY_NRF24.o
 .debug_macro   0x00000000000155e6       0x1c ./Core/Src/MY_NRF24.o
 .debug_macro   0x0000000000015602       0x52 ./Core/Src/MY_NRF24.o
 .debug_macro   0x0000000000015654       0x22 ./Core/Src/MY_NRF24.o
 .debug_macro   0x0000000000015676       0x10 ./Core/Src/MY_NRF24.o
 .debug_macro   0x0000000000015686       0x52 ./Core/Src/MY_NRF24.o
 .debug_macro   0x00000000000156d8       0xd5 ./Core/Src/MY_NRF24.o
 .debug_macro   0x00000000000157ad       0x1c ./Core/Src/MY_NRF24.o
 .debug_macro   0x00000000000157c9       0x3d ./Core/Src/MY_NRF24.o
 .debug_macro   0x0000000000015806       0x16 ./Core/Src/MY_NRF24.o
 .debug_macro   0x000000000001581c      0x145 ./Core/Src/MY_NRF24.o
 .debug_macro   0x0000000000015961      0x3f0 ./Core/Src/main.o
 .debug_macro   0x0000000000015d51       0x28 ./Core/Src/main.o
 .debug_macro   0x0000000000015d79       0x10 ./Core/Src/main.o
 .debug_macro   0x0000000000015d89      0x3de ./Core/Src/nrf_helper.o
 .debug_macro   0x0000000000016167       0x4c ./Core/Src/nrf_helper.o
 .debug_macro   0x00000000000161b3       0x94 ./Core/Src/nrf_helper.o
 .debug_macro   0x0000000000016247       0x57 ./Core/Src/nrf_helper.o
 .debug_macro   0x000000000001629e       0x56 ./Core/Src/nrf_helper.o
 .debug_macro   0x00000000000162f4      0x1fb ./Core/Src/stm32f4xx_hal_msp.o
 .debug_macro   0x00000000000164ef      0x205 ./Core/Src/stm32f4xx_it.o
 .debug_macro   0x00000000000166f4       0xff ./Core/Src/sysmem.o
 .debug_macro   0x00000000000167f3      0x23b ./Core/Src/sysmem.o
 .debug_macro   0x0000000000016a2e      0x1ec ./Core/Src/system_stm32f4xx.o
 .debug_macro   0x0000000000016c1a      0x3e2 ./Core/Src/utilities.o
 .debug_macro   0x0000000000016ffc      0x24c ./Drivers/STM32F4xx_HAL_Driver/Src/stm32f4xx_hal.o
 .debug_macro   0x0000000000017248      0x1ed ./Drivers/STM32F4xx_HAL_Driver/Src/stm32f4xx_hal_adc.o
 .debug_macro   0x0000000000017435      0x1ec ./Drivers/STM32F4xx_HAL_Driver/Src/stm32f4xx_hal_cortex.o
 .debug_macro   0x0000000000017621      0x1f2 ./Drivers/STM32F4xx_HAL_Driver/Src/stm32f4xx_hal_gpio.o
 .debug_macro   0x0000000000017813      0x210 ./Drivers/STM32F4xx_HAL_Driver/Src/stm32f4xx_hal_rcc.o
 .debug_macro   0x0000000000017a23      0x1fb ./Drivers/STM32F4xx_HAL_Driver/Src/stm32f4xx_hal_spi.o
 .debug_macro   0x0000000000017c1e      0x1ed ./Drivers/STM32F4xx_HAL_Driver/Src/stm32f4xx_hal_uart.o

.debug_line     0x0000000000000000     0xd604
 .debug_line    0x0000000000000000     0x141b ./Core/Src/MY_NRF24.o
 .debug_line    0x000000000000141b      0xb01 ./Core/Src/main.o
 .debug_line    0x0000000000001f1c      0x9cd ./Core/Src/nrf_helper.o
 .debug_line    0x00000000000028e9      0x7d1 ./Core/Src/stm32f4xx_hal_msp.o
 .debug_line    0x00000000000030ba      0x7b3 ./Core/Src/stm32f4xx_it.o
 .debug_line    0x000000000000386d      0x4f4 ./Core/Src/sysmem.o
 .debug_line    0x0000000000003d61      0x772 ./Core/Src/system_stm32f4xx.o
 .debug_line    0x00000000000044d3      0x987 ./Core/Src/utilities.o
 .debug_line    0x0000000000004e5a       0x88 ./Core/Startup/startup_stm32f401ccux.o
 .debug_line    0x0000000000004ee2      0x9d8 ./Drivers/STM32F4xx_HAL_Driver/Src/stm32f4xx_hal.o
 .debug_line    0x00000000000058ba     0x1182 ./Drivers/STM32F4xx_HAL_Driver/Src/stm32f4xx_hal_adc.o
 .debug_line    0x0000000000006a3c      0xc87 ./Drivers/STM32F4xx_HAL_Driver/Src/stm32f4xx_hal_cortex.o
 .debug_line    0x00000000000076c3      0xb10 ./Drivers/STM32F4xx_HAL_Driver/Src/stm32f4xx_hal_gpio.o
 .debug_line    0x00000000000081d3      0xd52 ./Drivers/STM32F4xx_HAL_Driver/Src/stm32f4xx_hal_rcc.o
 .debug_line    0x0000000000008f25     0x1c62 ./Drivers/STM32F4xx_HAL_Driver/Src/stm32f4xx_hal_spi.o
 .debug_line    0x000000000000ab87     0x2a7d ./Drivers/STM32F4xx_HAL_Driver/Src/stm32f4xx_hal_uart.o

.debug_str      0x0000000000000000    0x9353d
 .debug_str     0x0000000000000000    0x908cd ./Core/Src/MY_NRF24.o
                                      0x90c41 (size before relaxing)
 .debug_str     0x00000000000908cd      0x5e3 ./Core/Src/main.o
                                      0x90a73 (size before relaxing)
 .debug_str     0x0000000000090eb0       0xca ./Core/Src/nrf_helper.o
                                      0x90689 (size before relaxing)
 .debug_str     0x0000000000090f7a       0xa9 ./Core/Src/stm32f4xx_hal_msp.o
                                      0x8c34d (size before relaxing)
 .debug_str     0x0000000000091023       0xc9 ./Core/Src/stm32f4xx_it.o
                                      0x8ba6c (size before relaxing)
 .debug_str     0x00000000000910ec      0x4da ./Core/Src/sysmem.o
                                       0x5de7 (size before relaxing)
 .debug_str     0x00000000000915c6       0xcb ./Core/Src/system_stm32f4xx.o
                                      0x8bb1c (size before relaxing)
 .debug_str     0x0000000000091691       0x93 ./Core/Src/utilities.o
                                      0x90377 (size before relaxing)
 .debug_str     0x0000000000091724       0x36 ./Core/Startup/startup_stm32f401ccux.o
                                         0x91 (size before relaxing)
 .debug_str     0x000000000009175a      0x998 ./Drivers/STM32F4xx_HAL_Driver/Src/stm32f4xx_hal.o
                                      0x8c53e (size before relaxing)
 .debug_str     0x00000000000920f2      0x28a ./Drivers/STM32F4xx_HAL_Driver/Src/stm32f4xx_hal_adc.o
                                      0x8c0f7 (size before relaxing)
 .debug_str     0x000000000009237c      0x34d ./Drivers/STM32F4xx_HAL_Driver/Src/stm32f4xx_hal_cortex.o
                                      0x8c25f (size before relaxing)
 .debug_str     0x00000000000926c9      0x10e ./Drivers/STM32F4xx_HAL_Driver/Src/stm32f4xx_hal_gpio.o
                                      0x8bc97 (size before relaxing)
 .debug_str     0x00000000000927d7      0x228 ./Drivers/STM32F4xx_HAL_Driver/Src/stm32f4xx_hal_rcc.o
                                      0x8bf50 (size before relaxing)
 .debug_str     0x00000000000929ff      0x557 ./Drivers/STM32F4xx_HAL_Driver/Src/stm32f4xx_hal_spi.o
                                      0x8c3ce (size before relaxing)
 .debug_str     0x0000000000092f56      0x5e7 ./Drivers/STM32F4xx_HAL_Driver/Src/stm32f4xx_hal_uart.o
                                      0x8c4dd (size before relaxing)

.comment        0x0000000000000000       0x50
 .comment       0x0000000000000000       0x50 ./Core/Src/MY_NRF24.o
                                         0x51 (size before relaxing)
 .comment       0x0000000000000050       0x51 ./Core/Src/main.o
 .comment       0x0000000000000050       0x51 ./Core/Src/nrf_helper.o
 .comment       0x0000000000000050       0x51 ./Core/Src/stm32f4xx_hal_msp.o
 .comment       0x0000000000000050       0x51 ./Core/Src/stm32f4xx_it.o
 .comment       0x0000000000000050       0x51 ./Core/Src/sysmem.o
 .comment       0x0000000000000050       0x51 ./Core/Src/system_stm32f4xx.o
 .comment       0x0000000000000050       0x51 ./Core/Src/utilities.o
 .comment       0x0000000000000050       0x51 ./Drivers/STM32F4xx_HAL_Driver/Src/stm32f4xx_hal.o
 .comment       0x0000000000000050       0x51 ./Drivers/STM32F4xx_HAL_Driver/Src/stm32f4xx_hal_adc.o
 .comment       0x0000000000000050       0x51 ./Drivers/STM32F4xx_HAL_Driver/Src/stm32f4xx_hal_cortex.o
 .comment       0x0000000000000050       0x51 ./Drivers/STM32F4xx_HAL_Driver/Src/stm32f4xx_hal_gpio.o
 .comment       0x0000000000000050       0x51 ./Drivers/STM32F4xx_HAL_Driver/Src/stm32f4xx_hal_rcc.o
 .comment       0x0000000000000050       0x51 ./Drivers/STM32F4xx_HAL_Driver/Src/stm32f4xx_hal_spi.o
 .comment       0x0000000000000050       0x51 ./Drivers/STM32F4xx_HAL_Driver/Src/stm32f4xx_hal_uart.o

.debug_frame    0x0000000000000000     0x3150
 .debug_frame   0x0000000000000000      0x784 ./Core/Src/MY_NRF24.o
 .debug_frame   0x0000000000000784       0xe8 ./Core/Src/main.o
 .debug_frame   0x000000000000086c       0x98 ./Core/Src/nrf_helper.o
 .debug_frame   0x0000000000000904      0x110 ./Core/Src/stm32f4xx_hal_msp.o
 .debug_frame   0x0000000000000a14      0x104 ./Core/Src/stm32f4xx_it.o
 .debug_frame   0x0000000000000b18       0x34 ./Core/Src/sysmem.o
 .debug_frame   0x0000000000000b4c       0x58 ./Core/Src/system_stm32f4xx.o
 .debug_frame   0x0000000000000ba4       0x54 ./Core/Src/utilities.o
 .debug_frame   0x0000000000000bf8      0x374 ./Drivers/STM32F4xx_HAL_Driver/Src/stm32f4xx_hal.o
 .debug_frame   0x0000000000000f6c      0x3fc ./Drivers/STM32F4xx_HAL_Driver/Src/stm32f4xx_hal_adc.o
 .debug_frame   0x0000000000001368      0x498 ./Drivers/STM32F4xx_HAL_Driver/Src/stm32f4xx_hal_cortex.o
 .debug_frame   0x0000000000001800      0x14c ./Drivers/STM32F4xx_HAL_Driver/Src/stm32f4xx_hal_gpio.o
 .debug_frame   0x000000000000194c      0x1f4 ./Drivers/STM32F4xx_HAL_Driver/Src/stm32f4xx_hal_rcc.o
 .debug_frame   0x0000000000001b40      0x824 ./Drivers/STM32F4xx_HAL_Driver/Src/stm32f4xx_hal_spi.o
 .debug_frame   0x0000000000002364      0x92c ./Drivers/STM32F4xx_HAL_Driver/Src/stm32f4xx_hal_uart.o
 .debug_frame   0x0000000000002c90       0x20 c:/st/stm32cubeide_1.11.0/stm32cubeide/plugins/com.st.stm32cube.ide.mcu.externaltools.gnu-tools-for-stm32.10.3-2021.10.win32_1.0.200.202301161003/tools/bin/../lib/gcc/arm-none-eabi/10.3.1/../../../../arm-none-eabi/lib/thumb/v7e-m+fp/hard\libc_nano.a(lib_a-errno.o)
 .debug_frame   0x0000000000002cb0       0x2c c:/st/stm32cubeide_1.11.0/stm32cubeide/plugins/com.st.stm32cube.ide.mcu.externaltools.gnu-tools-for-stm32.10.3-2021.10.win32_1.0.200.202301161003/tools/bin/../lib/gcc/arm-none-eabi/10.3.1/../../../../arm-none-eabi/lib/thumb/v7e-m+fp/hard\libc_nano.a(lib_a-init.o)
 .debug_frame   0x0000000000002cdc       0x28 c:/st/stm32cubeide_1.11.0/stm32cubeide/plugins/com.st.stm32cube.ide.mcu.externaltools.gnu-tools-for-stm32.10.3-2021.10.win32_1.0.200.202301161003/tools/bin/../lib/gcc/arm-none-eabi/10.3.1/../../../../arm-none-eabi/lib/thumb/v7e-m+fp/hard\libc_nano.a(lib_a-memcpy-stub.o)
 .debug_frame   0x0000000000002d04       0x20 c:/st/stm32cubeide_1.11.0/stm32cubeide/plugins/com.st.stm32cube.ide.mcu.externaltools.gnu-tools-for-stm32.10.3-2021.10.win32_1.0.200.202301161003/tools/bin/../lib/gcc/arm-none-eabi/10.3.1/../../../../arm-none-eabi/lib/thumb/v7e-m+fp/hard\libc_nano.a(lib_a-memset.o)
 .debug_frame   0x0000000000002d24       0x6c c:/st/stm32cubeide_1.11.0/stm32cubeide/plugins/com.st.stm32cube.ide.mcu.externaltools.gnu-tools-for-stm32.10.3-2021.10.win32_1.0.200.202301161003/tools/bin/../lib/gcc/arm-none-eabi/10.3.1/../../../../arm-none-eabi/lib/thumb/v7e-m+fp/hard\libc_nano.a(lib_a-sprintf.o)
 .debug_frame   0x0000000000002d90       0x90 c:/st/stm32cubeide_1.11.0/stm32cubeide/plugins/com.st.stm32cube.ide.mcu.externaltools.gnu-tools-for-stm32.10.3-2021.10.win32_1.0.200.202301161003/tools/bin/../lib/gcc/arm-none-eabi/10.3.1/../../../../arm-none-eabi/lib/thumb/v7e-m+fp/hard\libc_nano.a(lib_a-nano-svfprintf.o)
 .debug_frame   0x0000000000002e20       0x60 c:/st/stm32cubeide_1.11.0/stm32cubeide/plugins/com.st.stm32cube.ide.mcu.externaltools.gnu-tools-for-stm32.10.3-2021.10.win32_1.0.200.202301161003/tools/bin/../lib/gcc/arm-none-eabi/10.3.1/../../../../arm-none-eabi/lib/thumb/v7e-m+fp/hard\libc_nano.a(lib_a-nano-vfprintf_i.o)
 .debug_frame   0x0000000000002e80       0x28 c:/st/stm32cubeide_1.11.0/stm32cubeide/plugins/com.st.stm32cube.ide.mcu.externaltools.gnu-tools-for-stm32.10.3-2021.10.win32_1.0.200.202301161003/tools/bin/../lib/gcc/arm-none-eabi/10.3.1/../../../../arm-none-eabi/lib/thumb/v7e-m+fp/hard\libc_nano.a(lib_a-memmove.o)
 .debug_frame   0x0000000000002ea8       0x38 c:/st/stm32cubeide_1.11.0/stm32cubeide/plugins/com.st.stm32cube.ide.mcu.externaltools.gnu-tools-for-stm32.10.3-2021.10.win32_1.0.200.202301161003/tools/bin/../lib/gcc/arm-none-eabi/10.3.1/../../../../arm-none-eabi/lib/thumb/v7e-m+fp/hard\libc_nano.a(lib_a-nano-freer.o)
 .debug_frame   0x0000000000002ee0       0x4c c:/st/stm32cubeide_1.11.0/stm32cubeide/plugins/com.st.stm32cube.ide.mcu.externaltools.gnu-tools-for-stm32.10.3-2021.10.win32_1.0.200.202301161003/tools/bin/../lib/gcc/arm-none-eabi/10.3.1/../../../../arm-none-eabi/lib/thumb/v7e-m+fp/hard\libc_nano.a(lib_a-nano-mallocr.o)
 .debug_frame   0x0000000000002f2c       0x3c c:/st/stm32cubeide_1.11.0/stm32cubeide/plugins/com.st.stm32cube.ide.mcu.externaltools.gnu-tools-for-stm32.10.3-2021.10.win32_1.0.200.202301161003/tools/bin/../lib/gcc/arm-none-eabi/10.3.1/../../../../arm-none-eabi/lib/thumb/v7e-m+fp/hard\libc_nano.a(lib_a-nano-reallocr.o)
 .debug_frame   0x0000000000002f68       0x2c c:/st/stm32cubeide_1.11.0/stm32cubeide/plugins/com.st.stm32cube.ide.mcu.externaltools.gnu-tools-for-stm32.10.3-2021.10.win32_1.0.200.202301161003/tools/bin/../lib/gcc/arm-none-eabi/10.3.1/../../../../arm-none-eabi/lib/thumb/v7e-m+fp/hard\libc_nano.a(lib_a-sbrkr.o)
 .debug_frame   0x0000000000002f94       0x30 c:/st/stm32cubeide_1.11.0/stm32cubeide/plugins/com.st.stm32cube.ide.mcu.externaltools.gnu-tools-for-stm32.10.3-2021.10.win32_1.0.200.202301161003/tools/bin/../lib/gcc/arm-none-eabi/10.3.1/../../../../arm-none-eabi/lib/thumb/v7e-m+fp/hard\libc_nano.a(lib_a-mlock.o)
 .debug_frame   0x0000000000002fc4       0x20 c:/st/stm32cubeide_1.11.0/stm32cubeide/plugins/com.st.stm32cube.ide.mcu.externaltools.gnu-tools-for-stm32.10.3-2021.10.win32_1.0.200.202301161003/tools/bin/../lib/gcc/arm-none-eabi/10.3.1/../../../../arm-none-eabi/lib/thumb/v7e-m+fp/hard\libc_nano.a(lib_a-nano-msizer.o)
 .debug_frame   0x0000000000002fe4       0x5c c:/st/stm32cubeide_1.11.0/stm32cubeide/plugins/com.st.stm32cube.ide.mcu.externaltools.gnu-tools-for-stm32.10.3-2021.10.win32_1.0.200.202301161003/tools/bin/../lib/gcc/arm-none-eabi/10.3.1/../../../../arm-none-eabi/lib/thumb/v7e-m+fp/hard\libc_nano.a(lib_a-reent.o)
 .debug_frame   0x0000000000003040       0xb0 c:/st/stm32cubeide_1.11.0/stm32cubeide/plugins/com.st.stm32cube.ide.mcu.externaltools.gnu-tools-for-stm32.10.3-2021.10.win32_1.0.200.202301161003/tools/bin/../lib/gcc/arm-none-eabi/10.3.1/../../../../arm-none-eabi/lib/thumb/v7e-m+fp/hard\libc_nano.a(lib_a-lock.o)
 .debug_frame   0x00000000000030f0       0x2c c:/st/stm32cubeide_1.11.0/stm32cubeide/plugins/com.st.stm32cube.ide.mcu.externaltools.gnu-tools-for-stm32.10.3-2021.10.win32_1.0.200.202301161003/tools/bin/../lib/gcc/arm-none-eabi/10.3.1/thumb/v7e-m+fp/hard\libgcc.a(_aeabi_uldivmod.o)
 .debug_frame   0x000000000000311c       0x34 c:/st/stm32cubeide_1.11.0/stm32cubeide/plugins/com.st.stm32cube.ide.mcu.externaltools.gnu-tools-for-stm32.10.3-2021.10.win32_1.0.200.202301161003/tools/bin/../lib/gcc/arm-none-eabi/10.3.1/thumb/v7e-m+fp/hard\libgcc.a(_udivmoddi4.o)
