Archive member included to satisfy reference by file (symbol)

C:/ST/STM32CubeIDE_1.11.0/STM32CubeIDE/plugins/com.st.stm32cube.ide.mcu.externaltools.gnu-tools-for-stm32.11.3.rel1.win32_1.1.1.202309131626/tools/bin/../lib/gcc/arm-none-eabi/11.3.1/../../../../arm-none-eabi/lib/thumb/v7e-m+fp/hard\libc_nano.a(libc_a-exit.o)
                              C:/ST/STM32CubeIDE_1.11.0/STM32CubeIDE/plugins/com.st.stm32cube.ide.mcu.externaltools.gnu-tools-for-stm32.11.3.rel1.win32_1.1.1.202309131626/tools/bin/../lib/gcc/arm-none-eabi/11.3.1/../../../../arm-none-eabi/lib/thumb/v7e-m+fp/hard/crt0.o (exit)
C:/ST/STM32CubeIDE_1.11.0/STM32CubeIDE/plugins/com.st.stm32cube.ide.mcu.externaltools.gnu-tools-for-stm32.11.3.rel1.win32_1.1.1.202309131626/tools/bin/../lib/gcc/arm-none-eabi/11.3.1/../../../../arm-none-eabi/lib/thumb/v7e-m+fp/hard\libc_nano.a(libc_a-findfp.o)
                              C:/ST/STM32CubeIDE_1.11.0/STM32CubeIDE/plugins/com.st.stm32cube.ide.mcu.externaltools.gnu-tools-for-stm32.11.3.rel1.win32_1.1.1.202309131626/tools/bin/../lib/gcc/arm-none-eabi/11.3.1/../../../../arm-none-eabi/lib/thumb/v7e-m+fp/hard\libc_nano.a(libc_a-exit.o) (__stdio_exit_handler)
C:/ST/STM32CubeIDE_1.11.0/STM32CubeIDE/plugins/com.st.stm32cube.ide.mcu.externaltools.gnu-tools-for-stm32.11.3.rel1.win32_1.1.1.202309131626/tools/bin/../lib/gcc/arm-none-eabi/11.3.1/../../../../arm-none-eabi/lib/thumb/v7e-m+fp/hard\libc_nano.a(libc_a-fwalk.o)
                              C:/ST/STM32CubeIDE_1.11.0/STM32CubeIDE/plugins/com.st.stm32cube.ide.mcu.externaltools.gnu-tools-for-stm32.11.3.rel1.win32_1.1.1.202309131626/tools/bin/../lib/gcc/arm-none-eabi/11.3.1/../../../../arm-none-eabi/lib/thumb/v7e-m+fp/hard\libc_nano.a(libc_a-findfp.o) (_fwalk_sglue)
C:/ST/STM32CubeIDE_1.11.0/STM32CubeIDE/plugins/com.st.stm32cube.ide.mcu.externaltools.gnu-tools-for-stm32.11.3.rel1.win32_1.1.1.202309131626/tools/bin/../lib/gcc/arm-none-eabi/11.3.1/../../../../arm-none-eabi/lib/thumb/v7e-m+fp/hard\libc_nano.a(libc_a-sprintf.o)
                              ./Core/Src/MY_NRF24.o (sprintf)
C:/ST/STM32CubeIDE_1.11.0/STM32CubeIDE/plugins/com.st.stm32cube.ide.mcu.externaltools.gnu-tools-for-stm32.11.3.rel1.win32_1.1.1.202309131626/tools/bin/../lib/gcc/arm-none-eabi/11.3.1/../../../../arm-none-eabi/lib/thumb/v7e-m+fp/hard\libc_nano.a(libc_a-stdio.o)
                              C:/ST/STM32CubeIDE_1.11.0/STM32CubeIDE/plugins/com.st.stm32cube.ide.mcu.externaltools.gnu-tools-for-stm32.11.3.rel1.win32_1.1.1.202309131626/tools/bin/../lib/gcc/arm-none-eabi/11.3.1/../../../../arm-none-eabi/lib/thumb/v7e-m+fp/hard\libc_nano.a(libc_a-findfp.o) (__sread)
C:/ST/STM32CubeIDE_1.11.0/STM32CubeIDE/plugins/com.st.stm32cube.ide.mcu.externaltools.gnu-tools-for-stm32.11.3.rel1.win32_1.1.1.202309131626/tools/bin/../lib/gcc/arm-none-eabi/11.3.1/../../../../arm-none-eabi/lib/thumb/v7e-m+fp/hard\libc_nano.a(libc_a-memset.o)
                              C:/ST/STM32CubeIDE_1.11.0/STM32CubeIDE/plugins/com.st.stm32cube.ide.mcu.externaltools.gnu-tools-for-stm32.11.3.rel1.win32_1.1.1.202309131626/tools/bin/../lib/gcc/arm-none-eabi/11.3.1/../../../../arm-none-eabi/lib/thumb/v7e-m+fp/hard/crt0.o (memset)
C:/ST/STM32CubeIDE_1.11.0/STM32CubeIDE/plugins/com.st.stm32cube.ide.mcu.externaltools.gnu-tools-for-stm32.11.3.rel1.win32_1.1.1.202309131626/tools/bin/../lib/gcc/arm-none-eabi/11.3.1/../../../../arm-none-eabi/lib/thumb/v7e-m+fp/hard\libc_nano.a(libc_a-closer.o)
                              C:/ST/STM32CubeIDE_1.11.0/STM32CubeIDE/plugins/com.st.stm32cube.ide.mcu.externaltools.gnu-tools-for-stm32.11.3.rel1.win32_1.1.1.202309131626/tools/bin/../lib/gcc/arm-none-eabi/11.3.1/../../../../arm-none-eabi/lib/thumb/v7e-m+fp/hard\libc_nano.a(libc_a-stdio.o) (_close_r)
C:/ST/STM32CubeIDE_1.11.0/STM32CubeIDE/plugins/com.st.stm32cube.ide.mcu.externaltools.gnu-tools-for-stm32.11.3.rel1.win32_1.1.1.202309131626/tools/bin/../lib/gcc/arm-none-eabi/11.3.1/../../../../arm-none-eabi/lib/thumb/v7e-m+fp/hard\libc_nano.a(libc_a-reent.o)
                              C:/ST/STM32CubeIDE_1.11.0/STM32CubeIDE/plugins/com.st.stm32cube.ide.mcu.externaltools.gnu-tools-for-stm32.11.3.rel1.win32_1.1.1.202309131626/tools/bin/../lib/gcc/arm-none-eabi/11.3.1/../../../../arm-none-eabi/lib/thumb/v7e-m+fp/hard\libc_nano.a(libc_a-closer.o) (errno)
C:/ST/STM32CubeIDE_1.11.0/STM32CubeIDE/plugins/com.st.stm32cube.ide.mcu.externaltools.gnu-tools-for-stm32.11.3.rel1.win32_1.1.1.202309131626/tools/bin/../lib/gcc/arm-none-eabi/11.3.1/../../../../arm-none-eabi/lib/thumb/v7e-m+fp/hard\libc_nano.a(libc_a-impure.o)
                              C:/ST/STM32CubeIDE_1.11.0/STM32CubeIDE/plugins/com.st.stm32cube.ide.mcu.externaltools.gnu-tools-for-stm32.11.3.rel1.win32_1.1.1.202309131626/tools/bin/../lib/gcc/arm-none-eabi/11.3.1/../../../../arm-none-eabi/lib/thumb/v7e-m+fp/hard\libc_nano.a(libc_a-sprintf.o) (_impure_ptr)
[...]
Memory Configuration

Name             Origin             Length             Attributes
RAM              0x0000000020000000 0x0000000000010000 xrw
FLASH            0x0000000008000000 0x0000000000040000 xr
*default*        0x0000000000000000 0xffffffffffffffff

Linker script and memory map

LOAD C:/ST/STM32CubeIDE_1.11.0/STM32CubeIDE/plugins/com.st.stm32cube.ide.mcu.externaltools.gnu-tools-for-stm32.11.3.rel1.win32_1.1.1.202309131626/tools/bin/../lib/gcc/arm-none-eabi/11.3.1/thumb/v7e-m+fp/hard/crti.o
LOAD C:/ST/STM32CubeIDE_1.11.0/STM32CubeIDE/plugins/com.st.stm32cube.ide.mcu.externaltools.gnu-tools-for-stm32.11.3.rel1.win32_1.1.1.202309131626/tools/bin/../lib/gcc/arm-none-eabi/11.3.1/thumb/v7e-m+fp/hard/crtbegin.o
LOAD C:/ST/STM32CubeIDE_1.11.0/STM32CubeIDE/plugins/com.st.stm32cube.ide.mcu.externaltools.gnu-tools-for-stm32.11.3.rel1.win32_1.1.1.202309131626/tools/bin/../lib/gcc/arm-none-eabi/11.3.1/../../../../arm-none-eabi/lib/thumb/v7e-m+fp/hard/crt0.o
LOAD ./Core/Src/ADP8XX_DP_SENSOR.o
LOAD ./Core/Src/MY_NRF24.o
LOAD ./Core/Src/main.o
LOAD ./Core/Src/nrf_helper.o
LOAD ./Core/Src/stm32f4xx_hal_msp.o
LOAD ./Core/Src/stm32f4xx_it.o
LOAD ./Core/Src/syscalls.o
LOAD ./Core/Src/sysmem.o
LOAD ./Core/Src/system_stm32f4xx.o
LOAD ./Core/Src/utilities.o
LOAD ./Core/Startup/startup_stm32f401ccux.o
LOAD ./Drivers/STM32F4xx_HAL_Driver/Src/stm32f4xx_hal.o
LOAD ./Drivers/STM32F4xx_HAL_Driver/Src/stm32f4xx_hal_cortex.o
LOAD ./Drivers/STM32F4xx_HAL_Driver/Src/stm32f4xx_hal_dma.o
LOAD ./Drivers/STM32F4xx_HAL_Driver/Src/stm32f4xx_hal_dma_ex.o
LOAD ./Drivers/STM32F4xx_HAL_Driver/Src/stm32f4xx_hal_exti.o
LOAD ./Drivers/STM32F4xx_HAL_Driver/Src/stm32f4xx_hal_flash.o
LOAD ./Drivers/STM32F4xx_HAL_Driver/Src/stm32f4xx_hal_flash_ex.o
LOAD ./Drivers/STM32F4xx_HAL_Driver/Src/stm32f4xx_hal_flash_ramfunc.o
LOAD ./Drivers/STM32F4xx_HAL_Driver/Src/stm32f4xx_hal_gpio.o
LOAD ./Drivers/STM32F4xx_HAL_Driver/Src/stm32f4xx_hal_i2c.o
LOAD ./Drivers/STM32F4xx_HAL_Driver/Src/stm32f4xx_hal_i2c_ex.o
LOAD ./Drivers/STM32F4xx_HAL_Driver/Src/stm32f4xx_hal_pwr.o
LOAD ./Drivers/STM32F4xx_HAL_Driver/Src/stm32f4xx_hal_pwr_ex.o
LOAD ./Drivers/STM32F4xx_HAL_Driver/Src/stm32f4xx_hal_rcc.o
LOAD ./Drivers/STM32F4xx_HAL_Driver/Src/stm32f4xx_hal_rcc_ex.o
LOAD ./Drivers/STM32F4xx_HAL_Driver/Src/stm32f4xx_hal_spi.o
LOAD ./Drivers/STM32F4xx_HAL_Driver/Src/stm32f4xx_hal_tim.o
LOAD ./Drivers/STM32F4xx_HAL_Driver/Src/stm32f4xx_hal_tim_ex.o
LOAD ./Drivers/STM32F4xx_HAL_Driver/Src/stm32f4xx_hal_uart.o
START GROUP
LOAD C:/ST/STM32CubeIDE_1.11.0/STM32CubeIDE/plugins/com.st.stm32cube.ide.mcu.externaltools.gnu-tools-for-stm32.11.3.rel1.win32_1.1.1.202309131626/tools/bin/../lib/gcc/arm-none-eabi/11.3.1/../../../../arm-none-eabi/lib/thumb/v7e-m+fp/hard\libc_nano.a
LOAD C:/ST/STM32CubeIDE_1.11.0/STM32CubeIDE/plugins/com.st.stm32cube.ide.mcu.externaltools.gnu-tools-for-stm32.11.3.rel1.win32_1.1.1.202309131626/tools/bin/../lib/gcc/arm-none-eabi/11.3.1/../../../../arm-none-eabi/lib/thumb/v7e-m+fp/hard\libm.a
END GROUP
START GROUP
LOAD C:/ST/STM32CubeIDE_1.11.0/STM32CubeIDE/plugins/com.st.stm32cube.ide.mcu.externaltools.gnu-tools-for-stm32.11.3.rel1.win32_1.1.1.202309131626/tools/bin/../lib/gcc/arm-none-eabi/11.3.1/thumb/v7e-m+fp/hard\libgcc.a
LOAD C:/ST/STM32CubeIDE_1.11.0/STM32CubeIDE/plugins/com.st.stm32cube.ide.mcu.externaltools.gnu-tools-for-stm32.11.3.rel1.win32_1.1.1.202309131626/tools/bin/../lib/gcc/arm-none-eabi/11.3.1/../../../../arm-none-eabi/lib/thumb/v7e-m+fp/hard\libc_nano.a
END GROUP
START GROUP
LOAD C:/ST/STM32CubeIDE_1.11.0/STM32CubeIDE/plugins/com.st.stm32cube.ide.mcu.externaltools.gnu-tools-for-stm32.11.3.rel1.win32_1.1.1.202309131626/tools/bin/../lib/gcc/arm-none-eabi/11.3.1/thumb/v7e-m+fp/hard\libgcc.a
LOAD C:/ST/STM32CubeIDE_1.11.0/STM32CubeIDE/plugins/com.st.stm32cube.ide.mcu.externaltools.gnu-tools-for-stm32.11.3.rel1.win32_1.1.1.202309131626/tools/bin/../lib/gcc/arm-none-eabi/11.3.1/../../../../arm-none-eabi/lib/thumb/v7e-m+fp/hard\libc_nano.a
LOAD C:/ST/STM32CubeIDE_1.11.0/STM32CubeIDE/plugins/com.st.stm32cube.ide.mcu.externaltools.gnu-tools-for-stm32.11.3.rel1.win32_1.1.1.202309131626/tools/bin/../lib/gcc/arm-none-eabi/11.3.1/../../../../arm-none-eabi/lib/thumb/v7e-m+fp/hard\libnosys.a
END GROUP
START GROUP
LOAD C:/ST/STM32CubeIDE_1.11.0/STM32CubeIDE/plugins/com.st.stm32cube.ide.mcu.externaltools.gnu-tools-for-stm32.11.3.rel1.win32_1.1.1.202309131626/tools/bin/../lib/gcc/arm-none-eabi/11.3.1/thumb/v7e-m+fp/hard\libgcc.a
LOAD C:/ST/STM32CubeIDE_1.11.0/STM32CubeIDE/plugins/com.st.stm32cube.ide.mcu.externaltools.gnu-tools-for-stm32.11.3.rel1.win32_1.1.1.202309131626/tools/bin/../lib/gcc/arm-none-eabi/11.3.1/../../../../arm-none-eabi/lib/thumb/v7e-m+fp/hard\libc_nano.a
LOAD C:/ST/STM32CubeIDE_1.11.0/STM32CubeIDE/plugins/com.st.stm32cube.ide.mcu.externaltools.gnu-tools-for-stm32.11.3.rel1.win32_1.1.1.202309131626/tools/bin/../lib/gcc/arm-none-eabi/11.3.1/../../../../arm-none-eabi/lib/thumb/v7e-m+fp/hard\libnosys.a
END GROUP
LOAD C:/ST/STM32CubeIDE_1.11.0/STM32CubeIDE/plugins/com.st.stm32cube.ide.mcu.externaltools.gnu-tools-for-stm32.11.3.rel1.win32_1.1.1.202309131626/tools/bin/../lib/gcc/arm-none-eabi/11.3.1/thumb/v7e-m+fp/hard/crtend.o
LOAD C:/ST/STM32CubeIDE_1.11.0/STM32CubeIDE/plugins/com.st.stm32cube.ide.mcu.externaltools.gnu-tools-for-stm32.11.3.rel1.win32_1.1.1.202309131626/tools/bin/../lib/gcc/arm-none-eabi/11.3.1/thumb/v7e-m+fp/hard/crtn.o
                0x0000000020010000                _estack = (ORIGIN (RAM) + LENGTH (RAM))
                0x0000000000000200                _Min_Heap_Size = 0x200
                0x0000000000000400                _Min_Stack_Size = 0x400

.isr_vector     0x0000000008000000      0x194
                0x0000000008000000                . = ALIGN (0x4)
 *(.isr_vector)
 .isr_vector    0x0000000008000000      0x194 ./Core/Startup/startup_stm32f401ccux.o
                0x0000000008000000                g_pfnVectors
                0x0000000008000194                . = ALIGN (0x4)

.text           0x00000000080001a0     0x5b1c
                0x00000000080001a0                . = ALIGN (0x4)
 *(.text)
 .text          0x00000000080001a0       0x40 C:/ST/STM32CubeIDE_1.11.0/STM32CubeIDE/plugins/com.st.stm32cube.ide.mcu.externaltools.gnu-tools-for-stm32.11.3.rel1.win32_1.1.1.202309131626/tools/bin/../lib/gcc/arm-none-eabi/11.3.1/thumb/v7e-m+fp/hard/crtbegin.o
 .text          0x00000000080001e0       0x10 C:/ST/STM32CubeIDE_1.11.0/STM32CubeIDE/plugins/com.st.stm32cube.ide.mcu.externaltools.gnu-tools-for-stm32.11.3.rel1.win32_1.1.1.202309131626/tools/bin/../lib/gcc/arm-none-eabi/11.3.1/../../../../arm-none-eabi/lib/thumb/v7e-m+fp/hard\libc_nano.a(libc_a-strlen.o)
                0x00000000080001e0                strlen
 .text          0x00000000080001f0       0xa0 C:/ST/STM32CubeIDE_1.11.0/STM32CubeIDE/plugins/com.st.stm32cube.ide.mcu.externaltools.gnu-tools-for-stm32.11.3.rel1.win32_1.1.1.202309131626/tools/bin/../lib/gcc/arm-none-eabi/11.3.1/../../../../arm-none-eabi/lib/thumb/v7e-m+fp/hard\libc_nano.a(libc_a-memchr.o)
                0x00000000080001f0                memchr
 .text          0x0000000008000290       0x30 C:/ST/STM32CubeIDE_1.11.0/STM32CubeIDE/plugins/com.st.stm32cube.ide.mcu.externaltools.gnu-tools-for-stm32.11.3.rel1.win32_1.1.1.202309131626/tools/bin/../lib/gcc/arm-none-eabi/11.3.1/thumb/v7e-m+fp/hard\libgcc.a(_aeabi_uldivmod.o)
                0x0000000008000290                __aeabi_uldivmod
 .text          0x00000000080002c0      0x2c8 C:/ST/STM32CubeIDE_1.11.0/STM32CubeIDE/plugins/com.st.stm32cube.ide.mcu.externaltools.gnu-tools-for-stm32.11.3.rel1.win32_1.1.1.202309131626/tools/bin/../lib/gcc/arm-none-eabi/11.3.1/thumb/v7e-m+fp/hard\libgcc.a(_udivmoddi4.o)
                0x00000000080002c0                __udivmoddi4
 .text          0x0000000008000588        0x4 C:/ST/STM32CubeIDE_1.11.0/STM32CubeIDE/plugins/com.st.stm32cube.ide.mcu.externaltools.gnu-tools-for-stm32.11.3.rel1.win32_1.1.1.202309131626/tools/bin/../lib/gcc/arm-none-eabi/11.3.1/thumb/v7e-m+fp/hard\libgcc.a(_dvmd_tls.o)
                0x0000000008000588                __aeabi_idiv0
                0x0000000008000588                __aeabi_ldiv0
 *(.text*)
 .text.dp_sens_init
                0x000000000800058c       0x3c ./Core/Src/ADP8XX_DP_SENSOR.o
                0x000000000800058c                dp_sens_init
 .text.READ_PRESSURE
                0x00000000080005c8       0x74 ./Core/Src/ADP8XX_DP_SENSOR.o
                0x00000000080005c8                READ_PRESSURE
 .text.NRF24_DelayMicroSeconds
                0x000000000800063c       0x44 ./Core/Src/MY_NRF24.o
                0x000000000800063c                NRF24_DelayMicroSeconds
 .text.NRF24_csn
                0x0000000008000680       0x40 ./Core/Src/MY_NRF24.o
                0x0000000008000680                NRF24_csn
 .text.NRF24_ce
                0x00000000080006c0       0x40 ./Core/Src/MY_NRF24.o
                0x00000000080006c0                NRF24_ce
 .text.NRF24_read_register
                0x0000000008000700       0x50 ./Core/Src/MY_NRF24.o
                0x0000000008000700                NRF24_read_register
 .text.NRF24_read_registerN
                0x0000000008000750       0x50 ./Core/Src/MY_NRF24.o
                0x0000000008000750                NRF24_read_registerN
 .text.NRF24_write_register
                0x00000000080007a0       0x44 ./Core/Src/MY_NRF24.o
                0x00000000080007a0                NRF24_write_register
 .text.NRF24_write_registerN
                0x00000000080007e4       0x50 ./Core/Src/MY_NRF24.o
                0x00000000080007e4                NRF24_write_registerN
 .text.NRF24_write_payload
                0x0000000008000834       0x44 ./Core/Src/MY_NRF24.o
                0x0000000008000834                NRF24_write_payload
 .text.NRF24_flush_tx
                0x0000000008000878       0x10 ./Core/Src/MY_NRF24.o
                0x0000000008000878                NRF24_flush_tx
 .text.NRF24_flush_rx
                0x0000000008000888       0x10 ./Core/Src/MY_NRF24.o
                0x0000000008000888                NRF24_flush_rx
 .text.NRF24_get_status
                0x0000000008000898       0x1a ./Core/Src/MY_NRF24.o
                0x0000000008000898                NRF24_get_status
 *fill*         0x00000000080008b2        0x2 
 .text.NRF24_begin
                0x00000000080008b4      0x1c0 ./Core/Src/MY_NRF24.o
                0x00000000080008b4                NRF24_begin
 .text.NRF24_stopListening
                0x0000000008000a74       0x16 ./Core/Src/MY_NRF24.o
                0x0000000008000a74                NRF24_stopListening
 *fill*         0x0000000008000a8a        0x2 
 .text.NRF24_write
                0x0000000008000a8c       0x98 ./Core/Src/MY_NRF24.o
                0x0000000008000a8c                NRF24_write
 .text.NRF24_available
                0x0000000008000b24       0x10 ./Core/Src/MY_NRF24.o
                0x0000000008000b24                NRF24_available
 .text.NRF24_openWritingPipe
                0x0000000008000b34       0x48 ./Core/Src/MY_NRF24.o
                0x0000000008000b34                NRF24_openWritingPipe
 .text.NRF24_setRetries
                0x0000000008000b7c       0x36 ./Core/Src/MY_NRF24.o
                0x0000000008000b7c                NRF24_setRetries
 .text.NRF24_setChannel
                0x0000000008000bb2       0x2a ./Core/Src/MY_NRF24.o
                0x0000000008000bb2                NRF24_setChannel
 .text.NRF24_setPayloadSize
                0x0000000008000bdc       0x30 ./Core/Src/MY_NRF24.o
                0x0000000008000bdc                NRF24_setPayloadSize
 .text.NRF24_getDynamicPayloadSize
                0x0000000008000c0c       0x10 ./Core/Src/MY_NRF24.o
                0x0000000008000c0c                NRF24_getDynamicPayloadSize
 .text.NRF24_disableDynamicPayloads
                0x0000000008000c1c       0x30 ./Core/Src/MY_NRF24.o
                0x0000000008000c1c                NRF24_disableDynamicPayloads
 .text.NRF24_setAutoAck
                0x0000000008000c4c       0x2a ./Core/Src/MY_NRF24.o
                0x0000000008000c4c                NRF24_setAutoAck
 .text.NRF24_setPALevel
                0x0000000008000c76       0x72 ./Core/Src/MY_NRF24.o
                0x0000000008000c76                NRF24_setPALevel
 .text.NRF24_setDataRate
                0x0000000008000ce8       0x8c ./Core/Src/MY_NRF24.o
                0x0000000008000ce8                NRF24_setDataRate
 .text.NRF24_setCRCLength
                0x0000000008000d74       0x50 ./Core/Src/MY_NRF24.o
                0x0000000008000d74                NRF24_setCRCLength
 .text.NRF24_powerDown
                0x0000000008000dc4       0x1e ./Core/Src/MY_NRF24.o
                0x0000000008000dc4                NRF24_powerDown
 .text.NRF24_availablePipe
                0x0000000008000de2       0x60 ./Core/Src/MY_NRF24.o
                0x0000000008000de2                NRF24_availablePipe
 .text.NRF24_startWrite
                0x0000000008000e42       0x5e ./Core/Src/MY_NRF24.o
                0x0000000008000e42                NRF24_startWrite
 .text.NRF24_whatHappened
                0x0000000008000ea0       0x66 ./Core/Src/MY_NRF24.o
                0x0000000008000ea0                NRF24_whatHappened
 .text.NRF24_resetStatus
                0x0000000008000f06       0x10 ./Core/Src/MY_NRF24.o
                0x0000000008000f06                NRF24_resetStatus
 *fill*         0x0000000008000f16        0x2 
 .text.NRF24_ACTIVATE_cmd
                0x0000000008000f18       0x34 ./Core/Src/MY_NRF24.o
                0x0000000008000f18                NRF24_ACTIVATE_cmd
 .text.printRadioSettings
                0x0000000008000f4c      0x850 ./Core/Src/MY_NRF24.o
                0x0000000008000f4c                printRadioSettings
 .text.nrf24_DebugUART_Init
                0x000000000800179c       0x30 ./Core/Src/MY_NRF24.o
                0x000000000800179c                nrf24_DebugUART_Init
 .text.main     0x00000000080017cc       0x54 ./Core/Src/main.o
                0x00000000080017cc                main
 .text.SystemClock_Config
                0x0000000008001820       0xd4 ./Core/Src/main.o
                0x0000000008001820                SystemClock_Config
 .text.MX_I2C1_Init
                0x00000000080018f4       0x5c ./Core/Src/main.o
 .text.MX_SPI2_Init
                0x0000000008001950       0x6c ./Core/Src/main.o
 .text.MX_USART2_UART_Init
                0x00000000080019bc       0x54 ./Core/Src/main.o
 .text.MX_GPIO_Init
                0x0000000008001a10       0xf0 ./Core/Src/main.o
 .text.Error_Handler
                0x0000000008001b00       0x20 ./Core/Src/main.o
                0x0000000008001b00                Error_Handler
 .text.nrf_init
                0x0000000008001b20       0x8c ./Core/Src/nrf_helper.o
                0x0000000008001b20                nrf_init
 .text.Switch_to_Transmitt_mode
                0x0000000008001bac       0x2c ./Core/Src/nrf_helper.o
                0x0000000008001bac                Switch_to_Transmitt_mode
 .text.TRANSMITT_UPDATE_TO_GATEWAY
                0x0000000008001bd8       0x74 ./Core/Src/nrf_helper.o
                0x0000000008001bd8                TRANSMITT_UPDATE_TO_GATEWAY
 .text.HAL_MspInit
                0x0000000008001c4c       0x50 ./Core/Src/stm32f4xx_hal_msp.o
                0x0000000008001c4c                HAL_MspInit
 .text.HAL_I2C_MspInit
                0x0000000008001c9c       0x90 ./Core/Src/stm32f4xx_hal_msp.o
                0x0000000008001c9c                HAL_I2C_MspInit
 .text.HAL_SPI_MspInit
                0x0000000008001d2c       0x90 ./Core/Src/stm32f4xx_hal_msp.o
                0x0000000008001d2c                HAL_SPI_MspInit
 .text.HAL_UART_MspInit
                0x0000000008001dbc       0x90 ./Core/Src/stm32f4xx_hal_msp.o
                0x0000000008001dbc                HAL_UART_MspInit
 .text.NMI_Handler
                0x0000000008001e4c        0x6 ./Core/Src/stm32f4xx_it.o
                0x0000000008001e4c                NMI_Handler
 .text.HardFault_Handler
                0x0000000008001e52        0x6 ./Core/Src/stm32f4xx_it.o
                0x0000000008001e52                HardFault_Handler
 .text.MemManage_Handler
                0x0000000008001e58        0x6 ./Core/Src/stm32f4xx_it.o
                0x0000000008001e58                MemManage_Handler
 .text.BusFault_Handler
                0x0000000008001e5e        0x6 ./Core/Src/stm32f4xx_it.o
                0x0000000008001e5e                BusFault_Handler
 .text.UsageFault_Handler
                0x0000000008001e64        0x6 ./Core/Src/stm32f4xx_it.o
                0x0000000008001e64                UsageFault_Handler
 .text.SVC_Handler
                0x0000000008001e6a        0xe ./Core/Src/stm32f4xx_it.o
                0x0000000008001e6a                SVC_Handler
 .text.DebugMon_Handler
                0x0000000008001e78        0xe ./Core/Src/stm32f4xx_it.o
                0x0000000008001e78                DebugMon_Handler
 .text.PendSV_Handler
                0x0000000008001e86        0xe ./Core/Src/stm32f4xx_it.o
                0x0000000008001e86                PendSV_Handler
 .text.SysTick_Handler
                0x0000000008001e94        0xc ./Core/Src/stm32f4xx_it.o
                0x0000000008001e94                SysTick_Handler
 .text._sbrk    0x0000000008001ea0       0x6c ./Core/Src/sysmem.o
                0x0000000008001ea0                _sbrk
 .text.SystemInit
                0x0000000008001f0c       0x24 ./Core/Src/system_stm32f4xx.o
                0x0000000008001f0c                SystemInit
 .text.send_DP_sensor_value_to_gateway
                0x0000000008001f30       0x64 ./Core/Src/utilities.o
                0x0000000008001f30                send_DP_sensor_value_to_gateway
 .text.Reset_Handler
                0x0000000008001f94       0x50 ./Core/Startup/startup_stm32f401ccux.o
                0x0000000008001f94                Reset_Handler
 .text.Default_Handler
                0x0000000008001fe4        0x2 ./Core/Startup/startup_stm32f401ccux.o
                0x0000000008001fe4                RTC_Alarm_IRQHandler
                0x0000000008001fe4                EXTI2_IRQHandler
                0x0000000008001fe4                SPI4_IRQHandler
                0x0000000008001fe4                TIM1_CC_IRQHandler
                0x0000000008001fe4                DMA2_Stream5_IRQHandler
                0x0000000008001fe4                DMA1_Stream5_IRQHandler
                0x0000000008001fe4                PVD_IRQHandler
                0x0000000008001fe4                SDIO_IRQHandler
                0x0000000008001fe4                TAMP_STAMP_IRQHandler
                0x0000000008001fe4                EXTI3_IRQHandler
                0x0000000008001fe4                TIM1_UP_TIM10_IRQHandler
                0x0000000008001fe4                I2C3_ER_IRQHandler
                0x0000000008001fe4                EXTI0_IRQHandler
                0x0000000008001fe4                I2C2_EV_IRQHandler
                0x0000000008001fe4                DMA1_Stream2_IRQHandler
                0x0000000008001fe4                FPU_IRQHandler
                0x0000000008001fe4                DMA2_Stream2_IRQHandler
                0x0000000008001fe4                SPI1_IRQHandler
                0x0000000008001fe4                TIM1_BRK_TIM9_IRQHandler
                0x0000000008001fe4                DMA2_Stream3_IRQHandler
                0x0000000008001fe4                USART6_IRQHandler
                0x0000000008001fe4                DMA2_Stream0_IRQHandler
                0x0000000008001fe4                TIM4_IRQHandler
                0x0000000008001fe4                I2C1_EV_IRQHandler
                0x0000000008001fe4                DMA1_Stream6_IRQHandler
                0x0000000008001fe4                DMA1_Stream1_IRQHandler
                0x0000000008001fe4                TIM3_IRQHandler
                0x0000000008001fe4                RCC_IRQHandler
                0x0000000008001fe4                Default_Handler
                0x0000000008001fe4                EXTI15_10_IRQHandler
                0x0000000008001fe4                ADC_IRQHandler
                0x0000000008001fe4                DMA1_Stream7_IRQHandler
                0x0000000008001fe4                TIM5_IRQHandler
                0x0000000008001fe4                DMA2_Stream7_IRQHandler
                0x0000000008001fe4                I2C3_EV_IRQHandler
                0x0000000008001fe4                EXTI9_5_IRQHandler
                0x0000000008001fe4                RTC_WKUP_IRQHandler
                0x0000000008001fe4                SPI2_IRQHandler
                0x0000000008001fe4                DMA1_Stream0_IRQHandler
                0x0000000008001fe4                EXTI4_IRQHandler
                0x0000000008001fe4                WWDG_IRQHandler
                0x0000000008001fe4                TIM2_IRQHandler
                0x0000000008001fe4                OTG_FS_WKUP_IRQHandler
                0x0000000008001fe4                TIM1_TRG_COM_TIM11_IRQHandler
                0x0000000008001fe4                EXTI1_IRQHandler
                0x0000000008001fe4                USART2_IRQHandler
                0x0000000008001fe4                I2C2_ER_IRQHandler
                0x0000000008001fe4                DMA2_Stream1_IRQHandler
                0x0000000008001fe4                FLASH_IRQHandler
                0x0000000008001fe4                DMA2_Stream4_IRQHandler
                0x0000000008001fe4                USART1_IRQHandler
                0x0000000008001fe4                OTG_FS_IRQHandler
                0x0000000008001fe4                SPI3_IRQHandler
                0x0000000008001fe4                DMA1_Stream4_IRQHandler
                0x0000000008001fe4                I2C1_ER_IRQHandler
                0x0000000008001fe4                DMA2_Stream6_IRQHandler
                0x0000000008001fe4                DMA1_Stream3_IRQHandler
 *fill*         0x0000000008001fe6        0x2 
 .text.HAL_Init
                0x0000000008001fe8       0x44 ./Drivers/STM32F4xx_HAL_Driver/Src/stm32f4xx_hal.o
                0x0000000008001fe8                HAL_Init
 .text.HAL_InitTick
                0x000000000800202c       0x60 ./Drivers/STM32F4xx_HAL_Driver/Src/stm32f4xx_hal.o
                0x000000000800202c                HAL_InitTick
 .text.HAL_IncTick
                0x000000000800208c       0x28 ./Drivers/STM32F4xx_HAL_Driver/Src/stm32f4xx_hal.o
                0x000000000800208c                HAL_IncTick
 .text.HAL_GetTick
                0x00000000080020b4       0x18 ./Drivers/STM32F4xx_HAL_Driver/Src/stm32f4xx_hal.o
                0x00000000080020b4                HAL_GetTick
 .text.HAL_Delay
                0x00000000080020cc       0x48 ./Drivers/STM32F4xx_HAL_Driver/Src/stm32f4xx_hal.o
                0x00000000080020cc                HAL_Delay
 .text.__NVIC_SetPriorityGrouping
                0x0000000008002114       0x48 ./Drivers/STM32F4xx_HAL_Driver/Src/stm32f4xx_hal_cortex.o
 .text.__NVIC_GetPriorityGrouping
                0x000000000800215c       0x1c ./Drivers/STM32F4xx_HAL_Driver/Src/stm32f4xx_hal_cortex.o
 .text.__NVIC_SetPriority
                0x0000000008002178       0x54 ./Drivers/STM32F4xx_HAL_Driver/Src/stm32f4xx_hal_cortex.o
 .text.NVIC_EncodePriority
                0x00000000080021cc       0x66 ./Drivers/STM32F4xx_HAL_Driver/Src/stm32f4xx_hal_cortex.o
 *fill*         0x0000000008002232        0x2 
 .text.SysTick_Config
                0x0000000008002234       0x44 ./Drivers/STM32F4xx_HAL_Driver/Src/stm32f4xx_hal_cortex.o
 .text.HAL_NVIC_SetPriorityGrouping
                0x0000000008002278       0x16 ./Drivers/STM32F4xx_HAL_Driver/Src/stm32f4xx_hal_cortex.o
                0x0000000008002278                HAL_NVIC_SetPriorityGrouping
 .text.HAL_NVIC_SetPriority
                0x000000000800228e       0x38 ./Drivers/STM32F4xx_HAL_Driver/Src/stm32f4xx_hal_cortex.o
                0x000000000800228e                HAL_NVIC_SetPriority
 .text.HAL_SYSTICK_Config
                0x00000000080022c6       0x18 ./Drivers/STM32F4xx_HAL_Driver/Src/stm32f4xx_hal_cortex.o
                0x00000000080022c6                HAL_SYSTICK_Config
 *fill*         0x00000000080022de        0x2 
 .text.HAL_GPIO_Init
                0x00000000080022e0      0x308 ./Drivers/STM32F4xx_HAL_Driver/Src/stm32f4xx_hal_gpio.o
                0x00000000080022e0                HAL_GPIO_Init
 .text.HAL_GPIO_WritePin
                0x00000000080025e8       0x32 ./Drivers/STM32F4xx_HAL_Driver/Src/stm32f4xx_hal_gpio.o
                0x00000000080025e8                HAL_GPIO_WritePin
 .text.HAL_GPIO_TogglePin
                0x000000000800261a       0x34 ./Drivers/STM32F4xx_HAL_Driver/Src/stm32f4xx_hal_gpio.o
                0x000000000800261a                HAL_GPIO_TogglePin
 *fill*         0x000000000800264e        0x2 
 .text.HAL_I2C_Init
                0x0000000008002650      0x288 ./Drivers/STM32F4xx_HAL_Driver/Src/stm32f4xx_hal_i2c.o
                0x0000000008002650                HAL_I2C_Init
 .text.HAL_I2C_Master_Transmit
                0x00000000080028d8      0x1fc ./Drivers/STM32F4xx_HAL_Driver/Src/stm32f4xx_hal_i2c.o
                0x00000000080028d8                HAL_I2C_Master_Transmit
 .text.HAL_I2C_Master_Receive
                0x0000000008002ad4      0x44c ./Drivers/STM32F4xx_HAL_Driver/Src/stm32f4xx_hal_i2c.o
                0x0000000008002ad4                HAL_I2C_Master_Receive
 .text.HAL_I2C_IsDeviceReady
                0x0000000008002f20      0x25c ./Drivers/STM32F4xx_HAL_Driver/Src/stm32f4xx_hal_i2c.o
                0x0000000008002f20                HAL_I2C_IsDeviceReady
 .text.I2C_MasterRequestWrite
                0x000000000800317c      0x104 ./Drivers/STM32F4xx_HAL_Driver/Src/stm32f4xx_hal_i2c.o
 .text.I2C_MasterRequestRead
                0x0000000008003280      0x19c ./Drivers/STM32F4xx_HAL_Driver/Src/stm32f4xx_hal_i2c.o
 .text.I2C_WaitOnFlagUntilTimeout
                0x000000000800341c       0xae ./Drivers/STM32F4xx_HAL_Driver/Src/stm32f4xx_hal_i2c.o
 .text.I2C_WaitOnMasterAddressFlagUntilTimeout
                0x00000000080034ca       0xfe ./Drivers/STM32F4xx_HAL_Driver/Src/stm32f4xx_hal_i2c.o
 .text.I2C_WaitOnTXEFlagUntilTimeout
                0x00000000080035c8       0x82 ./Drivers/STM32F4xx_HAL_Driver/Src/stm32f4xx_hal_i2c.o
 .text.I2C_WaitOnBTFFlagUntilTimeout
                0x000000000800364a       0x82 ./Drivers/STM32F4xx_HAL_Driver/Src/stm32f4xx_hal_i2c.o
 .text.I2C_WaitOnRXNEFlagUntilTimeout
                0x00000000080036cc       0xac ./Drivers/STM32F4xx_HAL_Driver/Src/stm32f4xx_hal_i2c.o
 .text.I2C_IsAcknowledgeFailed
                0x0000000008003778       0x5e ./Drivers/STM32F4xx_HAL_Driver/Src/stm32f4xx_hal_i2c.o
 *fill*         0x00000000080037d6        0x2 
 .text.HAL_RCC_OscConfig
                0x00000000080037d8      0x4f0 ./Drivers/STM32F4xx_HAL_Driver/Src/stm32f4xx_hal_rcc.o
                0x00000000080037d8                HAL_RCC_OscConfig
 .text.HAL_RCC_ClockConfig
                0x0000000008003cc8      0x1cc ./Drivers/STM32F4xx_HAL_Driver/Src/stm32f4xx_hal_rcc.o
                0x0000000008003cc8                HAL_RCC_ClockConfig
 .text.HAL_RCC_GetSysClockFreq
                0x0000000008003e94      0x18c ./Drivers/STM32F4xx_HAL_Driver/Src/stm32f4xx_hal_rcc.o
                0x0000000008003e94                HAL_RCC_GetSysClockFreq
 .text.HAL_RCC_GetHCLKFreq
                0x0000000008004020       0x18 ./Drivers/STM32F4xx_HAL_Driver/Src/stm32f4xx_hal_rcc.o
                0x0000000008004020                HAL_RCC_GetHCLKFreq
 .text.HAL_RCC_GetPCLK1Freq
                0x0000000008004038       0x28 ./Drivers/STM32F4xx_HAL_Driver/Src/stm32f4xx_hal_rcc.o
                0x0000000008004038                HAL_RCC_GetPCLK1Freq
 .text.HAL_RCC_GetPCLK2Freq
                0x0000000008004060       0x28 ./Drivers/STM32F4xx_HAL_Driver/Src/stm32f4xx_hal_rcc.o
                0x0000000008004060                HAL_RCC_GetPCLK2Freq
 .text.HAL_SPI_Init
                0x0000000008004088      0x112 ./Drivers/STM32F4xx_HAL_Driver/Src/stm32f4xx_hal_spi.o
                0x0000000008004088                HAL_SPI_Init
 .text.HAL_SPI_Transmit
                0x000000000800419a      0x278 ./Drivers/STM32F4xx_HAL_Driver/Src/stm32f4xx_hal_spi.o
                0x000000000800419a                HAL_SPI_Transmit
 .text.HAL_SPI_Receive
                0x0000000008004412      0x222 ./Drivers/STM32F4xx_HAL_Driver/Src/stm32f4xx_hal_spi.o
                0x0000000008004412                HAL_SPI_Receive
 .text.HAL_SPI_TransmitReceive
                0x0000000008004634      0x344 ./Drivers/STM32F4xx_HAL_Driver/Src/stm32f4xx_hal_spi.o
                0x0000000008004634                HAL_SPI_TransmitReceive
 .text.SPI_WaitFlagStateUntilTimeout
                0x0000000008004978      0x110 ./Drivers/STM32F4xx_HAL_Driver/Src/stm32f4xx_hal_spi.o
 .text.SPI_EndRxTransaction
                0x0000000008004a88       0xca ./Drivers/STM32F4xx_HAL_Driver/Src/stm32f4xx_hal_spi.o
 *fill*         0x0000000008004b52        0x2 
 .text.SPI_EndRxTxTransaction
                0x0000000008004b54       0x84 ./Drivers/STM32F4xx_HAL_Driver/Src/stm32f4xx_hal_spi.o
 .text.HAL_UART_Init
                0x0000000008004bd8       0x9a ./Drivers/STM32F4xx_HAL_Driver/Src/stm32f4xx_hal_uart.o
                0x0000000008004bd8                HAL_UART_Init
 .text.HAL_UART_Transmit
                0x0000000008004c72      0x124 ./Drivers/STM32F4xx_HAL_Driver/Src/stm32f4xx_hal_uart.o
                0x0000000008004c72                HAL_UART_Transmit
 .text.UART_WaitOnFlagUntilTimeout
                0x0000000008004d96       0xdc ./Drivers/STM32F4xx_HAL_Driver/Src/stm32f4xx_hal_uart.o
 *fill*         0x0000000008004e72        0x2 
 .text.UART_SetConfig
                0x0000000008004e74      0x4e8 ./Drivers/STM32F4xx_HAL_Driver/Src/stm32f4xx_hal_uart.o
 .text.sprintf  0x000000000800535c       0x40 C:/ST/STM32CubeIDE_1.11.0/STM32CubeIDE/plugins/com.st.stm32cube.ide.mcu.externaltools.gnu-tools-for-stm32.11.3.rel1.win32_1.1.1.202309131626/tools/bin/../lib/gcc/arm-none-eabi/11.3.1/../../../../arm-none-eabi/lib/thumb/v7e-m+fp/hard\libc_nano.a(libc_a-sprintf.o)
                0x000000000800535c                siprintf
                0x000000000800535c                sprintf
 .text.memset   0x000000000800539c       0x10 C:/ST/STM32CubeIDE_1.11.0/STM32CubeIDE/plugins/com.st.stm32cube.ide.mcu.externaltools.gnu-tools-for-stm32.11.3.rel1.win32_1.1.1.202309131626/tools/bin/../lib/gcc/arm-none-eabi/11.3.1/../../../../arm-none-eabi/lib/thumb/v7e-m+fp/hard\libc_nano.a(libc_a-memset.o)
                0x000000000800539c                memset
 .text.__errno  0x00000000080053ac        0xc C:/ST/STM32CubeIDE_1.11.0/STM32CubeIDE/plugins/com.st.stm32cube.ide.mcu.externaltools.gnu-tools-for-stm32.11.3.rel1.win32_1.1.1.202309131626/tools/bin/../lib/gcc/arm-none-eabi/11.3.1/../../../../arm-none-eabi/lib/thumb/v7e-m+fp/hard\libc_nano.a(libc_a-errno.o)
                0x00000000080053ac                __errno
 .text.__libc_init_array
                0x00000000080053b8       0x48 C:/ST/STM32CubeIDE_1.11.0/STM32CubeIDE/plugins/com.st.stm32cube.ide.mcu.externaltools.gnu-tools-for-stm32.11.3.rel1.win32_1.1.1.202309131626/tools/bin/../lib/gcc/arm-none-eabi/11.3.1/../../../../arm-none-eabi/lib/thumb/v7e-m+fp/hard\libc_nano.a(libc_a-init.o)
                0x00000000080053b8                __libc_init_array
 .text.__retarget_lock_acquire_recursive
                0x0000000008005400        0x2 C:/ST/STM32CubeIDE_1.11.0/STM32CubeIDE/plugins/com.st.stm32cube.ide.mcu.externaltools.gnu-tools-for-stm32.11.3.rel1.win32_1.1.1.202309131626/tools/bin/../lib/gcc/arm-none-eabi/11.3.1/../../../../arm-none-eabi/lib/thumb/v7e-m+fp/hard\libc_nano.a(libc_a-lock.o)
                0x0000000008005400                __retarget_lock_acquire_recursive
 .text.__retarget_lock_release_recursive
                0x0000000008005402        0x2 C:/ST/STM32CubeIDE_1.11.0/STM32CubeIDE/plugins/com.st.stm32cube.ide.mcu.externaltools.gnu-tools-for-stm32.11.3.rel1.win32_1.1.1.202309131626/tools/bin/../lib/gcc/arm-none-eabi/11.3.1/../../../../arm-none-eabi/lib/thumb/v7e-m+fp/hard\libc_nano.a(libc_a-lock.o)
                0x0000000008005402                __retarget_lock_release_recursive
 .text.memcpy   0x0000000008005404       0x1c C:/ST/STM32CubeIDE_1.11.0/STM32CubeIDE/plugins/com.st.stm32cube.ide.mcu.externaltools.gnu-tools-for-stm32.11.3.rel1.win32_1.1.1.202309131626/tools/bin/../lib/gcc/arm-none-eabi/11.3.1/../../../../arm-none-eabi/lib/thumb/v7e-m+fp/hard\libc_nano.a(libc_a-memcpy-stub.o)
                0x0000000008005404                memcpy
 .text._free_r  0x0000000008005420       0x98 C:/ST/STM32CubeIDE_1.11.0/STM32CubeIDE/plugins/com.st.stm32cube.ide.mcu.externaltools.gnu-tools-for-stm32.11.3.rel1.win32_1.1.1.202309131626/tools/bin/../lib/gcc/arm-none-eabi/11.3.1/../../../../arm-none-eabi/lib/thumb/v7e-m+fp/hard\libc_nano.a(libc_a-freer.o)
                0x0000000008005420                _free_r
 .text.sbrk_aligned
                0x00000000080054b8       0x40 C:/ST/STM32CubeIDE_1.11.0/STM32CubeIDE/plugins/com.st.stm32cube.ide.mcu.externaltools.gnu-tools-for-stm32.11.3.rel1.win32_1.1.1.202309131626/tools/bin/../lib/gcc/arm-none-eabi/11.3.1/../../../../arm-none-eabi/lib/thumb/v7e-m+fp/hard\libc_nano.a(libc_a-mallocr.o)
 .text._malloc_r
                0x00000000080054f8      0x100 C:/ST/STM32CubeIDE_1.11.0/STM32CubeIDE/plugins/com.st.stm32cube.ide.mcu.externaltools.gnu-tools-for-stm32.11.3.rel1.win32_1.1.1.202309131626/tools/bin/../lib/gcc/arm-none-eabi/11.3.1/../../../../arm-none-eabi/lib/thumb/v7e-m+fp/hard\libc_nano.a(libc_a-mallocr.o)
                0x00000000080054f8                _malloc_r
 .text.__malloc_lock
                0x00000000080055f8        0xc C:/ST/STM32CubeIDE_1.11.0/STM32CubeIDE/plugins/com.st.stm32cube.ide.mcu.externaltools.gnu-tools-for-stm32.11.3.rel1.win32_1.1.1.202309131626/tools/bin/../lib/gcc/arm-none-eabi/11.3.1/../../../../arm-none-eabi/lib/thumb/v7e-m+fp/hard\libc_nano.a(libc_a-mlock.o)
                0x00000000080055f8                __malloc_lock
 .text.__malloc_unlock
                0x0000000008005604        0xc C:/ST/STM32CubeIDE_1.11.0/STM32CubeIDE/plugins/com.st.stm32cube.ide.mcu.externaltools.gnu-tools-for-stm32.11.3.rel1.win32_1.1.1.202309131626/tools/bin/../lib/gcc/arm-none-eabi/11.3.1/../../../../arm-none-eabi/lib/thumb/v7e-m+fp/hard\libc_nano.a(libc_a-mlock.o)
                0x0000000008005604                __malloc_unlock
 .text.__ssputs_r
                0x0000000008005610       0xb4 C:/ST/STM32CubeIDE_1.11.0/STM32CubeIDE/plugins/com.st.stm32cube.ide.mcu.externaltools.gnu-tools-for-stm32.11.3.rel1.win32_1.1.1.202309131626/tools/bin/../lib/gcc/arm-none-eabi/11.3.1/../../../../arm-none-eabi/lib/thumb/v7e-m+fp/hard\libc_nano.a(libc_a-nano-svfprintf.o)
                0x0000000008005610                __ssputs_r
 .text._svfprintf_r
                0x00000000080056c4      0x1fc C:/ST/STM32CubeIDE_1.11.0/STM32CubeIDE/plugins/com.st.stm32cube.ide.mcu.externaltools.gnu-tools-for-stm32.11.3.rel1.win32_1.1.1.202309131626/tools/bin/../lib/gcc/arm-none-eabi/11.3.1/../../../../arm-none-eabi/lib/thumb/v7e-m+fp/hard\libc_nano.a(libc_a-nano-svfprintf.o)
                0x00000000080056c4                _svfiprintf_r
                0x00000000080056c4                _svfprintf_r
 .text._printf_common
                0x00000000080058c0       0xda C:/ST/STM32CubeIDE_1.11.0/STM32CubeIDE/plugins/com.st.stm32cube.ide.mcu.externaltools.gnu-tools-for-stm32.11.3.rel1.win32_1.1.1.202309131626/tools/bin/../lib/gcc/arm-none-eabi/11.3.1/../../../../arm-none-eabi/lib/thumb/v7e-m+fp/hard\libc_nano.a(libc_a-nano-vfprintf_i.o)
                0x00000000080058c0                _printf_common
 *fill*         0x000000000800599a        0x2 
 .text._printf_i
                0x000000000800599c      0x244 C:/ST/STM32CubeIDE_1.11.0/STM32CubeIDE/plugins/com.st.stm32cube.ide.mcu.externaltools.gnu-tools-for-stm32.11.3.rel1.win32_1.1.1.202309131626/tools/bin/../lib/gcc/arm-none-eabi/11.3.1/../../../../arm-none-eabi/lib/thumb/v7e-m+fp/hard\libc_nano.a(libc_a-nano-vfprintf_i.o)
                0x000000000800599c                _printf_i
 .text.memmove  0x0000000008005be0       0x34 C:/ST/STM32CubeIDE_1.11.0/STM32CubeIDE/plugins/com.st.stm32cube.ide.mcu.externaltools.gnu-tools-for-stm32.11.3.rel1.win32_1.1.1.202309131626/tools/bin/../lib/gcc/arm-none-eabi/11.3.1/../../../../arm-none-eabi/lib/thumb/v7e-m+fp/hard\libc_nano.a(libc_a-memmove.o)
                0x0000000008005be0                memmove
 .text._sbrk_r  0x0000000008005c14       0x20 C:/ST/STM32CubeIDE_1.11.0/STM32CubeIDE/plugins/com.st.stm32cube.ide.mcu.externaltools.gnu-tools-for-stm32.11.3.rel1.win32_1.1.1.202309131626/tools/bin/../lib/gcc/arm-none-eabi/11.3.1/../../../../arm-none-eabi/lib/thumb/v7e-m+fp/hard\libc_nano.a(libc_a-sbrkr.o)
                0x0000000008005c14                _sbrk_r
 .text._realloc_r
                0x0000000008005c34       0x5e C:/ST/STM32CubeIDE_1.11.0/STM32CubeIDE/plugins/com.st.stm32cube.ide.mcu.externaltools.gnu-tools-for-stm32.11.3.rel1.win32_1.1.1.202309131626/tools/bin/../lib/gcc/arm-none-eabi/11.3.1/../../../../arm-none-eabi/lib/thumb/v7e-m+fp/hard\libc_nano.a(libc_a-reallocr.o)
                0x0000000008005c34                _realloc_r
 .text._malloc_usable_size_r
                0x0000000008005c92       0x10 C:/ST/STM32CubeIDE_1.11.0/STM32CubeIDE/plugins/com.st.stm32cube.ide.mcu.externaltools.gnu-tools-for-stm32.11.3.rel1.win32_1.1.1.202309131626/tools/bin/../lib/gcc/arm-none-eabi/11.3.1/../../../../arm-none-eabi/lib/thumb/v7e-m+fp/hard\libc_nano.a(libc_a-msizer.o)
                0x0000000008005c92                _malloc_usable_size_r
 *(.glue_7)
 .glue_7        0x0000000008005ca2        0x0 linker stubs
 *(.glue_7t)
 .glue_7t       0x0000000008005ca2        0x0 linker stubs
 *(.eh_frame)
 *fill*         0x0000000008005ca2        0x2 
 .eh_frame      0x0000000008005ca4        0x0 C:/ST/STM32CubeIDE_1.11.0/STM32CubeIDE/plugins/com.st.stm32cube.ide.mcu.externaltools.gnu-tools-for-stm32.11.3.rel1.win32_1.1.1.202309131626/tools/bin/../lib/gcc/arm-none-eabi/11.3.1/thumb/v7e-m+fp/hard/crtbegin.o
 *(.init)
 .init          0x0000000008005ca4        0x4 C:/ST/STM32CubeIDE_1.11.0/STM32CubeIDE/plugins/com.st.stm32cube.ide.mcu.externaltools.gnu-tools-for-stm32.11.3.rel1.win32_1.1.1.202309131626/tools/bin/../lib/gcc/arm-none-eabi/11.3.1/thumb/v7e-m+fp/hard/crti.o
                0x0000000008005ca4                _init
 .init          0x0000000008005ca8        0x8 C:/ST/STM32CubeIDE_1.11.0/STM32CubeIDE/plugins/com.st.stm32cube.ide.mcu.externaltools.gnu-tools-for-stm32.11.3.rel1.win32_1.1.1.202309131626/tools/bin/../lib/gcc/arm-none-eabi/11.3.1/thumb/v7e-m+fp/hard/crtn.o
 *(.fini)
 .fini          0x0000000008005cb0        0x4 C:/ST/STM32CubeIDE_1.11.0/STM32CubeIDE/plugins/com.st.stm32cube.ide.mcu.externaltools.gnu-tools-for-stm32.11.3.rel1.win32_1.1.1.202309131626/tools/bin/../lib/gcc/arm-none-eabi/11.3.1/thumb/v7e-m+fp/hard/crti.o
                0x0000000008005cb0                _fini
 .fini          0x0000000008005cb4        0x8 C:/ST/STM32CubeIDE_1.11.0/STM32CubeIDE/plugins/com.st.stm32cube.ide.mcu.externaltools.gnu-tools-for-stm32.11.3.rel1.win32_1.1.1.202309131626/tools/bin/../lib/gcc/arm-none-eabi/11.3.1/thumb/v7e-m+fp/hard/crtn.o
                0x0000000008005cbc                . = ALIGN (0x4)
                0x0000000008005cbc                _etext = .

.vfp11_veneer   0x0000000008005cbc        0x0
 .vfp11_veneer  0x0000000008005cbc        0x0 linker stubs

.v4_bx          0x0000000008005cbc        0x0
 .v4_bx         0x0000000008005cbc        0x0 linker stubs

.iplt           0x0000000008005cbc        0x0
 .iplt          0x0000000008005cbc        0x0 C:/ST/STM32CubeIDE_1.11.0/STM32CubeIDE/plugins/com.st.stm32cube.ide.mcu.externaltools.gnu-tools-for-stm32.11.3.rel1.win32_1.1.1.202309131626/tools/bin/../lib/gcc/arm-none-eabi/11.3.1/thumb/v7e-m+fp/hard/crtbegin.o

.rodata         0x0000000008005cbc      0x5e4
                0x0000000008005cbc                . = ALIGN (0x4)
 *(.rodata)
 .rodata        0x0000000008005cbc      0x541 ./Core/Src/MY_NRF24.o
 *fill*         0x00000000080061fd        0x3 
 .rodata        0x0000000008006200       0x4f ./Core/Src/nrf_helper.o
 *fill*         0x000000000800624f        0x1 
 .rodata        0x0000000008006250        0x3 ./Core/Src/utilities.o
 *(.rodata*)
 *fill*         0x0000000008006253        0x1 
 .rodata.AHBPrescTable
                0x0000000008006254       0x10 ./Core/Src/system_stm32f4xx.o
                0x0000000008006254                AHBPrescTable
 .rodata.APBPrescTable
                0x0000000008006264        0x8 ./Core/Src/system_stm32f4xx.o
                0x0000000008006264                APBPrescTable
 .rodata._svfprintf_r.str1.1
                0x000000000800626c       0x11 C:/ST/STM32CubeIDE_1.11.0/STM32CubeIDE/plugins/com.st.stm32cube.ide.mcu.externaltools.gnu-tools-for-stm32.11.3.rel1.win32_1.1.1.202309131626/tools/bin/../lib/gcc/arm-none-eabi/11.3.1/../../../../arm-none-eabi/lib/thumb/v7e-m+fp/hard\libc_nano.a(libc_a-nano-svfprintf.o)
 .rodata._printf_i.str1.1
                0x000000000800627d       0x22 C:/ST/STM32CubeIDE_1.11.0/STM32CubeIDE/plugins/com.st.stm32cube.ide.mcu.externaltools.gnu-tools-for-stm32.11.3.rel1.win32_1.1.1.202309131626/tools/bin/../lib/gcc/arm-none-eabi/11.3.1/../../../../arm-none-eabi/lib/thumb/v7e-m+fp/hard\libc_nano.a(libc_a-nano-vfprintf_i.o)
                0x00000000080062a0                . = ALIGN (0x4)
 *fill*         0x000000000800629f        0x1 

.ARM.extab      0x00000000080062a0        0x0
                0x00000000080062a0                . = ALIGN (0x4)
 *(.ARM.extab* .gnu.linkonce.armextab.*)
                0x00000000080062a0                . = ALIGN (0x4)

.ARM            0x00000000080062a0        0x8
                0x00000000080062a0                . = ALIGN (0x4)
                0x00000000080062a0                __exidx_start = .
 *(.ARM.exidx*)
 .ARM.exidx     0x00000000080062a0        0x8 C:/ST/STM32CubeIDE_1.11.0/STM32CubeIDE/plugins/com.st.stm32cube.ide.mcu.externaltools.gnu-tools-for-stm32.11.3.rel1.win32_1.1.1.202309131626/tools/bin/../lib/gcc/arm-none-eabi/11.3.1/thumb/v7e-m+fp/hard\libgcc.a(_udivmoddi4.o)
                0x00000000080062a8                __exidx_end = .
                0x00000000080062a8                . = ALIGN (0x4)

.rel.dyn        0x00000000080062a8        0x0
 .rel.iplt      0x00000000080062a8        0x0 C:/ST/STM32CubeIDE_1.11.0/STM32CubeIDE/plugins/com.st.stm32cube.ide.mcu.externaltools.gnu-tools-for-stm32.11.3.rel1.win32_1.1.1.202309131626/tools/bin/../lib/gcc/arm-none-eabi/11.3.1/thumb/v7e-m+fp/hard/crtbegin.o

.preinit_array  0x00000000080062a8        0x0
                0x00000000080062a8                . = ALIGN (0x4)
                0x00000000080062a8                PROVIDE (__preinit_array_start = .)
 *(.preinit_array*)
                0x00000000080062a8                PROVIDE (__preinit_array_end = .)
                0x00000000080062a8                . = ALIGN (0x4)

.init_array     0x00000000080062a8        0x4
                0x00000000080062a8                . = ALIGN (0x4)
                0x00000000080062a8                PROVIDE (__init_array_start = .)
 *(SORT_BY_NAME(.init_array.*))
 *(.init_array*)
 .init_array    0x00000000080062a8        0x4 C:/ST/STM32CubeIDE_1.11.0/STM32CubeIDE/plugins/com.st.stm32cube.ide.mcu.externaltools.gnu-tools-for-stm32.11.3.rel1.win32_1.1.1.202309131626/tools/bin/../lib/gcc/arm-none-eabi/11.3.1/thumb/v7e-m+fp/hard/crtbegin.o
                0x00000000080062ac                PROVIDE (__init_array_end = .)
                0x00000000080062ac                . = ALIGN (0x4)

.fini_array     0x00000000080062ac        0x4
                0x00000000080062ac                . = ALIGN (0x4)
                [!provide]                        PROVIDE (__fini_array_start = .)
 *(SORT_BY_NAME(.fini_array.*))
 *(.fini_array*)
 .fini_array    0x00000000080062ac        0x4 C:/ST/STM32CubeIDE_1.11.0/STM32CubeIDE/plugins/com.st.stm32cube.ide.mcu.externaltools.gnu-tools-for-stm32.11.3.rel1.win32_1.1.1.202309131626/tools/bin/../lib/gcc/arm-none-eabi/11.3.1/thumb/v7e-m+fp/hard/crtbegin.o
                [!provide]                        PROVIDE (__fini_array_end = .)
                0x00000000080062b0                . = ALIGN (0x4)
                0x00000000080062b0                _sidata = LOADADDR (.data)

.data           0x0000000020000000       0x78 load address 0x00000000080062b0
                0x0000000020000000                . = ALIGN (0x4)
                0x0000000020000000                _sdata = .
 *(.data)
 *(.data*)
 .data.DP_SENSOR_ADDR
                0x0000000020000000        0x1 ./Core/Src/ADP8XX_DP_SENSOR.o
                0x0000000020000000                DP_SENSOR_ADDR
 *fill*         0x0000000020000001        0x3 
 .data.i2c_RETRY_TIME
                0x0000000020000004        0x4 ./Core/Src/ADP8XX_DP_SENSOR.o
                0x0000000020000004                i2c_RETRY_TIME
 .data.node_channel_addr
                0x0000000020000008        0x1 ./Core/Src/nrf_helper.o
                0x0000000020000008                node_channel_addr
 *fill*         0x0000000020000009        0x7 
 .data.target_pipe_addr
                0x0000000020000010        0x8 ./Core/Src/nrf_helper.o
                0x0000000020000010                target_pipe_addr
 .data.target_channel_addr
                0x0000000020000018        0x1 ./Core/Src/nrf_helper.o
                0x0000000020000018                target_channel_addr
 *fill*         0x0000000020000019        0x3 
 .data.SystemCoreClock
                0x000000002000001c        0x4 ./Core/Src/system_stm32f4xx.o
                0x000000002000001c                SystemCoreClock
 .data.uwTickPrio
                0x0000000020000020        0x4 ./Drivers/STM32F4xx_HAL_Driver/Src/stm32f4xx_hal.o
                0x0000000020000020                uwTickPrio
 .data.uwTickFreq
                0x0000000020000024        0x1 ./Drivers/STM32F4xx_HAL_Driver/Src/stm32f4xx_hal.o
                0x0000000020000024                uwTickFreq
 *fill*         0x0000000020000025        0x3 
 .data._impure_data
                0x0000000020000028       0x4c C:/ST/STM32CubeIDE_1.11.0/STM32CubeIDE/plugins/com.st.stm32cube.ide.mcu.externaltools.gnu-tools-for-stm32.11.3.rel1.win32_1.1.1.202309131626/tools/bin/../lib/gcc/arm-none-eabi/11.3.1/../../../../arm-none-eabi/lib/thumb/v7e-m+fp/hard\libc_nano.a(libc_a-impure.o)
                0x0000000020000028                _impure_data
 .data._impure_ptr
                0x0000000020000074        0x4 C:/ST/STM32CubeIDE_1.11.0/STM32CubeIDE/plugins/com.st.stm32cube.ide.mcu.externaltools.gnu-tools-for-stm32.11.3.rel1.win32_1.1.1.202309131626/tools/bin/../lib/gcc/arm-none-eabi/11.3.1/../../../../arm-none-eabi/lib/thumb/v7e-m+fp/hard\libc_nano.a(libc_a-impure.o)
                0x0000000020000074                _impure_ptr
 *(.RamFunc)
 *(.RamFunc*)
                0x0000000020000078                . = ALIGN (0x4)
                0x0000000020000078                _edata = .

.igot.plt       0x0000000020000078        0x0 load address 0x0000000008006328
 .igot.plt      0x0000000020000078        0x0 C:/ST/STM32CubeIDE_1.11.0/STM32CubeIDE/plugins/com.st.stm32cube.ide.mcu.externaltools.gnu-tools-for-stm32.11.3.rel1.win32_1.1.1.202309131626/tools/bin/../lib/gcc/arm-none-eabi/11.3.1/thumb/v7e-m+fp/hard/crtbegin.o
                0x0000000020000078                . = ALIGN (0x4)

.bss            0x0000000020000078      0x308 load address 0x0000000008006328
                0x0000000020000078                _sbss = .
                0x0000000020000078                __bss_start__ = _sbss
 *(.bss)
 .bss           0x0000000020000078       0x1c C:/ST/STM32CubeIDE_1.11.0/STM32CubeIDE/plugins/com.st.stm32cube.ide.mcu.externaltools.gnu-tools-for-stm32.11.3.rel1.win32_1.1.1.202309131626/tools/bin/../lib/gcc/arm-none-eabi/11.3.1/thumb/v7e-m+fp/hard/crtbegin.o
 *(.bss*)
 .bss.ack_payload_available
                0x0000000020000094        0x1 ./Core/Src/MY_NRF24.o
 .bss.ack_payload_length
                0x0000000020000095        0x1 ./Core/Src/MY_NRF24.o
 .bss.payload_size
                0x0000000020000096        0x1 ./Core/Src/MY_NRF24.o
 .bss.dynamic_payloads_enabled
                0x0000000020000097        0x1 ./Core/Src/MY_NRF24.o
 .bss.wide_band
                0x0000000020000098        0x1 ./Core/Src/MY_NRF24.o
 *fill*         0x0000000020000099        0x3 
 .bss.nrf24_PORT
                0x000000002000009c        0x4 ./Core/Src/MY_NRF24.o
 .bss.nrf24_CSN_PIN
                0x00000000200000a0        0x2 ./Core/Src/MY_NRF24.o
 .bss.nrf24_CE_PIN
                0x00000000200000a2        0x2 ./Core/Src/MY_NRF24.o
 .bss.nrf24_hspi
                0x00000000200000a4       0x58 ./Core/Src/MY_NRF24.o
 .bss.nrf24_huart
                0x00000000200000fc       0x44 ./Core/Src/MY_NRF24.o
 .bss.hi2c1     0x0000000020000140       0x54 ./Core/Src/main.o
                0x0000000020000140                hi2c1
 .bss.hspi2     0x0000000020000194       0x58 ./Core/Src/main.o
                0x0000000020000194                hspi2
 .bss.huart2    0x00000000200001ec       0x44 ./Core/Src/main.o
                0x00000000200001ec                huart2
 .bss.__sbrk_heap_end
                0x0000000020000230        0x4 ./Core/Src/sysmem.o
 .bss.uwTick    0x0000000020000234        0x4 ./Drivers/STM32F4xx_HAL_Driver/Src/stm32f4xx_hal.o
                0x0000000020000234                uwTick
 .bss.__sf      0x0000000020000238      0x138 C:/ST/STM32CubeIDE_1.11.0/STM32CubeIDE/plugins/com.st.stm32cube.ide.mcu.externaltools.gnu-tools-for-stm32.11.3.rel1.win32_1.1.1.202309131626/tools/bin/../lib/gcc/arm-none-eabi/11.3.1/../../../../arm-none-eabi/lib/thumb/v7e-m+fp/hard\libc_nano.a(libc_a-findfp.o)
                0x0000000020000238                __sf
 .bss.errno     0x0000000020000370        0x4 C:/ST/STM32CubeIDE_1.11.0/STM32CubeIDE/plugins/com.st.stm32cube.ide.mcu.externaltools.gnu-tools-for-stm32.11.3.rel1.win32_1.1.1.202309131626/tools/bin/../lib/gcc/arm-none-eabi/11.3.1/../../../../arm-none-eabi/lib/thumb/v7e-m+fp/hard\libc_nano.a(libc_a-reent.o)
                0x0000000020000370                errno
 .bss.__lock___malloc_recursive_mutex
                0x0000000020000374        0x1 C:/ST/STM32CubeIDE_1.11.0/STM32CubeIDE/plugins/com.st.stm32cube.ide.mcu.externaltools.gnu-tools-for-stm32.11.3.rel1.win32_1.1.1.202309131626/tools/bin/../lib/gcc/arm-none-eabi/11.3.1/../../../../arm-none-eabi/lib/thumb/v7e-m+fp/hard\libc_nano.a(libc_a-lock.o)
                0x0000000020000374                __lock___malloc_recursive_mutex
 *fill*         0x0000000020000375        0x3 
 .bss.__malloc_free_list
                0x0000000020000378        0x4 C:/ST/STM32CubeIDE_1.11.0/STM32CubeIDE/plugins/com.st.stm32cube.ide.mcu.externaltools.gnu-tools-for-stm32.11.3.rel1.win32_1.1.1.202309131626/tools/bin/../lib/gcc/arm-none-eabi/11.3.1/../../../../arm-none-eabi/lib/thumb/v7e-m+fp/hard\libc_nano.a(libc_a-mallocr.o)
                0x0000000020000378                __malloc_free_list
 .bss.__malloc_sbrk_start
                0x000000002000037c        0x4 C:/ST/STM32CubeIDE_1.11.0/STM32CubeIDE/plugins/com.st.stm32cube.ide.mcu.externaltools.gnu-tools-for-stm32.11.3.rel1.win32_1.1.1.202309131626/tools/bin/../lib/gcc/arm-none-eabi/11.3.1/../../../../arm-none-eabi/lib/thumb/v7e-m+fp/hard\libc_nano.a(libc_a-mallocr.o)
                0x000000002000037c                __malloc_sbrk_start
 *(COMMON)
                0x0000000020000380                . = ALIGN (0x4)
                0x0000000020000380                _ebss = .
                0x0000000020000380                __bss_end__ = _ebss

._user_heap_stack
                0x0000000020000380      0x600 load address 0x0000000008006328
                0x0000000020000380                . = ALIGN (0x8)
                [!provide]                        PROVIDE (end = .)
                0x0000000020000380                PROVIDE (_end = .)
                0x0000000020000580                . = (. + _Min_Heap_Size)
 *fill*         0x0000000020000380      0x200 
                0x0000000020000980                . = (. + _Min_Stack_Size)
 *fill*         0x0000000020000580      0x400 
                0x0000000020000980                . = ALIGN (0x8)

/DISCARD/
 libc.a(*)
 libm.a(*)
 libgcc.a(*)

.ARM.attributes
                0x0000000000000000       0x30
 *(.ARM.attributes)
 .ARM.attributes
                0x0000000000000000       0x1e C:/ST/STM32CubeIDE_1.11.0/STM32CubeIDE/plugins/com.st.stm32cube.ide.mcu.externaltools.gnu-tools-for-stm32.11.3.rel1.win32_1.1.1.202309131626/tools/bin/../lib/gcc/arm-none-eabi/11.3.1/thumb/v7e-m+fp/hard/crti.o
 .ARM.attributes
                0x000000000000001e       0x34 C:/ST/STM32CubeIDE_1.11.0/STM32CubeIDE/plugins/com.st.stm32cube.ide.mcu.externaltools.gnu-tools-for-stm32.11.3.rel1.win32_1.1.1.202309131626/tools/bin/../lib/gcc/arm-none-eabi/11.3.1/thumb/v7e-m+fp/hard/crtbegin.o
 .ARM.attributes
                0x0000000000000052       0x34 ./Core/Src/ADP8XX_DP_SENSOR.o
 .ARM.attributes
                0x0000000000000086       0x34 ./Core/Src/MY_NRF24.o
 .ARM.attributes
                0x00000000000000ba       0x34 ./Core/Src/main.o
 .ARM.attributes
                0x00000000000000ee       0x34 ./Core/Src/nrf_helper.o
 .ARM.attributes
                0x0000000000000122       0x34 ./Core/Src/stm32f4xx_hal_msp.o
 .ARM.attributes
                0x0000000000000156       0x34 ./Core/Src/stm32f4xx_it.o
 .ARM.attributes
                0x000000000000018a       0x34 ./Core/Src/sysmem.o
 .ARM.attributes
                0x00000000000001be       0x34 ./Core/Src/system_stm32f4xx.o
 .ARM.attributes
                0x00000000000001f2       0x34 ./Core/Src/utilities.o
 .ARM.attributes
                0x0000000000000226       0x21 ./Core/Startup/startup_stm32f401ccux.o
 .ARM.attributes
                0x0000000000000247       0x34 ./Drivers/STM32F4xx_HAL_Driver/Src/stm32f4xx_hal.o
 .ARM.attributes
                0x000000000000027b       0x34 ./Drivers/STM32F4xx_HAL_Driver/Src/stm32f4xx_hal_cortex.o
 .ARM.attributes
                0x00000000000002af       0x34 ./Drivers/STM32F4xx_HAL_Driver/Src/stm32f4xx_hal_gpio.o
 .ARM.attributes
                0x00000000000002e3       0x34 ./Drivers/STM32F4xx_HAL_Driver/Src/stm32f4xx_hal_i2c.o
 .ARM.attributes
                0x0000000000000317       0x34 ./Drivers/STM32F4xx_HAL_Driver/Src/stm32f4xx_hal_rcc.o
 .ARM.attributes
                0x000000000000034b       0x34 ./Drivers/STM32F4xx_HAL_Driver/Src/stm32f4xx_hal_spi.o
 .ARM.attributes
                0x000000000000037f       0x34 ./Drivers/STM32F4xx_HAL_Driver/Src/stm32f4xx_hal_uart.o
 .ARM.attributes
                0x00000000000003b3       0x34 C:/ST/STM32CubeIDE_1.11.0/STM32CubeIDE/plugins/com.st.stm32cube.ide.mcu.externaltools.gnu-tools-for-stm32.11.3.rel1.win32_1.1.1.202309131626/tools/bin/../lib/gcc/arm-none-eabi/11.3.1/../../../../arm-none-eabi/lib/thumb/v7e-m+fp/hard\libc_nano.a(libc_a-findfp.o)
 .ARM.attributes
                0x00000000000003e7       0x34 C:/ST/STM32CubeIDE_1.11.0/STM32CubeIDE/plugins/com.st.stm32cube.ide.mcu.externaltools.gnu-tools-for-stm32.11.3.rel1.win32_1.1.1.202309131626/tools/bin/../lib/gcc/arm-none-eabi/11.3.1/../../../../arm-none-eabi/lib/thumb/v7e-m+fp/hard\libc_nano.a(libc_a-sprintf.o)
 .ARM.attributes
                0x000000000000041b       0x34 C:/ST/STM32CubeIDE_1.11.0/STM32CubeIDE/plugins/com.st.stm32cube.ide.mcu.externaltools.gnu-tools-for-stm32.11.3.rel1.win32_1.1.1.202309131626/tools/bin/../lib/gcc/arm-none-eabi/11.3.1/../../../../arm-none-eabi/lib/thumb/v7e-m+fp/hard\libc_nano.a(libc_a-memset.o)
 .ARM.attributes
                0x000000000000044f       0x34 C:/ST/STM32CubeIDE_1.11.0/STM32CubeIDE/plugins/com.st.stm32cube.ide.mcu.externaltools.gnu-tools-for-stm32.11.3.rel1.win32_1.1.1.202309131626/tools/bin/../lib/gcc/arm-none-eabi/11.3.1/../../../../arm-none-eabi/lib/thumb/v7e-m+fp/hard\libc_nano.a(libc_a-reent.o)
 .ARM.attributes
                0x0000000000000483       0x34 C:/ST/STM32CubeIDE_1.11.0/STM32CubeIDE/plugins/com.st.stm32cube.ide.mcu.externaltools.gnu-tools-for-stm32.11.3.rel1.win32_1.1.1.202309131626/tools/bin/../lib/gcc/arm-none-eabi/11.3.1/../../../../arm-none-eabi/lib/thumb/v7e-m+fp/hard\libc_nano.a(libc_a-impure.o)
 .ARM.attributes
                0x00000000000004b7       0x34 C:/ST/STM32CubeIDE_1.11.0/STM32CubeIDE/plugins/com.st.stm32cube.ide.mcu.externaltools.gnu-tools-for-stm32.11.3.rel1.win32_1.1.1.202309131626/tools/bin/../lib/gcc/arm-none-eabi/11.3.1/../../../../arm-none-eabi/lib/thumb/v7e-m+fp/hard\libc_nano.a(libc_a-errno.o)
 .ARM.attributes
                0x00000000000004eb       0x34 C:/ST/STM32CubeIDE_1.11.0/STM32CubeIDE/plugins/com.st.stm32cube.ide.mcu.externaltools.gnu-tools-for-stm32.11.3.rel1.win32_1.1.1.202309131626/tools/bin/../lib/gcc/arm-none-eabi/11.3.1/../../../../arm-none-eabi/lib/thumb/v7e-m+fp/hard\libc_nano.a(libc_a-init.o)
 .ARM.attributes
                0x000000000000051f       0x34 C:/ST/STM32CubeIDE_1.11.0/STM32CubeIDE/plugins/com.st.stm32cube.ide.mcu.externaltools.gnu-tools-for-stm32.11.3.rel1.win32_1.1.1.202309131626/tools/bin/../lib/gcc/arm-none-eabi/11.3.1/../../../../arm-none-eabi/lib/thumb/v7e-m+fp/hard\libc_nano.a(libc_a-lock.o)
 .ARM.attributes
                0x0000000000000553       0x34 C:/ST/STM32CubeIDE_1.11.0/STM32CubeIDE/plugins/com.st.stm32cube.ide.mcu.externaltools.gnu-tools-for-stm32.11.3.rel1.win32_1.1.1.202309131626/tools/bin/../lib/gcc/arm-none-eabi/11.3.1/../../../../arm-none-eabi/lib/thumb/v7e-m+fp/hard\libc_nano.a(libc_a-memcpy-stub.o)
 .ARM.attributes
                0x0000000000000587       0x17 C:/ST/STM32CubeIDE_1.11.0/STM32CubeIDE/plugins/com.st.stm32cube.ide.mcu.externaltools.gnu-tools-for-stm32.11.3.rel1.win32_1.1.1.202309131626/tools/bin/../lib/gcc/arm-none-eabi/11.3.1/../../../../arm-none-eabi/lib/thumb/v7e-m+fp/hard\libc_nano.a(libc_a-strlen.o)
 .ARM.attributes
                0x000000000000059e       0x34 C:/ST/STM32CubeIDE_1.11.0/STM32CubeIDE/plugins/com.st.stm32cube.ide.mcu.externaltools.gnu-tools-for-stm32.11.3.rel1.win32_1.1.1.202309131626/tools/bin/../lib/gcc/arm-none-eabi/11.3.1/../../../../arm-none-eabi/lib/thumb/v7e-m+fp/hard\libc_nano.a(libc_a-freer.o)
 .ARM.attributes
                0x00000000000005d2       0x34 C:/ST/STM32CubeIDE_1.11.0/STM32CubeIDE/plugins/com.st.stm32cube.ide.mcu.externaltools.gnu-tools-for-stm32.11.3.rel1.win32_1.1.1.202309131626/tools/bin/../lib/gcc/arm-none-eabi/11.3.1/../../../../arm-none-eabi/lib/thumb/v7e-m+fp/hard\libc_nano.a(libc_a-mallocr.o)
 .ARM.attributes
                0x0000000000000606       0x34 C:/ST/STM32CubeIDE_1.11.0/STM32CubeIDE/plugins/com.st.stm32cube.ide.mcu.externaltools.gnu-tools-for-stm32.11.3.rel1.win32_1.1.1.202309131626/tools/bin/../lib/gcc/arm-none-eabi/11.3.1/../../../../arm-none-eabi/lib/thumb/v7e-m+fp/hard\libc_nano.a(libc_a-mlock.o)
 .ARM.attributes
                0x000000000000063a       0x34 C:/ST/STM32CubeIDE_1.11.0/STM32CubeIDE/plugins/com.st.stm32cube.ide.mcu.externaltools.gnu-tools-for-stm32.11.3.rel1.win32_1.1.1.202309131626/tools/bin/../lib/gcc/arm-none-eabi/11.3.1/../../../../arm-none-eabi/lib/thumb/v7e-m+fp/hard\libc_nano.a(libc_a-nano-svfprintf.o)
 .ARM.attributes
                0x000000000000066e       0x34 C:/ST/STM32CubeIDE_1.11.0/STM32CubeIDE/plugins/com.st.stm32cube.ide.mcu.externaltools.gnu-tools-for-stm32.11.3.rel1.win32_1.1.1.202309131626/tools/bin/../lib/gcc/arm-none-eabi/11.3.1/../../../../arm-none-eabi/lib/thumb/v7e-m+fp/hard\libc_nano.a(libc_a-nano-vfprintf_i.o)
 .ARM.attributes
                0x00000000000006a2       0x34 C:/ST/STM32CubeIDE_1.11.0/STM32CubeIDE/plugins/com.st.stm32cube.ide.mcu.externaltools.gnu-tools-for-stm32.11.3.rel1.win32_1.1.1.202309131626/tools/bin/../lib/gcc/arm-none-eabi/11.3.1/../../../../arm-none-eabi/lib/thumb/v7e-m+fp/hard\libc_nano.a(libc_a-memmove.o)
 .ARM.attributes
                0x00000000000006d6       0x34 C:/ST/STM32CubeIDE_1.11.0/STM32CubeIDE/plugins/com.st.stm32cube.ide.mcu.externaltools.gnu-tools-for-stm32.11.3.rel1.win32_1.1.1.202309131626/tools/bin/../lib/gcc/arm-none-eabi/11.3.1/../../../../arm-none-eabi/lib/thumb/v7e-m+fp/hard\libc_nano.a(libc_a-sbrkr.o)
 .ARM.attributes
                0x000000000000070a       0x1c C:/ST/STM32CubeIDE_1.11.0/STM32CubeIDE/plugins/com.st.stm32cube.ide.mcu.externaltools.gnu-tools-for-stm32.11.3.rel1.win32_1.1.1.202309131626/tools/bin/../lib/gcc/arm-none-eabi/11.3.1/../../../../arm-none-eabi/lib/thumb/v7e-m+fp/hard\libc_nano.a(libc_a-memchr.o)
 .ARM.attributes
                0x0000000000000726       0x34 C:/ST/STM32CubeIDE_1.11.0/STM32CubeIDE/plugins/com.st.stm32cube.ide.mcu.externaltools.gnu-tools-for-stm32.11.3.rel1.win32_1.1.1.202309131626/tools/bin/../lib/gcc/arm-none-eabi/11.3.1/../../../../arm-none-eabi/lib/thumb/v7e-m+fp/hard\libc_nano.a(libc_a-reallocr.o)
 .ARM.attributes
                0x000000000000075a       0x34 C:/ST/STM32CubeIDE_1.11.0/STM32CubeIDE/plugins/com.st.stm32cube.ide.mcu.externaltools.gnu-tools-for-stm32.11.3.rel1.win32_1.1.1.202309131626/tools/bin/../lib/gcc/arm-none-eabi/11.3.1/../../../../arm-none-eabi/lib/thumb/v7e-m+fp/hard\libc_nano.a(libc_a-msizer.o)
 .ARM.attributes
                0x000000000000078e       0x1e C:/ST/STM32CubeIDE_1.11.0/STM32CubeIDE/plugins/com.st.stm32cube.ide.mcu.externaltools.gnu-tools-for-stm32.11.3.rel1.win32_1.1.1.202309131626/tools/bin/../lib/gcc/arm-none-eabi/11.3.1/thumb/v7e-m+fp/hard\libgcc.a(_aeabi_uldivmod.o)
 .ARM.attributes
                0x00000000000007ac       0x34 C:/ST/STM32CubeIDE_1.11.0/STM32CubeIDE/plugins/com.st.stm32cube.ide.mcu.externaltools.gnu-tools-for-stm32.11.3.rel1.win32_1.1.1.202309131626/tools/bin/../lib/gcc/arm-none-eabi/11.3.1/thumb/v7e-m+fp/hard\libgcc.a(_udivmoddi4.o)
 .ARM.attributes
                0x00000000000007e0       0x1e C:/ST/STM32CubeIDE_1.11.0/STM32CubeIDE/plugins/com.st.stm32cube.ide.mcu.externaltools.gnu-tools-for-stm32.11.3.rel1.win32_1.1.1.202309131626/tools/bin/../lib/gcc/arm-none-eabi/11.3.1/thumb/v7e-m+fp/hard\libgcc.a(_dvmd_tls.o)
 .ARM.attributes
                0x00000000000007fe       0x1e C:/ST/STM32CubeIDE_1.11.0/STM32CubeIDE/plugins/com.st.stm32cube.ide.mcu.externaltools.gnu-tools-for-stm32.11.3.rel1.win32_1.1.1.202309131626/tools/bin/../lib/gcc/arm-none-eabi/11.3.1/thumb/v7e-m+fp/hard/crtn.o
OUTPUT(DP_F401CCU6.elf elf32-littlearm)
LOAD linker stubs
LOAD C:/ST/STM32CubeIDE_1.11.0/STM32CubeIDE/plugins/com.st.stm32cube.ide.mcu.externaltools.gnu-tools-for-stm32.11.3.rel1.win32_1.1.1.202309131626/tools/bin/../lib/gcc/arm-none-eabi/11.3.1/../../../../arm-none-eabi/lib/thumb/v7e-m+fp/hard\libc.a
LOAD C:/ST/STM32CubeIDE_1.11.0/STM32CubeIDE/plugins/com.st.stm32cube.ide.mcu.externaltools.gnu-tools-for-stm32.11.3.rel1.win32_1.1.1.202309131626/tools/bin/../lib/gcc/arm-none-eabi/11.3.1/../../../../arm-none-eabi/lib/thumb/v7e-m+fp/hard\libm.a
LOAD C:/ST/STM32CubeIDE_1.11.0/STM32CubeIDE/plugins/com.st.stm32cube.ide.mcu.externaltools.gnu-tools-for-stm32.11.3.rel1.win32_1.1.1.202309131626/tools/bin/../lib/gcc/arm-none-eabi/11.3.1/thumb/v7e-m+fp/hard\libgcc.a

.comment        0x0000000000000000       0x43
 .comment       0x0000000000000000       0x43 C:/ST/STM32CubeIDE_1.11.0/STM32CubeIDE/plugins/com.st.stm32cube.ide.mcu.externaltools.gnu-tools-for-stm32.11.3.rel1.win32_1.1.1.202309131626/tools/bin/../lib/gcc/arm-none-eabi/11.3.1/thumb/v7e-m+fp/hard/crtbegin.o
                                         0x44 (size before relaxing)
 .comment       0x0000000000000043       0x44 ./Core/Src/ADP8XX_DP_SENSOR.o
 .comment       0x0000000000000043       0x44 ./Core/Src/MY_NRF24.o
 .comment       0x0000000000000043       0x44 ./Core/Src/main.o
 .comment       0x0000000000000043       0x44 ./Core/Src/nrf_helper.o
 .comment       0x0000000000000043       0x44 ./Core/Src/stm32f4xx_hal_msp.o
 .comment       0x0000000000000043       0x44 ./Core/Src/stm32f4xx_it.o
 .comment       0x0000000000000043       0x44 ./Core/Src/sysmem.o
 .comment       0x0000000000000043       0x44 ./Core/Src/system_stm32f4xx.o
 .comment       0x0000000000000043       0x44 ./Core/Src/utilities.o
 .comment       0x0000000000000043       0x44 ./Drivers/STM32F4xx_HAL_Driver/Src/stm32f4xx_hal.o
 .comment       0x0000000000000043       0x44 ./Drivers/STM32F4xx_HAL_Driver/Src/stm32f4xx_hal_cortex.o
 .comment       0x0000000000000043       0x44 ./Drivers/STM32F4xx_HAL_Driver/Src/stm32f4xx_hal_gpio.o
 .comment       0x0000000000000043       0x44 ./Drivers/STM32F4xx_HAL_Driver/Src/stm32f4xx_hal_i2c.o
 .comment       0x0000000000000043       0x44 ./Drivers/STM32F4xx_HAL_Driver/Src/stm32f4xx_hal_rcc.o
 .comment       0x0000000000000043       0x44 ./Drivers/STM32F4xx_HAL_Driver/Src/stm32f4xx_hal_spi.o
 .comment       0x0000000000000043       0x44 ./Drivers/STM32F4xx_HAL_Driver/Src/stm32f4xx_hal_uart.o

.debug_info     0x0000000000000000     0xe27f
 .debug_info    0x0000000000000000      0x798 ./Core/Src/ADP8XX_DP_SENSOR.o
 .debug_info    0x0000000000000798     0x1646 ./Core/Src/MY_NRF24.o
 .debug_info    0x0000000000001dde     0x11d3 ./Core/Src/main.o
 .debug_info    0x0000000000002fb1      0xabb ./Core/Src/nrf_helper.o
 .debug_info    0x0000000000003a6c      0xf13 ./Core/Src/stm32f4xx_hal_msp.o
 .debug_info    0x000000000000497f      0x112 ./Core/Src/stm32f4xx_it.o
 .debug_info    0x0000000000004a91      0x168 ./Core/Src/sysmem.o
 .debug_info    0x0000000000004bf9      0x53e ./Core/Src/system_stm32f4xx.o
 .debug_info    0x0000000000005137      0x217 ./Core/Src/utilities.o
 .debug_info    0x000000000000534e       0x23 ./Core/Startup/startup_stm32f401ccux.o
 .debug_info    0x0000000000005371      0x8bb ./Drivers/STM32F4xx_HAL_Driver/Src/stm32f4xx_hal.o
 .debug_info    0x0000000000005c2c      0xcb0 ./Drivers/STM32F4xx_HAL_Driver/Src/stm32f4xx_hal_cortex.o
 .debug_info    0x00000000000068dc      0x6f9 ./Drivers/STM32F4xx_HAL_Driver/Src/stm32f4xx_hal_gpio.o
 .debug_info    0x0000000000006fd5     0x23f2 ./Drivers/STM32F4xx_HAL_Driver/Src/stm32f4xx_hal_i2c.o
 .debug_info    0x00000000000093c7      0x8f3 ./Drivers/STM32F4xx_HAL_Driver/Src/stm32f4xx_hal_rcc.o
 .debug_info    0x0000000000009cba     0x1606 ./Drivers/STM32F4xx_HAL_Driver/Src/stm32f4xx_hal_spi.o
 .debug_info    0x000000000000b2c0     0x2fbf ./Drivers/STM32F4xx_HAL_Driver/Src/stm32f4xx_hal_uart.o

.debug_abbrev   0x0000000000000000     0x214b
 .debug_abbrev  0x0000000000000000      0x1bb ./Core/Src/ADP8XX_DP_SENSOR.o
 .debug_abbrev  0x00000000000001bb      0x358 ./Core/Src/MY_NRF24.o
 .debug_abbrev  0x0000000000000513      0x2a3 ./Core/Src/main.o
 .debug_abbrev  0x00000000000007b6      0x221 ./Core/Src/nrf_helper.o
 .debug_abbrev  0x00000000000009d7      0x1d8 ./Core/Src/stm32f4xx_hal_msp.o
 .debug_abbrev  0x0000000000000baf       0x73 ./Core/Src/stm32f4xx_it.o
 .debug_abbrev  0x0000000000000c22       0xbc ./Core/Src/sysmem.o
 .debug_abbrev  0x0000000000000cde      0x11a ./Core/Src/system_stm32f4xx.o
 .debug_abbrev  0x0000000000000df8       0xf0 ./Core/Src/utilities.o
 .debug_abbrev  0x0000000000000ee8       0x12 ./Core/Startup/startup_stm32f401ccux.o
 .debug_abbrev  0x0000000000000efa      0x24b ./Drivers/STM32F4xx_HAL_Driver/Src/stm32f4xx_hal.o
 .debug_abbrev  0x0000000000001145      0x327 ./Drivers/STM32F4xx_HAL_Driver/Src/stm32f4xx_hal_cortex.o
 .debug_abbrev  0x000000000000146c      0x1d3 ./Drivers/STM32F4xx_HAL_Driver/Src/stm32f4xx_hal_gpio.o
 .debug_abbrev  0x000000000000163f      0x2bc ./Drivers/STM32F4xx_HAL_Driver/Src/stm32f4xx_hal_i2c.o
 .debug_abbrev  0x00000000000018fb      0x2b5 ./Drivers/STM32F4xx_HAL_Driver/Src/stm32f4xx_hal_rcc.o
 .debug_abbrev  0x0000000000001bb0      0x280 ./Drivers/STM32F4xx_HAL_Driver/Src/stm32f4xx_hal_spi.o
 .debug_abbrev  0x0000000000001e30      0x31b ./Drivers/STM32F4xx_HAL_Driver/Src/stm32f4xx_hal_uart.o

.debug_aranges  0x0000000000000000      0xd28
 .debug_aranges
                0x0000000000000000       0x30 ./Core/Src/ADP8XX_DP_SENSOR.o
 .debug_aranges
                0x0000000000000030      0x1d0 ./Core/Src/MY_NRF24.o
 .debug_aranges
                0x0000000000000200       0x50 ./Core/Src/main.o
 .debug_aranges
                0x0000000000000250       0x38 ./Core/Src/nrf_helper.o
 .debug_aranges
                0x0000000000000288       0x50 ./Core/Src/stm32f4xx_hal_msp.o
 .debug_aranges
                0x00000000000002d8       0x60 ./Core/Src/stm32f4xx_it.o
 .debug_aranges
                0x0000000000000338       0x20 ./Core/Src/sysmem.o
 .debug_aranges
                0x0000000000000358       0x28 ./Core/Src/system_stm32f4xx.o
 .debug_aranges
                0x0000000000000380       0x28 ./Core/Src/utilities.o
 .debug_aranges
                0x00000000000003a8       0x28 ./Core/Startup/startup_stm32f401ccux.o
 .debug_aranges
                0x00000000000003d0       0xf0 ./Drivers/STM32F4xx_HAL_Driver/Src/stm32f4xx_hal.o
 .debug_aranges
                0x00000000000004c0      0x118 ./Drivers/STM32F4xx_HAL_Driver/Src/stm32f4xx_hal_cortex.o
 .debug_aranges
                0x00000000000005d8       0x58 ./Drivers/STM32F4xx_HAL_Driver/Src/stm32f4xx_hal_gpio.o
 .debug_aranges
                0x0000000000000630      0x2a0 ./Drivers/STM32F4xx_HAL_Driver/Src/stm32f4xx_hal_i2c.o
 .debug_aranges
                0x00000000000008d0       0x88 ./Drivers/STM32F4xx_HAL_Driver/Src/stm32f4xx_hal_rcc.o
 .debug_aranges
                0x0000000000000958      0x1d0 ./Drivers/STM32F4xx_HAL_Driver/Src/stm32f4xx_hal_spi.o
 .debug_aranges
                0x0000000000000b28      0x200 ./Drivers/STM32F4xx_HAL_Driver/Src/stm32f4xx_hal_uart.o

.debug_rnglists
                0x0000000000000000      0xa36
 .debug_rnglists
                0x0000000000000000       0x1f ./Core/Src/ADP8XX_DP_SENSOR.o
 .debug_rnglists
                0x000000000000001f      0x15f ./Core/Src/MY_NRF24.o
 .debug_rnglists
                0x000000000000017e       0x39 ./Core/Src/main.o
 .debug_rnglists
                0x00000000000001b7       0x26 ./Core/Src/nrf_helper.o
 .debug_rnglists
                0x00000000000001dd       0x3a ./Core/Src/stm32f4xx_hal_msp.o
 .debug_rnglists
                0x0000000000000217       0x43 ./Core/Src/stm32f4xx_it.o
 .debug_rnglists
                0x000000000000025a       0x13 ./Core/Src/sysmem.o
 .debug_rnglists
                0x000000000000026d       0x1a ./Core/Src/system_stm32f4xx.o
 .debug_rnglists
                0x0000000000000287       0x19 ./Core/Src/utilities.o
 .debug_rnglists
                0x00000000000002a0       0x19 ./Core/Startup/startup_stm32f401ccux.o
 .debug_rnglists
                0x00000000000002b9       0xaf ./Drivers/STM32F4xx_HAL_Driver/Src/stm32f4xx_hal.o
 .debug_rnglists
                0x0000000000000368       0xce ./Drivers/STM32F4xx_HAL_Driver/Src/stm32f4xx_hal_cortex.o
 .debug_rnglists
                0x0000000000000436       0x3f ./Drivers/STM32F4xx_HAL_Driver/Src/stm32f4xx_hal_gpio.o
 .debug_rnglists
                0x0000000000000475      0x235 ./Drivers/STM32F4xx_HAL_Driver/Src/stm32f4xx_hal_i2c.o
 .debug_rnglists
                0x00000000000006aa       0x66 ./Drivers/STM32F4xx_HAL_Driver/Src/stm32f4xx_hal_rcc.o
 .debug_rnglists
                0x0000000000000710      0x16f ./Drivers/STM32F4xx_HAL_Driver/Src/stm32f4xx_hal_spi.o
 .debug_rnglists
                0x000000000000087f      0x1b7 ./Drivers/STM32F4xx_HAL_Driver/Src/stm32f4xx_hal_uart.o

.debug_macro    0x0000000000000000    0x16f3a
 .debug_macro   0x0000000000000000      0x1ed ./Core/Src/ADP8XX_DP_SENSOR.o
 .debug_macro   0x00000000000001ed      0xaa8 ./Core/Src/ADP8XX_DP_SENSOR.o
 .debug_macro   0x0000000000000c95      0x2a1 ./Core/Src/ADP8XX_DP_SENSOR.o
 .debug_macro   0x0000000000000f36       0x2e ./Core/Src/ADP8XX_DP_SENSOR.o
 .debug_macro   0x0000000000000f64       0x28 ./Core/Src/ADP8XX_DP_SENSOR.o
 .debug_macro   0x0000000000000f8c       0x22 ./Core/Src/ADP8XX_DP_SENSOR.o
 .debug_macro   0x0000000000000fae       0x8e ./Core/Src/ADP8XX_DP_SENSOR.o
 .debug_macro   0x000000000000103c       0x51 ./Core/Src/ADP8XX_DP_SENSOR.o
 .debug_macro   0x000000000000108d      0x103 ./Core/Src/ADP8XX_DP_SENSOR.o
 .debug_macro   0x0000000000001190       0x6a ./Core/Src/ADP8XX_DP_SENSOR.o
 .debug_macro   0x00000000000011fa      0x1df ./Core/Src/ADP8XX_DP_SENSOR.o
 .debug_macro   0x00000000000013d9       0x1c ./Core/Src/ADP8XX_DP_SENSOR.o
 .debug_macro   0x00000000000013f5       0x22 ./Core/Src/ADP8XX_DP_SENSOR.o
 .debug_macro   0x0000000000001417       0xd9 ./Core/Src/ADP8XX_DP_SENSOR.o
 .debug_macro   0x00000000000014f0     0x102d ./Core/Src/ADP8XX_DP_SENSOR.o
 .debug_macro   0x000000000000251d      0x11f ./Core/Src/ADP8XX_DP_SENSOR.o
 .debug_macro   0x000000000000263c     0xb86c ./Core/Src/ADP8XX_DP_SENSOR.o
 .debug_macro   0x000000000000dea8       0x6d ./Core/Src/ADP8XX_DP_SENSOR.o
 .debug_macro   0x000000000000df15     0x367e ./Core/Src/ADP8XX_DP_SENSOR.o
 .debug_macro   0x0000000000011593      0x174 ./Core/Src/ADP8XX_DP_SENSOR.o
 .debug_macro   0x0000000000011707       0x5c ./Core/Src/ADP8XX_DP_SENSOR.o
 .debug_macro   0x0000000000011763      0x416 ./Core/Src/ADP8XX_DP_SENSOR.o
 .debug_macro   0x0000000000011b79      0x9fe ./Core/Src/ADP8XX_DP_SENSOR.o
 .debug_macro   0x0000000000012577      0x115 ./Core/Src/ADP8XX_DP_SENSOR.o
 .debug_macro   0x000000000001268c       0xf8 ./Core/Src/ADP8XX_DP_SENSOR.o
 .debug_macro   0x0000000000012784       0xa5 ./Core/Src/ADP8XX_DP_SENSOR.o
 .debug_macro   0x0000000000012829      0x15f ./Core/Src/ADP8XX_DP_SENSOR.o
 .debug_macro   0x0000000000012988      0x287 ./Core/Src/ADP8XX_DP_SENSOR.o
 .debug_macro   0x0000000000012c0f       0x5f ./Core/Src/ADP8XX_DP_SENSOR.o
 .debug_macro   0x0000000000012c6e      0x236 ./Core/Src/ADP8XX_DP_SENSOR.o
 .debug_macro   0x0000000000012ea4      0x132 ./Core/Src/ADP8XX_DP_SENSOR.o
 .debug_macro   0x0000000000012fd6      0x23a ./Core/Src/ADP8XX_DP_SENSOR.o
 .debug_macro   0x0000000000013210       0x2e ./Core/Src/ADP8XX_DP_SENSOR.o
 .debug_macro   0x000000000001323e      0x1b5 ./Core/Src/ADP8XX_DP_SENSOR.o
 .debug_macro   0x00000000000133f3       0x22 ./Core/Src/ADP8XX_DP_SENSOR.o
 .debug_macro   0x0000000000013415       0xd6 ./Core/Src/ADP8XX_DP_SENSOR.o
 .debug_macro   0x00000000000134eb      0x11a ./Core/Src/ADP8XX_DP_SENSOR.o
 .debug_macro   0x0000000000013605       0x85 ./Core/Src/ADP8XX_DP_SENSOR.o
 .debug_macro   0x000000000001368a       0x89 ./Core/Src/ADP8XX_DP_SENSOR.o
 .debug_macro   0x0000000000013713      0x225 ./Core/Src/ADP8XX_DP_SENSOR.o
 .debug_macro   0x0000000000013938      0x295 ./Core/Src/ADP8XX_DP_SENSOR.o
 .debug_macro   0x0000000000013bcd      0x126 ./Core/Src/ADP8XX_DP_SENSOR.o
 .debug_macro   0x0000000000013cf3      0x335 ./Core/Src/MY_NRF24.o
 .debug_macro   0x0000000000014028      0x226 ./Core/Src/MY_NRF24.o
 .debug_macro   0x000000000001424e       0x2a ./Core/Src/MY_NRF24.o
 .debug_macro   0x0000000000014278       0x61 ./Core/Src/MY_NRF24.o
 .debug_macro   0x00000000000142d9       0x43 ./Core/Src/MY_NRF24.o
 .debug_macro   0x000000000001431c       0x34 ./Core/Src/MY_NRF24.o
 .debug_macro   0x0000000000014350       0x16 ./Core/Src/MY_NRF24.o
 .debug_macro   0x0000000000014366       0x35 ./Core/Src/MY_NRF24.o
 .debug_macro   0x000000000001439b       0x16 ./Core/Src/MY_NRF24.o
 .debug_macro   0x00000000000143b1       0x43 ./Core/Src/MY_NRF24.o
 .debug_macro   0x00000000000143f4       0x34 ./Core/Src/MY_NRF24.o
 .debug_macro   0x0000000000014428       0x10 ./Core/Src/MY_NRF24.o
 .debug_macro   0x0000000000014438       0x58 ./Core/Src/MY_NRF24.o
 .debug_macro   0x0000000000014490       0x8e ./Core/Src/MY_NRF24.o
 .debug_macro   0x000000000001451e       0x1c ./Core/Src/MY_NRF24.o
 .debug_macro   0x000000000001453a      0x177 ./Core/Src/MY_NRF24.o
 .debug_macro   0x00000000000146b1      0x369 ./Core/Src/MY_NRF24.o
 .debug_macro   0x0000000000014a1a       0x16 ./Core/Src/MY_NRF24.o
 .debug_macro   0x0000000000014a30       0x29 ./Core/Src/MY_NRF24.o
 .debug_macro   0x0000000000014a59       0x22 ./Core/Src/MY_NRF24.o
 .debug_macro   0x0000000000014a7b       0x16 ./Core/Src/MY_NRF24.o
 .debug_macro   0x0000000000014a91       0x20 ./Core/Src/MY_NRF24.o
 .debug_macro   0x0000000000014ab1       0x1c ./Core/Src/MY_NRF24.o
 .debug_macro   0x0000000000014acd       0x10 ./Core/Src/MY_NRF24.o
 .debug_macro   0x0000000000014add       0x1c ./Core/Src/MY_NRF24.o
 .debug_macro   0x0000000000014af9       0x16 ./Core/Src/MY_NRF24.o
 .debug_macro   0x0000000000014b0f      0x147 ./Core/Src/MY_NRF24.o
 .debug_macro   0x0000000000014c56      0x361 ./Core/Src/main.o
 .debug_macro   0x0000000000014fb7       0x28 ./Core/Src/main.o
 .debug_macro   0x0000000000014fdf       0x10 ./Core/Src/main.o
 .debug_macro   0x0000000000014fef       0x10 ./Core/Src/main.o
 .debug_macro   0x0000000000014fff      0x342 ./Core/Src/nrf_helper.o
 .debug_macro   0x0000000000015341       0x5b ./Core/Src/nrf_helper.o
 .debug_macro   0x000000000001539c       0x94 ./Core/Src/nrf_helper.o
 .debug_macro   0x0000000000015430       0x57 ./Core/Src/nrf_helper.o
 .debug_macro   0x0000000000015487       0x56 ./Core/Src/nrf_helper.o
 .debug_macro   0x00000000000154dd      0x1ec ./Core/Src/stm32f4xx_hal_msp.o
 .debug_macro   0x00000000000156c9      0x1f6 ./Core/Src/stm32f4xx_it.o
 .debug_macro   0x00000000000158bf       0xff ./Core/Src/sysmem.o
 .debug_macro   0x00000000000159be      0x23c ./Core/Src/sysmem.o
 .debug_macro   0x0000000000015bfa      0x1dd ./Core/Src/system_stm32f4xx.o
 .debug_macro   0x0000000000015dd7      0x349 ./Core/Src/utilities.o
 .debug_macro   0x0000000000016120       0x2e ./Core/Src/utilities.o
 .debug_macro   0x000000000001614e      0x23d ./Drivers/STM32F4xx_HAL_Driver/Src/stm32f4xx_hal.o
 .debug_macro   0x000000000001638b      0x1dd ./Drivers/STM32F4xx_HAL_Driver/Src/stm32f4xx_hal_cortex.o
 .debug_macro   0x0000000000016568      0x1e3 ./Drivers/STM32F4xx_HAL_Driver/Src/stm32f4xx_hal_gpio.o
 .debug_macro   0x000000000001674b      0x224 ./Drivers/STM32F4xx_HAL_Driver/Src/stm32f4xx_hal_i2c.o
 .debug_macro   0x000000000001696f      0x201 ./Drivers/STM32F4xx_HAL_Driver/Src/stm32f4xx_hal_rcc.o
 .debug_macro   0x0000000000016b70      0x1ec ./Drivers/STM32F4xx_HAL_Driver/Src/stm32f4xx_hal_spi.o
 .debug_macro   0x0000000000016d5c      0x1de ./Drivers/STM32F4xx_HAL_Driver/Src/stm32f4xx_hal_uart.o

.debug_line     0x0000000000000000    0x10a7e
 .debug_line    0x0000000000000000      0x7d6 ./Core/Src/ADP8XX_DP_SENSOR.o
 .debug_line    0x00000000000007d6     0x140b ./Core/Src/MY_NRF24.o
 .debug_line    0x0000000000001be1      0xaf1 ./Core/Src/main.o
 .debug_line    0x00000000000026d2      0x9ab ./Core/Src/nrf_helper.o
 .debug_line    0x000000000000307d      0x846 ./Core/Src/stm32f4xx_hal_msp.o
 .debug_line    0x00000000000038c3      0x820 ./Core/Src/stm32f4xx_it.o
 .debug_line    0x00000000000040e3      0x579 ./Core/Src/sysmem.o
 .debug_line    0x000000000000465c      0x7df ./Core/Src/system_stm32f4xx.o
 .debug_line    0x0000000000004e3b      0x993 ./Core/Src/utilities.o
 .debug_line    0x00000000000057ce       0x7a ./Core/Startup/startup_stm32f401ccux.o
 .debug_line    0x0000000000005848      0xa45 ./Drivers/STM32F4xx_HAL_Driver/Src/stm32f4xx_hal.o
 .debug_line    0x000000000000628d      0xcf4 ./Drivers/STM32F4xx_HAL_Driver/Src/stm32f4xx_hal_cortex.o
 .debug_line    0x0000000000006f81      0xb7d ./Drivers/STM32F4xx_HAL_Driver/Src/stm32f4xx_hal_gpio.o
 .debug_line    0x0000000000007afe     0x3a07 ./Drivers/STM32F4xx_HAL_Driver/Src/stm32f4xx_hal_i2c.o
 .debug_line    0x000000000000b505      0xdbc ./Drivers/STM32F4xx_HAL_Driver/Src/stm32f4xx_hal_rcc.o
 .debug_line    0x000000000000c2c1     0x1cd6 ./Drivers/STM32F4xx_HAL_Driver/Src/stm32f4xx_hal_spi.o
 .debug_line    0x000000000000df97     0x2ae7 ./Drivers/STM32F4xx_HAL_Driver/Src/stm32f4xx_hal_uart.o

.debug_str      0x0000000000000000    0x89b6b
 .debug_str     0x0000000000000000    0x81f60 ./Core/Src/ADP8XX_DP_SENSOR.o
                                      0x8226e (size before relaxing)
 .debug_str     0x0000000000081f60     0x4986 ./Core/Src/MY_NRF24.o
                                      0x86905 (size before relaxing)
 .debug_str     0x00000000000868e6      0x453 ./Core/Src/main.o
                                      0x86830 (size before relaxing)
 .debug_str     0x0000000000086d39       0xb1 ./Core/Src/nrf_helper.o
                                      0x8634d (size before relaxing)
 .debug_str     0x0000000000086dea       0xa9 ./Core/Src/stm32f4xx_hal_msp.o
                                      0x82729 (size before relaxing)
 .debug_str     0x0000000000086e93       0xc9 ./Core/Src/stm32f4xx_it.o
                                      0x81d58 (size before relaxing)
 .debug_str     0x0000000000086f5c      0x4dc ./Core/Src/sysmem.o
                                       0x6081 (size before relaxing)
 .debug_str     0x0000000000087438       0xcb ./Core/Src/system_stm32f4xx.o
                                      0x81e08 (size before relaxing)
 .debug_str     0x0000000000087503       0x5d ./Core/Src/utilities.o
                                      0x85c6e (size before relaxing)
 .debug_str     0x0000000000087560       0x34 ./Core/Startup/startup_stm32f401ccux.o
                                         0x93 (size before relaxing)
 .debug_str     0x0000000000087594      0x998 ./Drivers/STM32F4xx_HAL_Driver/Src/stm32f4xx_hal.o
                                      0x8282a (size before relaxing)
 .debug_str     0x0000000000087f2c      0x34a ./Drivers/STM32F4xx_HAL_Driver/Src/stm32f4xx_hal_cortex.o
                                      0x8254b (size before relaxing)
 .debug_str     0x0000000000088276      0x10e ./Drivers/STM32F4xx_HAL_Driver/Src/stm32f4xx_hal_gpio.o
                                      0x81f83 (size before relaxing)
 .debug_str     0x0000000000088384      0xaca ./Drivers/STM32F4xx_HAL_Driver/Src/stm32f4xx_hal_i2c.o
                                      0x82dc6 (size before relaxing)
 .debug_str     0x0000000000088e4e      0x208 ./Drivers/STM32F4xx_HAL_Driver/Src/stm32f4xx_hal_rcc.o
                                      0x8223c (size before relaxing)
 .debug_str     0x0000000000089056      0x53f ./Drivers/STM32F4xx_HAL_Driver/Src/stm32f4xx_hal_spi.o
                                      0x826ba (size before relaxing)
 .debug_str     0x0000000000089595      0x5d6 ./Drivers/STM32F4xx_HAL_Driver/Src/stm32f4xx_hal_uart.o
                                      0x827c9 (size before relaxing)

.debug_frame    0x0000000000000000     0x3b54
 .debug_frame   0x0000000000000000       0x7c ./Core/Src/ADP8XX_DP_SENSOR.o
 .debug_frame   0x000000000000007c      0x784 ./Core/Src/MY_NRF24.o
 .debug_frame   0x0000000000000800       0xe8 ./Core/Src/main.o
 .debug_frame   0x00000000000008e8       0x98 ./Core/Src/nrf_helper.o
 .debug_frame   0x0000000000000980      0x110 ./Core/Src/stm32f4xx_hal_msp.o
 .debug_frame   0x0000000000000a90      0x104 ./Core/Src/stm32f4xx_it.o
 .debug_frame   0x0000000000000b94       0x34 ./Core/Src/sysmem.o
 .debug_frame   0x0000000000000bc8       0x58 ./Core/Src/system_stm32f4xx.o
 .debug_frame   0x0000000000000c20       0x58 ./Core/Src/utilities.o
 .debug_frame   0x0000000000000c78      0x374 ./Drivers/STM32F4xx_HAL_Driver/Src/stm32f4xx_hal.o
 .debug_frame   0x0000000000000fec      0x498 ./Drivers/STM32F4xx_HAL_Driver/Src/stm32f4xx_hal_cortex.o
 .debug_frame   0x0000000000001484      0x14c ./Drivers/STM32F4xx_HAL_Driver/Src/stm32f4xx_hal_gpio.o
 .debug_frame   0x00000000000015d0      0xc5c ./Drivers/STM32F4xx_HAL_Driver/Src/stm32f4xx_hal_i2c.o
 .debug_frame   0x000000000000222c      0x1f4 ./Drivers/STM32F4xx_HAL_Driver/Src/stm32f4xx_hal_rcc.o
 .debug_frame   0x0000000000002420      0x824 ./Drivers/STM32F4xx_HAL_Driver/Src/stm32f4xx_hal_spi.o
 .debug_frame   0x0000000000002c44      0x92c ./Drivers/STM32F4xx_HAL_Driver/Src/stm32f4xx_hal_uart.o
 .debug_frame   0x0000000000003570      0x144 C:/ST/STM32CubeIDE_1.11.0/STM32CubeIDE/plugins/com.st.stm32cube.ide.mcu.externaltools.gnu-tools-for-stm32.11.3.rel1.win32_1.1.1.202309131626/tools/bin/../lib/gcc/arm-none-eabi/11.3.1/../../../../arm-none-eabi/lib/thumb/v7e-m+fp/hard\libc_nano.a(libc_a-findfp.o)
 .debug_frame   0x00000000000036b4       0x6c C:/ST/STM32CubeIDE_1.11.0/STM32CubeIDE/plugins/com.st.stm32cube.ide.mcu.externaltools.gnu-tools-for-stm32.11.3.rel1.win32_1.1.1.202309131626/tools/bin/../lib/gcc/arm-none-eabi/11.3.1/../../../../arm-none-eabi/lib/thumb/v7e-m+fp/hard\libc_nano.a(libc_a-sprintf.o)
 .debug_frame   0x0000000000003720       0x20 C:/ST/STM32CubeIDE_1.11.0/STM32CubeIDE/plugins/com.st.stm32cube.ide.mcu.externaltools.gnu-tools-for-stm32.11.3.rel1.win32_1.1.1.202309131626/tools/bin/../lib/gcc/arm-none-eabi/11.3.1/../../../../arm-none-eabi/lib/thumb/v7e-m+fp/hard\libc_nano.a(libc_a-memset.o)
 .debug_frame   0x0000000000003740       0x38 C:/ST/STM32CubeIDE_1.11.0/STM32CubeIDE/plugins/com.st.stm32cube.ide.mcu.externaltools.gnu-tools-for-stm32.11.3.rel1.win32_1.1.1.202309131626/tools/bin/../lib/gcc/arm-none-eabi/11.3.1/../../../../arm-none-eabi/lib/thumb/v7e-m+fp/hard\libc_nano.a(libc_a-reent.o)
 .debug_frame   0x0000000000003778       0x20 C:/ST/STM32CubeIDE_1.11.0/STM32CubeIDE/plugins/com.st.stm32cube.ide.mcu.externaltools.gnu-tools-for-stm32.11.3.rel1.win32_1.1.1.202309131626/tools/bin/../lib/gcc/arm-none-eabi/11.3.1/../../../../arm-none-eabi/lib/thumb/v7e-m+fp/hard\libc_nano.a(libc_a-errno.o)
 .debug_frame   0x0000000000003798       0x2c C:/ST/STM32CubeIDE_1.11.0/STM32CubeIDE/plugins/com.st.stm32cube.ide.mcu.externaltools.gnu-tools-for-stm32.11.3.rel1.win32_1.1.1.202309131626/tools/bin/../lib/gcc/arm-none-eabi/11.3.1/../../../../arm-none-eabi/lib/thumb/v7e-m+fp/hard\libc_nano.a(libc_a-init.o)
 .debug_frame   0x00000000000037c4       0xb0 C:/ST/STM32CubeIDE_1.11.0/STM32CubeIDE/plugins/com.st.stm32cube.ide.mcu.externaltools.gnu-tools-for-stm32.11.3.rel1.win32_1.1.1.202309131626/tools/bin/../lib/gcc/arm-none-eabi/11.3.1/../../../../arm-none-eabi/lib/thumb/v7e-m+fp/hard\libc_nano.a(libc_a-lock.o)
 .debug_frame   0x0000000000003874       0x28 C:/ST/STM32CubeIDE_1.11.0/STM32CubeIDE/plugins/com.st.stm32cube.ide.mcu.externaltools.gnu-tools-for-stm32.11.3.rel1.win32_1.1.1.202309131626/tools/bin/../lib/gcc/arm-none-eabi/11.3.1/../../../../arm-none-eabi/lib/thumb/v7e-m+fp/hard\libc_nano.a(libc_a-memcpy-stub.o)
 .debug_frame   0x000000000000389c       0x38 C:/ST/STM32CubeIDE_1.11.0/STM32CubeIDE/plugins/com.st.stm32cube.ide.mcu.externaltools.gnu-tools-for-stm32.11.3.rel1.win32_1.1.1.202309131626/tools/bin/../lib/gcc/arm-none-eabi/11.3.1/../../../../arm-none-eabi/lib/thumb/v7e-m+fp/hard\libc_nano.a(libc_a-freer.o)
 .debug_frame   0x00000000000038d4       0x50 C:/ST/STM32CubeIDE_1.11.0/STM32CubeIDE/plugins/com.st.stm32cube.ide.mcu.externaltools.gnu-tools-for-stm32.11.3.rel1.win32_1.1.1.202309131626/tools/bin/../lib/gcc/arm-none-eabi/11.3.1/../../../../arm-none-eabi/lib/thumb/v7e-m+fp/hard\libc_nano.a(libc_a-mallocr.o)
 .debug_frame   0x0000000000003924       0x30 C:/ST/STM32CubeIDE_1.11.0/STM32CubeIDE/plugins/com.st.stm32cube.ide.mcu.externaltools.gnu-tools-for-stm32.11.3.rel1.win32_1.1.1.202309131626/tools/bin/../lib/gcc/arm-none-eabi/11.3.1/../../../../arm-none-eabi/lib/thumb/v7e-m+fp/hard\libc_nano.a(libc_a-mlock.o)
 .debug_frame   0x0000000000003954       0x90 C:/ST/STM32CubeIDE_1.11.0/STM32CubeIDE/plugins/com.st.stm32cube.ide.mcu.externaltools.gnu-tools-for-stm32.11.3.rel1.win32_1.1.1.202309131626/tools/bin/../lib/gcc/arm-none-eabi/11.3.1/../../../../arm-none-eabi/lib/thumb/v7e-m+fp/hard\libc_nano.a(libc_a-nano-svfprintf.o)
 .debug_frame   0x00000000000039e4       0x60 C:/ST/STM32CubeIDE_1.11.0/STM32CubeIDE/plugins/com.st.stm32cube.ide.mcu.externaltools.gnu-tools-for-stm32.11.3.rel1.win32_1.1.1.202309131626/tools/bin/../lib/gcc/arm-none-eabi/11.3.1/../../../../arm-none-eabi/lib/thumb/v7e-m+fp/hard\libc_nano.a(libc_a-nano-vfprintf_i.o)
 .debug_frame   0x0000000000003a44       0x28 C:/ST/STM32CubeIDE_1.11.0/STM32CubeIDE/plugins/com.st.stm32cube.ide.mcu.externaltools.gnu-tools-for-stm32.11.3.rel1.win32_1.1.1.202309131626/tools/bin/../lib/gcc/arm-none-eabi/11.3.1/../../../../arm-none-eabi/lib/thumb/v7e-m+fp/hard\libc_nano.a(libc_a-memmove.o)
 .debug_frame   0x0000000000003a6c       0x2c C:/ST/STM32CubeIDE_1.11.0/STM32CubeIDE/plugins/com.st.stm32cube.ide.mcu.externaltools.gnu-tools-for-stm32.11.3.rel1.win32_1.1.1.202309131626/tools/bin/../lib/gcc/arm-none-eabi/11.3.1/../../../../arm-none-eabi/lib/thumb/v7e-m+fp/hard\libc_nano.a(libc_a-sbrkr.o)
 .debug_frame   0x0000000000003a98       0x3c C:/ST/STM32CubeIDE_1.11.0/STM32CubeIDE/plugins/com.st.stm32cube.ide.mcu.externaltools.gnu-tools-for-stm32.11.3.rel1.win32_1.1.1.202309131626/tools/bin/../lib/gcc/arm-none-eabi/11.3.1/../../../../arm-none-eabi/lib/thumb/v7e-m+fp/hard\libc_nano.a(libc_a-reallocr.o)
 .debug_frame   0x0000000000003ad4       0x20 C:/ST/STM32CubeIDE_1.11.0/STM32CubeIDE/plugins/com.st.stm32cube.ide.mcu.externaltools.gnu-tools-for-stm32.11.3.rel1.win32_1.1.1.202309131626/tools/bin/../lib/gcc/arm-none-eabi/11.3.1/../../../../arm-none-eabi/lib/thumb/v7e-m+fp/hard\libc_nano.a(libc_a-msizer.o)
 .debug_frame   0x0000000000003af4       0x2c C:/ST/STM32CubeIDE_1.11.0/STM32CubeIDE/plugins/com.st.stm32cube.ide.mcu.externaltools.gnu-tools-for-stm32.11.3.rel1.win32_1.1.1.202309131626/tools/bin/../lib/gcc/arm-none-eabi/11.3.1/thumb/v7e-m+fp/hard\libgcc.a(_aeabi_uldivmod.o)
 .debug_frame   0x0000000000003b20       0x34 C:/ST/STM32CubeIDE_1.11.0/STM32CubeIDE/plugins/com.st.stm32cube.ide.mcu.externaltools.gnu-tools-for-stm32.11.3.rel1.win32_1.1.1.202309131626/tools/bin/../lib/gcc/arm-none-eabi/11.3.1/thumb/v7e-m+fp/hard\libgcc.a(_udivmoddi4.o)

.debug_line_str
                0x0000000000000000       0x87
 .debug_line_str
                0x0000000000000000       0x87 ./Core/Startup/startup_stm32f401ccux.o
                                         0x9f (size before relaxing)
