00:47:59 **** Incremental Build of configuration Debug for project dp_test ****
make -j8 all 
arm-none-eabi-gcc "../Core/Src/nrf_helper.c" -mcpu=cortex-m4 -std=gnu11 -g3 -DDEBUG -DUSE_HAL_DRIVER -DSTM32F401xC -c -I../Core/Inc -I../Drivers/STM32F4xx_HAL_Driver/Inc -I../Drivers/STM32F4xx_HAL_Driver/Inc/Legacy -I../Drivers/CMSIS/Device/ST/STM32F4xx/Include -I../Drivers/CMSIS/Include -O0 -ffunction-sections -fdata-sections -Wall -fstack-usage -fcyclomatic-complexity -MMD -MP -MF"Core/Src/nrf_helper.d" -MT"Core/Src/nrf_helper.o" --specs=nano.specs -mfpu=fpv4-sp-d16 -mfloat-abi=hard -mthumb -o "Core/Src/nrf_helper.o"
arm-none-eabi-gcc -o "dp_test.elf" @"objects.list"   -mcpu=cortex-m4 -T"C:\Users\sunil\Desktop\FL\FARAZ_SIR_UAE\DP SENSOR DESIGN\FARAZ_SIR_DP_SENSOR\dp_test\STM32F401CCUX_FLASH.ld" --specs=nosys.specs -Wl,-Map="dp_test.map" -Wl,--gc-sections -static --specs=nano.specs -mfpu=fpv4-sp-d16 -mfloat-abi=hard -mthumb -Wl,--start-group -lc -lm -Wl,--end-group
Finished building target: dp_test.elf
 
arm-none-eabi-size   dp_test.elf 
arm-none-eabi-objdump -h -S  dp_test.elf  > "dp_test.list"
   text	   data	    bss	    dec	    hex	filename
  22564	    136	   1992	  24692	   6074	dp_test.elf
Finished building: default.size.stdout
 
Finished building: dp_test.list
 
00:48:08 **** Incremental Build of configuration Debug for project dp_test ****
make -j8 all 
arm-none-eabi-size   dp_test.elf 
   text	   data	    bss	    dec	    hex	filename
  22564	    136	   1992	  24692	   6074	dp_test.elf
Finished building: default.size.stdout
 
00:48:22 **** Incremental Build of configuration Debug for project dp_test ****
make -j8 all 
arm-none-eabi-size   dp_test.elf 
   text	   data	    bss	    dec	    hex	filename
  22564	    136	   1992	  24692	   6074	dp_test.elf
Finished building: default.size.stdout
 
00:48:48 **** Incremental Build of configuration Debug for project dp_test ****
make -j8 all 
arm-none-eabi-size   dp_test.elf 
   text	   data	    bss	    dec	    hex	filename
  22564	    136	   1992	  24692	   6074	dp_test.elf
Finished building: default.size.stdout
 
00:49:06 **** Incremental Build of configuration Debug for project dp_test ****
make -j8 all 
arm-none-eabi-size   dp_test.elf 
   text	   data	    bss	    dec	    hex	filename
  22564	    136	   1992	  24692	   6074	dp_test.elf
Finished building: default.size.stdout
 
00:50:00 **** Incremental Build of configuration Debug for project dp_test ****
make -j8 all 
arm-none-eabi-size   dp_test.elf 
   text	   data	    bss	    dec	    hex	filename
  22564	    136	   1992	  24692	   6074	dp_test.elf
Finished building: default.size.stdout
 
00:50:32 **** Incremental Build of configuration Debug for project dp_test ****
make -j8 all 
arm-none-eabi-size   dp_test.elf 
   text	   data	    bss	    dec	    hex	filename
  22564	    136	   1992	  24692	   6074	dp_test.elf
Finished building: default.size.stdout
 
00:51:09 **** Incremental Build of configuration Debug for project dp_test ****
make -j8 all 
arm-none-eabi-size   dp_test.elf 
   text	   data	    bss	    dec	    hex	filename
  22564	    136	   1992	  24692	   6074	dp_test.elf
Finished building: default.size.stdout
 
00:53:02 **** Incremental Build of configuration Debug for project dp_test ****
make -j8 all 
arm-none-eabi-size   dp_test.elf 
   text	   data	    bss	    dec	    hex	filename
  22564	    136	   1992	  24692	   6074	dp_test.elf
Finished building: default.size.stdout
 
00:54:47 **** Incremental Build of configuration Debug for project dp_test ****
make -j8 all 
arm-none-eabi-size   dp_test.elf 
   text	   data	    bss	    dec	    hex	filename
  22564	    136	   1992	  24692	   6074	dp_test.elf
Finished building: default.size.stdout
 
00:55:53 **** Incremental Build of configuration Debug for project dp_test ****
make -j8 all 
arm-none-eabi-size   dp_test.elf 
   text	   data	    bss	    dec	    hex	filename
  22564	    136	   1992	  24692	   6074	dp_test.elf
Finished building: default.size.stdout
 
00:59:46 **** Incremental Build of configuration Debug for project dp_test ****
make -j8 all 
arm-none-eabi-gcc "../Core/Src/main.c" -mcpu=cortex-m4 -std=gnu11 -g3 -DDEBUG -DUSE_HAL_DRIVER -DSTM32F401xC -c -I../Core/Inc -I../Drivers/STM32F4xx_HAL_Driver/Inc -I../Drivers/STM32F4xx_HAL_Driver/Inc/Legacy -I../Drivers/CMSIS/Device/ST/STM32F4xx/Include -I../Drivers/CMSIS/Include -O0 -ffunction-sections -fdata-sections -Wall -fstack-usage -fcyclomatic-complexity -MMD -MP -MF"Core/Src/main.d" -MT"Core/Src/main.o" --specs=nano.specs -mfpu=fpv4-sp-d16 -mfloat-abi=hard -mthumb -o "Core/Src/main.o"
arm-none-eabi-gcc -o "dp_test.elf" @"objects.list"   -mcpu=cortex-m4 -T"C:\Users\sunil\Desktop\FL\FARAZ_SIR_UAE\DP SENSOR DESIGN\FARAZ_SIR_DP_SENSOR\dp_test\STM32F401CCUX_FLASH.ld" --specs=nosys.specs -Wl,-Map="dp_test.map" -Wl,--gc-sections -static --specs=nano.specs -mfpu=fpv4-sp-d16 -mfloat-abi=hard -mthumb -Wl,--start-group -lc -lm -Wl,--end-group
Finished building target: dp_test.elf
 
arm-none-eabi-size   dp_test.elf 
arm-none-eabi-objdump -h -S  dp_test.elf  > "dp_test.list"
   text	   data	    bss	    dec	    hex	filename
  22564	    136	   1992	  24692	   6074	dp_test.elf
Finished building: default.size.stdout
 
Finished building: dp_test.list
 
01:00:09 **** Incremental Build of configuration Debug for project dp_test ****
make -j8 all 
arm-none-eabi-size   dp_test.elf 
   text	   data	    bss	    dec	    hex	filename
  22564	    136	   1992	  24692	   6074	dp_test.elf
Finished building: default.size.stdout
 
01:05:10 **** Incremental Build of configuration Debug for project dp_test ****
make -j8 all 
arm-none-eabi-size   dp_test.elf 
   text	   data	    bss	    dec	    hex	filename
  22564	    136	   1992	  24692	   6074	dp_test.elf
Finished building: default.size.stdout
 
01:06:28 **** Incremental Build of configuration Debug for project dp_test ****
make -j8 all 
arm-none-eabi-size   dp_test.elf 
   text	   data	    bss	    dec	    hex	filename
  22564	    136	   1992	  24692	   6074	dp_test.elf
Finished building: default.size.stdout
 
01:12:53 **** Incremental Build of configuration Debug for project dp_test ****
make -j8 all 
arm-none-eabi-gcc "../Core/Src/utilities.c" -mcpu=cortex-m4 -std=gnu11 -g3 -DDEBUG -DUSE_HAL_DRIVER -DSTM32F401xC -c -I../Core/Inc -I../Drivers/STM32F4xx_HAL_Driver/Inc -I../Drivers/STM32F4xx_HAL_Driver/Inc/Legacy -I../Drivers/CMSIS/Device/ST/STM32F4xx/Include -I../Drivers/CMSIS/Include -O0 -ffunction-sections -fdata-sections -Wall -fstack-usage -fcyclomatic-complexity -MMD -MP -MF"Core/Src/utilities.d" -MT"Core/Src/utilities.o" --specs=nano.specs -mfpu=fpv4-sp-d16 -mfloat-abi=hard -mthumb -o "Core/Src/utilities.o"
arm-none-eabi-gcc -o "dp_test.elf" @"objects.list"   -mcpu=cortex-m4 -T"C:\Users\sunil\Desktop\FL\FARAZ_SIR_UAE\DP SENSOR DESIGN\FARAZ_SIR_DP_SENSOR\dp_test\STM32F401CCUX_FLASH.ld" --specs=nosys.specs -Wl,-Map="dp_test.map" -Wl,--gc-sections -static --specs=nano.specs -mfpu=fpv4-sp-d16 -mfloat-abi=hard -mthumb -Wl,--start-group -lc -lm -Wl,--end-group
Finished building target: dp_test.elf
 
arm-none-eabi-size   dp_test.elf 
arm-none-eabi-objdump -h -S  dp_test.elf  > "dp_test.list"
   text	   data	    bss	    dec	    hex	filename
  22520	    136	   1992	  24648	   6048	dp_test.elf
Finished building: default.size.stdout
 
Finished building: dp_test.list
 
